Archive member included to satisfy reference by file (symbol)

d:/llc/softwares/env-windows-v1.3.5/tools/gnu_gcc/arm_gcc/mingw/bin/../lib/gcc/arm-none-eabi/10.3.1/../../../../arm-none-eabi/lib/thumb/v8-m.main+fp/hard\libc.a(lib_a-atoi.o)
                              build\kernel\components\drivers\misc\pin.o (atoi)
d:/llc/softwares/env-windows-v1.3.5/tools/gnu_gcc/arm_gcc/mingw/bin/../lib/gcc/arm-none-eabi/10.3.1/../../../../arm-none-eabi/lib/thumb/v8-m.main+fp/hard\libc.a(lib_a-ctype_.o)
                              build\kernel\components\drivers\misc\pin.o (_ctype_)
d:/llc/softwares/env-windows-v1.3.5/tools/gnu_gcc/arm_gcc/mingw/bin/../lib/gcc/arm-none-eabi/10.3.1/../../../../arm-none-eabi/lib/thumb/v8-m.main+fp/hard\libc.a(lib_a-exit.o)
                              d:/llc/softwares/env-windows-v1.3.5/tools/gnu_gcc/arm_gcc/mingw/bin/../lib/gcc/arm-none-eabi/10.3.1/../../../../arm-none-eabi/lib/thumb/v8-m.main+fp/hard/crt0.o (exit)
d:/llc/softwares/env-windows-v1.3.5/tools/gnu_gcc/arm_gcc/mingw/bin/../lib/gcc/arm-none-eabi/10.3.1/../../../../arm-none-eabi/lib/thumb/v8-m.main+fp/hard\libc.a(lib_a-impure.o)
                              d:/llc/softwares/env-windows-v1.3.5/tools/gnu_gcc/arm_gcc/mingw/bin/../lib/gcc/arm-none-eabi/10.3.1/../../../../arm-none-eabi/lib/thumb/v8-m.main+fp/hard\libc.a(lib_a-exit.o) (_global_impure_ptr)
d:/llc/softwares/env-windows-v1.3.5/tools/gnu_gcc/arm_gcc/mingw/bin/../lib/gcc/arm-none-eabi/10.3.1/../../../../arm-none-eabi/lib/thumb/v8-m.main+fp/hard\libc.a(lib_a-malloc.o)
                              build\kernel\components\libc\compilers\common\cstring.o (malloc)
d:/llc/softwares/env-windows-v1.3.5/tools/gnu_gcc/arm_gcc/mingw/bin/../lib/gcc/arm-none-eabi/10.3.1/../../../../arm-none-eabi/lib/thumb/v8-m.main+fp/hard\libc.a(lib_a-memcmp.o)
                              build\kernel\components\finsh\shell.o (memcmp)
d:/llc/softwares/env-windows-v1.3.5/tools/gnu_gcc/arm_gcc/mingw/bin/../lib/gcc/arm-none-eabi/10.3.1/../../../../arm-none-eabi/lib/thumb/v8-m.main+fp/hard\libc.a(lib_a-memcpy.o)
                              ra\fsp\src\bsp\cmsis\Device\RENESAS\Source\system.o (memcpy)
d:/llc/softwares/env-windows-v1.3.5/tools/gnu_gcc/arm_gcc/mingw/bin/../lib/gcc/arm-none-eabi/10.3.1/../../../../arm-none-eabi/lib/thumb/v8-m.main+fp/hard\libc.a(lib_a-memset.o)
                              d:/llc/softwares/env-windows-v1.3.5/tools/gnu_gcc/arm_gcc/mingw/bin/../lib/gcc/arm-none-eabi/10.3.1/../../../../arm-none-eabi/lib/thumb/v8-m.main+fp/hard/crt0.o (memset)
d:/llc/softwares/env-windows-v1.3.5/tools/gnu_gcc/arm_gcc/mingw/bin/../lib/gcc/arm-none-eabi/10.3.1/../../../../arm-none-eabi/lib/thumb/v8-m.main+fp/hard\libc.a(lib_a-strchr.o)
                              build\kernel\components\libc\compilers\common\cstring.o (strchr)
d:/llc/softwares/env-windows-v1.3.5/tools/gnu_gcc/arm_gcc/mingw/bin/../lib/gcc/arm-none-eabi/10.3.1/../../../../arm-none-eabi/lib/thumb/v8-m.main+fp/hard\libc.a(lib_a-strcmp.o)
                              build\kernel\components\finsh\cmd.o (strcmp)
d:/llc/softwares/env-windows-v1.3.5/tools/gnu_gcc/arm_gcc/mingw/bin/../lib/gcc/arm-none-eabi/10.3.1/../../../../arm-none-eabi/lib/thumb/v8-m.main+fp/hard\libc.a(lib_a-strcpy.o)
                              build\kernel\components\finsh\shell.o (strcpy)
d:/llc/softwares/env-windows-v1.3.5/tools/gnu_gcc/arm_gcc/mingw/bin/../lib/gcc/arm-none-eabi/10.3.1/../../../../arm-none-eabi/lib/thumb/v8-m.main+fp/hard\libc.a(lib_a-strlen-stub.o)
                              build\kernel\components\finsh\msh.o (strlen)
d:/llc/softwares/env-windows-v1.3.5/tools/gnu_gcc/arm_gcc/mingw/bin/../lib/gcc/arm-none-eabi/10.3.1/../../../../arm-none-eabi/lib/thumb/v8-m.main+fp/hard\libc.a(lib_a-strncat.o)
                              build\kernel\components\drivers\misc\pin.o (strncat)
d:/llc/softwares/env-windows-v1.3.5/tools/gnu_gcc/arm_gcc/mingw/bin/../lib/gcc/arm-none-eabi/10.3.1/../../../../arm-none-eabi/lib/thumb/v8-m.main+fp/hard\libc.a(lib_a-strncmp.o)
                              build\kernel\components\finsh\msh.o (strncmp)
d:/llc/softwares/env-windows-v1.3.5/tools/gnu_gcc/arm_gcc/mingw/bin/../lib/gcc/arm-none-eabi/10.3.1/../../../../arm-none-eabi/lib/thumb/v8-m.main+fp/hard\libc.a(lib_a-strncpy.o)
                              build\kernel\components\finsh\shell.o (strncpy)
d:/llc/softwares/env-windows-v1.3.5/tools/gnu_gcc/arm_gcc/mingw/bin/../lib/gcc/arm-none-eabi/10.3.1/../../../../arm-none-eabi/lib/thumb/v8-m.main+fp/hard\libc.a(lib_a-strrchr.o)
                              build\kernel\components\libc\compilers\common\cstring.o (strrchr)
d:/llc/softwares/env-windows-v1.3.5/tools/gnu_gcc/arm_gcc/mingw/bin/../lib/gcc/arm-none-eabi/10.3.1/../../../../arm-none-eabi/lib/thumb/v8-m.main+fp/hard\libc.a(lib_a-strtol.o)
                              d:/llc/softwares/env-windows-v1.3.5/tools/gnu_gcc/arm_gcc/mingw/bin/../lib/gcc/arm-none-eabi/10.3.1/../../../../arm-none-eabi/lib/thumb/v8-m.main+fp/hard\libc.a(lib_a-atoi.o) (_strtol_r)
[...]
Memory Configuration

Name             Origin             Length             Attributes
FLASH            0x00000000         0x00100000         xr
RAM              0x20000000         0x00040000         xrw
DATA_FLASH       0x08000000         0x00002000         xr
QSPI_FLASH       0x60000000         0x04000000         xr
OSPI_DEVICE_0    0x68000000         0x08000000         xr
OSPI_DEVICE_1    0x70000000         0x10000000         xr
OSPI_DEVICE_0_RAM 0x68000000         0x08000000         xrw
OSPI_DEVICE_1_RAM 0x70000000         0x10000000         xrw
SDRAM            0x90000000         0x00000000         xrw
OPTION_SETTING   0x0100a100         0x00000100         r
OPTION_SETTING_S 0x0100a200         0x00000100         r
ID_CODE          0x00000000         0x00000000         xr
*default*        0x00000000         0xffffffff

Linker script and memory map

LOAD d:/llc/softwares/env-windows-v1.3.5/tools/gnu_gcc/arm_gcc/mingw/bin/../lib/gcc/arm-none-eabi/10.3.1/thumb/v8-m.main+fp/hard/crti.o
LOAD d:/llc/softwares/env-windows-v1.3.5/tools/gnu_gcc/arm_gcc/mingw/bin/../lib/gcc/arm-none-eabi/10.3.1/thumb/v8-m.main+fp/hard/crtbegin.o
LOAD d:/llc/softwares/env-windows-v1.3.5/tools/gnu_gcc/arm_gcc/mingw/bin/../lib/gcc/arm-none-eabi/10.3.1/../../../../arm-none-eabi/lib/thumb/v8-m.main+fp/hard/crt0.o
LOAD build\kernel\components\drivers\ipc\completion.o
LOAD build\kernel\components\drivers\ipc\dataqueue.o
LOAD build\kernel\components\drivers\ipc\pipe.o
LOAD build\kernel\components\drivers\ipc\ringblk_buf.o
LOAD build\kernel\components\drivers\ipc\ringbuffer.o
LOAD build\kernel\components\drivers\ipc\waitqueue.o
LOAD build\kernel\components\drivers\ipc\workqueue.o
LOAD build\kernel\components\drivers\misc\pin.o
LOAD build\kernel\components\drivers\serial\serial_v2.o
LOAD build\kernel\components\finsh\cmd.o
LOAD build\kernel\components\finsh\msh.o
LOAD build\kernel\components\finsh\msh_parse.o
LOAD build\kernel\components\finsh\shell.o
LOAD build\kernel\components\libc\compilers\common\cctype.o
LOAD build\kernel\components\libc\compilers\common\cstdio.o
LOAD build\kernel\components\libc\compilers\common\cstdlib.o
LOAD build\kernel\components\libc\compilers\common\cstring.o
LOAD build\kernel\components\libc\compilers\common\ctime.o
LOAD build\kernel\components\libc\compilers\common\cwchar.o
LOAD build\kernel\components\libc\compilers\newlib\syscalls.o
LOAD build\kernel\libcpu\arm\common\div0.o
LOAD build\kernel\libcpu\arm\common\showmem.o
LOAD build\kernel\libcpu\arm\cortex-m4\context_gcc.o
LOAD build\kernel\libcpu\arm\cortex-m4\cpuport.o
LOAD build\kernel\src\clock.o
LOAD build\kernel\src\components.o
LOAD build\kernel\src\device.o
LOAD build\kernel\src\idle.o
LOAD build\kernel\src\ipc.o
LOAD build\kernel\src\irq.o
LOAD build\kernel\src\kservice.o
LOAD build\kernel\src\mem.o
LOAD build\kernel\src\object.o
LOAD build\kernel\src\scheduler.o
LOAD build\kernel\src\thread.o
LOAD build\kernel\src\timer.o
LOAD libraries\HAL_Drivers\drv_common.o
LOAD libraries\HAL_Drivers\drv_gpio.o
LOAD libraries\HAL_Drivers\drv_usart_v2.o
LOAD ra\fsp\src\bsp\cmsis\Device\RENESAS\Source\startup.o
LOAD ra\fsp\src\bsp\cmsis\Device\RENESAS\Source\system.o
LOAD ra\fsp\src\bsp\mcu\all\bsp_clocks.o
LOAD ra\fsp\src\bsp\mcu\all\bsp_common.o
LOAD ra\fsp\src\bsp\mcu\all\bsp_delay.o
LOAD ra\fsp\src\bsp\mcu\all\bsp_group_irq.o
LOAD ra\fsp\src\bsp\mcu\all\bsp_guard.o
LOAD ra\fsp\src\bsp\mcu\all\bsp_io.o
LOAD ra\fsp\src\bsp\mcu\all\bsp_irq.o
LOAD ra\fsp\src\bsp\mcu\all\bsp_register_protection.o
LOAD ra\fsp\src\bsp\mcu\all\bsp_rom_registers.o
LOAD ra\fsp\src\bsp\mcu\all\bsp_sbrk.o
LOAD ra\fsp\src\bsp\mcu\all\bsp_security.o
LOAD ra\fsp\src\r_icu\r_icu.o
LOAD ra\fsp\src\r_ioport\r_ioport.o
LOAD ra\fsp\src\r_sci_uart\r_sci_uart.o
LOAD build\ra_gen\common_data.o
LOAD build\ra_gen\hal_data.o
LOAD build\ra_gen\main.o
LOAD build\ra_gen\pin_data.o
LOAD build\ra_gen\vector_data.o
LOAD build\src\hal_entry.o
LOAD d:/llc/softwares/env-windows-v1.3.5/tools/gnu_gcc/arm_gcc/mingw/bin/../lib/gcc/arm-none-eabi/10.3.1/../../../../arm-none-eabi/lib/thumb/v8-m.main+fp/hard\libc.a
LOAD d:/llc/softwares/env-windows-v1.3.5/tools/gnu_gcc/arm_gcc/mingw/bin/../lib/gcc/arm-none-eabi/10.3.1/../../../../arm-none-eabi/lib/thumb/v8-m.main+fp/hard\libm.a
START GROUP
LOAD d:/llc/softwares/env-windows-v1.3.5/tools/gnu_gcc/arm_gcc/mingw/bin/../lib/gcc/arm-none-eabi/10.3.1/thumb/v8-m.main+fp/hard\libgcc.a
LOAD d:/llc/softwares/env-windows-v1.3.5/tools/gnu_gcc/arm_gcc/mingw/bin/../lib/gcc/arm-none-eabi/10.3.1/../../../../arm-none-eabi/lib/thumb/v8-m.main+fp/hard\libc.a
END GROUP
LOAD d:/llc/softwares/env-windows-v1.3.5/tools/gnu_gcc/arm_gcc/mingw/bin/../lib/gcc/arm-none-eabi/10.3.1/thumb/v8-m.main+fp/hard/crtend.o
LOAD d:/llc/softwares/env-windows-v1.3.5/tools/gnu_gcc/arm_gcc/mingw/bin/../lib/gcc/arm-none-eabi/10.3.1/thumb/v8-m.main+fp/hard/crtn.o
                0x20000000                RAM_START = 0x20000000
                0x00040000                RAM_LENGTH = 0x40000
                0x00000000                FLASH_START = 0x0
                0x00100000                FLASH_LENGTH = 0x100000
                0x08000000                DATA_FLASH_START = 0x8000000
                0x00002000                DATA_FLASH_LENGTH = 0x2000
                0x0100a100                OPTION_SETTING_START = 0x100a100
                0x00000100                OPTION_SETTING_LENGTH = 0x100
                0x0100a200                OPTION_SETTING_S_START = 0x100a200
                0x00000100                OPTION_SETTING_S_LENGTH = 0x100
                0x00000000                ID_CODE_START = 0x0
                0x00000000                ID_CODE_LENGTH = 0x0
                0x90000000                SDRAM_START = 0x90000000
                0x00000000                SDRAM_LENGTH = 0x0
                0x60000000                QSPI_FLASH_START = 0x60000000
                0x04000000                QSPI_FLASH_LENGTH = 0x4000000
                0x68000000                OSPI_DEVICE_0_START = 0x68000000
                0x08000000                OSPI_DEVICE_0_LENGTH = 0x8000000
                0x70000000                OSPI_DEVICE_1_START = 0x70000000
                0x10000000                OSPI_DEVICE_1_LENGTH = 0x10000000
                0x04000000                QSPI_FLASH_PRV_LENGTH = DEFINED (QSPI_FLASH_SIZE)?ABSOLUTE (QSPI_FLASH_SIZE):ABSOLUTE (QSPI_FLASH_LENGTH)
                0x08000000                OSPI_DEVICE_0_PRV_LENGTH = DEFINED (OSPI_DEVICE_0_SIZE)?ABSOLUTE (OSPI_DEVICE_0_SIZE):ABSOLUTE (OSPI_DEVICE_0_LENGTH)
                0x10000000                OSPI_DEVICE_1_PRV_LENGTH = DEFINED (OSPI_DEVICE_1_SIZE)?ABSOLUTE (OSPI_DEVICE_1_SIZE):ABSOLUTE (OSPI_DEVICE_1_LENGTH)
                0x00000000                __RESERVE_NS_RAM = ((! (DEFINED (PROJECT_NONSECURE)) && DEFINED (RAM_NS_BUFFER_LENGTH)) && (OPTION_SETTING_S_LENGTH != 0x0))
                0x00000000                RAM_NS_BUFFER_BLOCK_LENGTH = DEFINED (RAM_NS_BUFFER_LENGTH)?ALIGN (RAM_NS_BUFFER_LENGTH, 0x2000):0x0
                0x00000000                RAM_NS_BUFFER_LENGTH = DEFINED (RAM_NS_BUFFER_LENGTH)?RAM_NS_BUFFER_LENGTH:0x0
                0x20040000                RAM_NS_BUFFER_START = ((RAM_START + RAM_LENGTH) - RAM_NS_BUFFER_LENGTH)
                0x20040000                RAM_NS_BUFFER_BLOCK_START = ((RAM_START + RAM_LENGTH) - RAM_NS_BUFFER_BLOCK_LENGTH)
                0x0100a180                OPTION_SETTING_START_NS = 0x100a180
                0x00000001                __bl_FSP_BOOTABLE_IMAGE = 0x1
                0x00000001                __bln_FSP_BOOTABLE_IMAGE = 0x1
                0x00000001                PROJECT_SECURE_OR_FLAT = ((! (DEFINED (PROJECT_NONSECURE)) && OPTION_SETTING_LENGTH) && ! (DEFINED (FSP_BOOTABLE_IMAGE)))
                0x00000000                USE_OPTION_SETTING_NS = (DEFINED (PROJECT_NONSECURE) && ! (DEFINED (FSP_BOOTABLE_IMAGE)))
                0x00000000                __bl_FLASH_IMAGE_START = ! (DEFINED (FLASH_BOOTLOADER_LENGTH))?0x0:(FLASH_APPLICATION_IMAGE_NUMBER == 0x1)?(FLASH_BOOTLOADER_LENGTH + FLASH_BOOTLOADER_HEADER_LENGTH):(((FLASH_BOOTLOADER_LENGTH + FLASH_BOOTLOADER_SCRATCH_LENGTH) + FLASH_APPLICATION_S_LENGTH) + FLASH_BOOTLOADER_HEADER_LENGTH)
                0x00000000                __bl_FLASH_IMAGE_LENGTH = ! (DEFINED (FLASH_BOOTLOADER_LENGTH))?0x0:(FLASH_APPLICATION_S_LENGTH - FLASH_BOOTLOADER_HEADER_LENGTH)
                0x00000000                __bl_FLASH_IMAGE_END = (__bl_FLASH_IMAGE_START + __bl_FLASH_IMAGE_LENGTH)
                0x00000000                __bl_FLASH_NS_START = ! (DEFINED (FLASH_BOOTLOADER_LENGTH))?0x0:(FLASH_APPLICATION_NS_LENGTH == 0x0)?__bl_FLASH_IMAGE_END:((__bl_FLASH_IMAGE_START - FLASH_BOOTLOADER_HEADER_LENGTH) + FLASH_APPLICATION_S_LENGTH)
                0x00000000                __bl_FLASH_NSC_START = ! (DEFINED (FLASH_BOOTLOADER_LENGTH))?0x0:(FLASH_APPLICATION_NS_LENGTH == 0x0)?__bl_FLASH_IMAGE_END:(__bl_FLASH_NS_START - FLASH_APPLICATION_NSC_LENGTH)
                0x00000000                __bl_RAM_NS_START = ! (DEFINED (FLASH_BOOTLOADER_LENGTH))?0x0:(FLASH_APPLICATION_NS_LENGTH == 0x0)?(RAM_START + RAM_LENGTH):((RAM_START + RAM_LENGTH) - RAM_APPLICATION_NS_LENGTH)
                0x00000000                __bl_RAM_NSC_START = ! (DEFINED (FLASH_BOOTLOADER_LENGTH))?0x0:(FLASH_APPLICATION_NS_LENGTH == 0x0)?(RAM_START + RAM_LENGTH):(__bl_RAM_NS_START - RAM_APPLICATION_NSC_LENGTH)
                0x00000000                __bl_FLASH_NS_IMAGE_START = ! (DEFINED (FLASH_BOOTLOADER_LENGTH))?0x0:(FLASH_APPLICATION_NS_LENGTH == 0x0)?__bl_FLASH_IMAGE_END:(__bl_FLASH_NS_START + FLASH_BOOTLOADER_HEADER_LENGTH_2)
                0x00000000                __bln_FLASH_IMAGE_START = __bl_FLASH_NS_IMAGE_START
                0x00000000                __bln_FLASH_IMAGE_LENGTH = ! (DEFINED (FLASH_BOOTLOADER_LENGTH))?0x0:(FLASH_APPLICATION_NS_LENGTH == 0x0)?__bl_FLASH_IMAGE_END:(FLASH_APPLICATION_NS_LENGTH - FLASH_BOOTLOADER_HEADER_LENGTH_2)
                0x00000000                FLASH_ORIGIN = DEFINED (FLASH_IMAGE_START)?FLASH_IMAGE_START:FLASH_START
                0x00100000                LIMITED_FLASH_LENGTH = DEFINED (FLASH_IMAGE_LENGTH)?FLASH_IMAGE_LENGTH:DEFINED (FLASH_BOOTLOADER_LENGTH)?FLASH_BOOTLOADER_LENGTH:FLASH_LENGTH
START GROUP
LOAD d:/llc/softwares/env-windows-v1.3.5/tools/gnu_gcc/arm_gcc/mingw/bin/../lib/gcc/arm-none-eabi/10.3.1/thumb/v8-m.main+fp/hard\libgcc.a
LOAD d:/llc/softwares/env-windows-v1.3.5/tools/gnu_gcc/arm_gcc/mingw/bin/../lib/gcc/arm-none-eabi/10.3.1/../../../../arm-none-eabi/lib/thumb/v8-m.main+fp/hard\libc.a
LOAD d:/llc/softwares/env-windows-v1.3.5/tools/gnu_gcc/arm_gcc/mingw/bin/../lib/gcc/arm-none-eabi/10.3.1/../../../../arm-none-eabi/lib/thumb/v8-m.main+fp/hard\libm.a
LOAD d:/llc/softwares/env-windows-v1.3.5/tools/gnu_gcc/arm_gcc/mingw/bin/../lib/gcc/arm-none-eabi/10.3.1/../../../../arm-none-eabi/lib/thumb/v8-m.main+fp/hard\libnosys.a
END GROUP

.text           0x00000000     0xeeb8
                0x00000000                __tz_FLASH_S = ABSOLUTE (FLASH_START)
                0x00000000                __ROM_Start = .
 *(.fixed_vectors*)
 .fixed_vectors
                0x00000000       0x40 ra\fsp\src\bsp\cmsis\Device\RENESAS\Source\startup.o
                0x00000000                __Vectors
 *(.application_vectors*)
 .application_vectors
                0x00000040      0x180 build\ra_gen\vector_data.o
                0x00000040                g_vector_table
                0x000001c0                __Vectors_End = .
                0x000001c0                . = (OPTION_SETTING_LENGTH > 0x0)?.:(__ROM_Start + 0x400)
 *(.rom_registers*)
                0x000001c0                . = (OPTION_SETTING_LENGTH > 0x0)?.:(__ROM_Start + 0x500)
                0x00000200                . = ALIGN (0x80)
 *fill*         0x000001c0       0x40 ff
 *(.mcuboot_sce9_key*)
 *(.text*)
 .text          0x00000200       0x40 d:/llc/softwares/env-windows-v1.3.5/tools/gnu_gcc/arm_gcc/mingw/bin/../lib/gcc/arm-none-eabi/10.3.1/thumb/v8-m.main+fp/hard/crtbegin.o
 .text.rt_list_init
                0x00000240       0x22 build\kernel\components\drivers\ipc\completion.o
 .text.rt_list_insert_before
                0x00000262       0x32 build\kernel\components\drivers\ipc\completion.o
 .text.rt_list_isempty
                0x00000294       0x24 build\kernel\components\drivers\ipc\completion.o
 .text.rt_completion_init
                0x000002b8       0x44 build\kernel\components\drivers\ipc\completion.o
                0x000002b8                rt_completion_init
 .text.rt_completion_wait
                0x000002fc      0x184 build\kernel\components\drivers\ipc\completion.o
                0x000002fc                rt_completion_wait
 .text.rt_completion_done
                0x00000480       0x70 build\kernel\components\drivers\ipc\completion.o
                0x00000480                rt_completion_done
 .text.rt_ringbuffer_status
                0x000004f0       0x4a build\kernel\components\drivers\ipc\ringbuffer.o
 *fill*         0x0000053a        0x2 ff
 .text.rt_ringbuffer_init
                0x0000053c       0x94 build\kernel\components\drivers\ipc\ringbuffer.o
                0x0000053c                rt_ringbuffer_init
 .text.rt_ringbuffer_put
                0x000005d0      0x13c build\kernel\components\drivers\ipc\ringbuffer.o
                0x000005d0                rt_ringbuffer_put
 .text.rt_ringbuffer_get
                0x0000070c      0x130 build\kernel\components\drivers\ipc\ringbuffer.o
                0x0000070c                rt_ringbuffer_get
 .text.rt_ringbuffer_putchar
                0x0000083c       0xb0 build\kernel\components\drivers\ipc\ringbuffer.o
                0x0000083c                rt_ringbuffer_putchar
 .text.rt_ringbuffer_data_len
                0x000008ec       0x5e build\kernel\components\drivers\ipc\ringbuffer.o
                0x000008ec                rt_ringbuffer_data_len
 *fill*         0x0000094a        0x2 ff
 .text._pin_read
                0x0000094c       0x60 build\kernel\components\drivers\misc\pin.o
 .text._pin_write
                0x000009ac       0x5c build\kernel\components\drivers\misc\pin.o
 .text._pin_control
                0x00000a08       0x58 build\kernel\components\drivers\misc\pin.o
 .text.rt_device_pin_register
                0x00000a60       0x74 build\kernel\components\drivers\misc\pin.o
                0x00000a60                rt_device_pin_register
 .text.rt_pin_attach_irq
                0x00000ad4       0x5c build\kernel\components\drivers\misc\pin.o
                0x00000ad4                rt_pin_attach_irq
 .text.rt_pin_irq_enable
                0x00000b30       0x50 build\kernel\components\drivers\misc\pin.o
                0x00000b30                rt_pin_irq_enable
 .text.rt_pin_mode
                0x00000b80       0x40 build\kernel\components\drivers\misc\pin.o
                0x00000b80                rt_pin_mode
 .text.rt_pin_write
                0x00000bc0       0x40 build\kernel\components\drivers\misc\pin.o
                0x00000bc0                rt_pin_write
 .text.rt_pin_read
                0x00000c00       0x3c build\kernel\components\drivers\misc\pin.o
                0x00000c00                rt_pin_read
 .text.rt_pin_get
                0x00000c3c       0x60 build\kernel\components\drivers\misc\pin.o
                0x00000c3c                rt_pin_get
 .text._pin_cmd_conv
                0x00000c9c       0xac build\kernel\components\drivers\misc\pin.o
 .text._pin_cmd_print_usage
                0x00000d48       0x58 build\kernel\components\drivers\misc\pin.o
 .text._pin_cmd_get
                0x00000da0       0x5c build\kernel\components\drivers\misc\pin.o
 .text._pin_cmd_mode
                0x00000dfc      0x10c build\kernel\components\drivers\misc\pin.o
 .text._pin_cmd_read
                0x00000f08       0x90 build\kernel\components\drivers\misc\pin.o
 .text._pin_cmd_write
                0x00000f98       0xe4 build\kernel\components\drivers\misc\pin.o
 .text._pin_cmd
                0x0000107c       0xac build\kernel\components\drivers\misc\pin.o
 .text.rt_serial_get_linear_buffer
                0x00001128       0x7c build\kernel\components\drivers\serial\serial_v2.o
 .text.rt_serial_update_read_index
                0x000011a4       0xbc build\kernel\components\drivers\serial\serial_v2.o
 .text.rt_serial_update_write_index
                0x00001260       0xe8 build\kernel\components\drivers\serial\serial_v2.o
 .text._serial_poll_rx
                0x00001348       0xa4 build\kernel\components\drivers\serial\serial_v2.o
                0x00001348                _serial_poll_rx
 .text._serial_poll_tx
                0x000013ec       0x9c build\kernel\components\drivers\serial\serial_v2.o
                0x000013ec                _serial_poll_tx
 .text._serial_fifo_rx
                0x00001488       0xf4 build\kernel\components\drivers\serial\serial_v2.o
 .text._serial_fifo_tx_blocking_nbuf
                0x0000157c       0xd4 build\kernel\components\drivers\serial\serial_v2.o
 .text._serial_fifo_tx_blocking_buf
                0x00001650      0x114 build\kernel\components\drivers\serial\serial_v2.o
 .text._serial_fifo_tx_nonblocking
                0x00001764       0xd0 build\kernel\components\drivers\serial\serial_v2.o
 .text.rt_serial_tx_enable
                0x00001834      0x1f0 build\kernel\components\drivers\serial\serial_v2.o
 .text.rt_serial_rx_enable
                0x00001a24      0x158 build\kernel\components\drivers\serial\serial_v2.o
 .text.rt_serial_rx_disable
                0x00001b7c       0xb4 build\kernel\components\drivers\serial\serial_v2.o
 .text.rt_serial_tx_disable
                0x00001c30       0xcc build\kernel\components\drivers\serial\serial_v2.o
 .text.rt_serial_init
                0x00001cfc       0x78 build\kernel\components\drivers\serial\serial_v2.o
 .text.rt_serial_open
                0x00001d74       0xf4 build\kernel\components\drivers\serial\serial_v2.o
 .text.rt_serial_close
                0x00001e68       0x90 build\kernel\components\drivers\serial\serial_v2.o
 .text.rt_serial_control
                0x00001ef8      0x124 build\kernel\components\drivers\serial\serial_v2.o
 .text.rt_hw_serial_register
                0x0000201c       0x94 build\kernel\components\drivers\serial\serial_v2.o
                0x0000201c                rt_hw_serial_register
 .text.rt_hw_serial_isr
                0x000020b0      0x234 build\kernel\components\drivers\serial\serial_v2.o
                0x000020b0                rt_hw_serial_isr
 .text.rt_list_isempty
                0x000022e4       0x24 build\kernel\components\finsh\cmd.o
 .text.rt_list_len
                0x00002308       0x36 build\kernel\components\finsh\cmd.o
 *fill*         0x0000233e        0x2 ff
 .text.clear    0x00002340       0x14 build\kernel\components\finsh\cmd.o
 .text.version  0x00002354        0xe build\kernel\components\finsh\cmd.o
                0x00002354                version
 *fill*         0x00002362        0x2 ff
 .text.object_split
                0x00002364       0x28 build\kernel\components\finsh\cmd.o
 .text.list_find_init
                0x0000238c       0x46 build\kernel\components\finsh\cmd.o
 .text.list_get_next
                0x000023d2       0xc0 build\kernel\components\finsh\cmd.o
 *fill*         0x00002492        0x2 ff
 .text.list_thread
                0x00002494      0x218 build\kernel\components\finsh\cmd.o
                0x00002494                list_thread
 .text.show_wait_queue
                0x000026ac       0x54 build\kernel\components\finsh\cmd.o
 .text.list_sem
                0x00002700      0x124 build\kernel\components\finsh\cmd.o
                0x00002700                list_sem
 .text.list_event
                0x00002824      0x114 build\kernel\components\finsh\cmd.o
                0x00002824                list_event
 .text.list_mutex
                0x00002938      0x158 build\kernel\components\finsh\cmd.o
                0x00002938                list_mutex
 .text.list_mailbox
                0x00002a90      0x134 build\kernel\components\finsh\cmd.o
                0x00002a90                list_mailbox
 .text.list_msgqueue
                0x00002bc4      0x124 build\kernel\components\finsh\cmd.o
                0x00002bc4                list_msgqueue
 .text.list_timer
                0x00002ce8      0x124 build\kernel\components\finsh\cmd.o
                0x00002ce8                list_timer
 .text.list_device
                0x00002e0c       0xfc build\kernel\components\finsh\cmd.o
                0x00002e0c                list_device
 .text.cmd_list
                0x00002f08      0x188 build\kernel\components\finsh\cmd.o
                0x00002f08                cmd_list
 .text.msh_help
                0x00003090       0x5c build\kernel\components\finsh\msh.o
                0x00003090                msh_help
 .text.cmd_ps   0x000030ec       0x18 build\kernel\components\finsh\msh.o
                0x000030ec                cmd_ps
 .text.cmd_free
                0x00003104       0x70 build\kernel\components\finsh\msh.o
                0x00003104                cmd_free
 .text.msh_split
                0x00003174      0x170 build\kernel\components\finsh\msh.o
 .text.msh_get_cmd
                0x000032e4       0x64 build\kernel\components\finsh\msh.o
 .text._msh_exec_cmd
                0x00003348       0xd4 build\kernel\components\finsh\msh.o
 .text.msh_exec
                0x0000341c       0x8c build\kernel\components\finsh\msh.o
                0x0000341c                msh_exec
 .text.str_common
                0x000034a8       0x4a build\kernel\components\finsh\msh.o
 *fill*         0x000034f2        0x2 ff
 .text.msh_auto_complete
                0x000034f4       0xb0 build\kernel\components\finsh\msh.o
                0x000034f4                msh_auto_complete
 .text.msh_isint
                0x000035a4       0x6c build\kernel\components\finsh\msh_parse.o
                0x000035a4                msh_isint
 .text.finsh_get_prompt
                0x00003610       0x78 build\kernel\components\finsh\shell.o
                0x00003610                finsh_get_prompt
 .text.finsh_set_prompt_mode
                0x00003688       0x48 build\kernel\components\finsh\shell.o
                0x00003688                finsh_set_prompt_mode
 .text.finsh_getchar
                0x000036d0       0x90 build\kernel\components\finsh\shell.o
                0x000036d0                finsh_getchar
 .text.finsh_rx_ind
                0x00003760       0x3c build\kernel\components\finsh\shell.o
 .text.finsh_set_device
                0x0000379c       0xd8 build\kernel\components\finsh\shell.o
                0x0000379c                finsh_set_device
 .text.shell_auto_complete
                0x00003874       0x34 build\kernel\components\finsh\shell.o
 .text.shell_handle_history
                0x000038a8       0x34 build\kernel\components\finsh\shell.o
 .text.shell_push_history
                0x000038dc      0x15e build\kernel\components\finsh\shell.o
 *fill*         0x00003a3a        0x2 ff
 .text.finsh_thread_entry
                0x00003a3c      0x5cc build\kernel\components\finsh\shell.o
                0x00003a3c                finsh_thread_entry
 .text.finsh_system_function_init
                0x00004008       0x2c build\kernel\components\finsh\shell.o
                0x00004008                finsh_system_function_init
 .text.finsh_system_init
                0x00004034       0x9c build\kernel\components\finsh\shell.o
                0x00004034                finsh_system_init
 .text.__errno  0x000040d0        0xe build\kernel\components\libc\compilers\newlib\syscalls.o
                0x000040d0                __errno
 *fill*         0x000040de        0x2 ff
 .text          0x000040e0      0x144 build\kernel\libcpu\arm\cortex-m4\context_gcc.o
                0x000040e0                rt_hw_interrupt_disable
                0x000040e8                rt_hw_interrupt_enable
                0x000040ee                rt_hw_context_switch_interrupt
                0x000040ee                rt_hw_context_switch
                0x0000410e                PendSV_Handler
                0x0000417a                rt_hw_context_switch_to
                0x000041c8                rt_hw_interrupt_thread_switch
                0x000041cc                HardFault_Handler
 .text.rt_hw_stack_init
                0x00004224       0x90 build\kernel\libcpu\arm\cortex-m4\cpuport.o
                0x00004224                rt_hw_stack_init
 .text.usage_fault_track
                0x000042b4       0xc4 build\kernel\libcpu\arm\cortex-m4\cpuport.o
 .text.bus_fault_track
                0x00004378       0xcc build\kernel\libcpu\arm\cortex-m4\cpuport.o
 .text.mem_manage_fault_track
                0x00004444       0xb4 build\kernel\libcpu\arm\cortex-m4\cpuport.o
 .text.hard_fault_track
                0x000044f8       0x78 build\kernel\libcpu\arm\cortex-m4\cpuport.o
 .text.rt_hw_hard_fault_exception
                0x00004570      0x184 build\kernel\libcpu\arm\cortex-m4\cpuport.o
                0x00004570                rt_hw_hard_fault_exception
 .text.__rt_ffs
                0x000046f4       0x2a build\kernel\libcpu\arm\cortex-m4\cpuport.o
                0x000046f4                __rt_ffs
 *fill*         0x0000471e        0x2 ff
 .text.rt_tick_get
                0x00004720       0x18 build\kernel\src\clock.o
                0x00004720                rt_tick_get
 .text.rt_tick_increase
                0x00004738       0x7c build\kernel\src\clock.o
                0x00004738                rt_tick_increase
 .text.rt_tick_from_millisecond
                0x000047b4       0x78 build\kernel\src\clock.o
                0x000047b4                rt_tick_from_millisecond
 .text.rti_start
                0x0000482c       0x10 build\kernel\src\components.o
 .text.rti_board_start
                0x0000483c       0x10 build\kernel\src\components.o
 .text.rti_board_end
                0x0000484c       0x10 build\kernel\src\components.o
 .text.rti_end  0x0000485c       0x10 build\kernel\src\components.o
 .text.rt_components_board_init
                0x0000486c       0x34 build\kernel\src\components.o
                0x0000486c                rt_components_board_init
 .text.rt_components_init
                0x000048a0       0x34 build\kernel\src\components.o
                0x000048a0                rt_components_init
 .text.entry    0x000048d4        0xe build\kernel\src\components.o
                0x000048d4                entry
 .text.main_thread_entry
                0x000048e2       0x18 build\kernel\src\components.o
                0x000048e2                main_thread_entry
 *fill*         0x000048fa        0x2 ff
 .text.rt_application_init
                0x000048fc       0x4c build\kernel\src\components.o
                0x000048fc                rt_application_init
 .text.rtthread_startup
                0x00004948       0x2e build\kernel\src\components.o
                0x00004948                rtthread_startup
 .text.rt_device_register
                0x00004976       0x54 build\kernel\src\device.o
                0x00004976                rt_device_register
 .text.rt_device_find
                0x000049ca       0x1a build\kernel\src\device.o
                0x000049ca                rt_device_find
 .text.rt_device_open
                0x000049e4      0x118 build\kernel\src\device.o
                0x000049e4                rt_device_open
 .text.rt_device_close
                0x00004afc       0x9c build\kernel\src\device.o
                0x00004afc                rt_device_close
 .text.rt_device_read
                0x00004b98       0x88 build\kernel\src\device.o
                0x00004b98                rt_device_read
 .text.rt_device_write
                0x00004c20       0x88 build\kernel\src\device.o
                0x00004c20                rt_device_write
 .text.rt_device_set_rx_indicate
                0x00004ca8       0x54 build\kernel\src\device.o
                0x00004ca8                rt_device_set_rx_indicate
 .text.rt_list_insert_after
                0x00004cfc       0x32 build\kernel\src\idle.o
 .text.rt_list_remove
                0x00004d2e       0x36 build\kernel\src\idle.o
 .text.rt_thread_defunct_enqueue
                0x00004d64       0x20 build\kernel\src\idle.o
                0x00004d64                rt_thread_defunct_enqueue
 .text.rt_thread_defunct_dequeue
                0x00004d84       0x44 build\kernel\src\idle.o
                0x00004d84                rt_thread_defunct_dequeue
 .text.rt_defunct_execute
                0x00004dc8       0x5c build\kernel\src\idle.o
 .text.idle_thread_entry
                0x00004e24       0x38 build\kernel\src\idle.o
 .text.rt_thread_idle_init
                0x00004e5c       0x80 build\kernel\src\idle.o
                0x00004e5c                rt_thread_idle_init
 .text.rt_list_init
                0x00004edc       0x22 build\kernel\src\ipc.o
 .text.rt_list_insert_after
                0x00004efe       0x32 build\kernel\src\ipc.o
 .text.rt_list_insert_before
                0x00004f30       0x32 build\kernel\src\ipc.o
 .text.rt_list_remove
                0x00004f62       0x36 build\kernel\src\ipc.o
 .text.rt_list_isempty
                0x00004f98       0x24 build\kernel\src\ipc.o
 .text._ipc_object_init
                0x00004fbc       0x1c build\kernel\src\ipc.o
 .text._ipc_list_suspend
                0x00004fd8       0xb4 build\kernel\src\ipc.o
 .text._ipc_list_resume
                0x0000508c       0x26 build\kernel\src\ipc.o
 *fill*         0x000050b2        0x2 ff
 .text.rt_sem_init
                0x000050b4       0x88 build\kernel\src\ipc.o
                0x000050b4                rt_sem_init
 .text._rt_sem_take
                0x0000513c      0x1a8 build\kernel\src\ipc.o
 .text.rt_sem_take
                0x000052e4       0x1e build\kernel\src\ipc.o
                0x000052e4                rt_sem_take
 *fill*         0x00005302        0x2 ff
 .text.rt_sem_release
                0x00005304       0xc0 build\kernel\src\ipc.o
                0x00005304                rt_sem_release
 .text._mutex_update_priority
                0x000053c4       0x3e build\kernel\src\ipc.o
 .text._thread_get_mutex_priority
                0x00005402       0x54 build\kernel\src\ipc.o
 .text._thread_update_priority
                0x00005456       0xa4 build\kernel\src\ipc.o
 *fill*         0x000054fa        0x2 ff
 .text.rt_mutex_init
                0x000054fc       0x70 build\kernel\src\ipc.o
                0x000054fc                rt_mutex_init
 .text.rt_mutex_drop_thread
                0x0000556c       0x90 build\kernel\src\ipc.o
                0x0000556c                rt_mutex_drop_thread
 .text._rt_mutex_take
                0x000055fc      0x2dc build\kernel\src\ipc.o
 .text.rt_mutex_take
                0x000058d8       0x1e build\kernel\src\ipc.o
                0x000058d8                rt_mutex_take
 *fill*         0x000058f6        0x2 ff
 .text.rt_mutex_release
                0x000058f8      0x1dc build\kernel\src\ipc.o
                0x000058f8                rt_mutex_release
 .text.rt_interrupt_enter
                0x00005ad4       0x40 build\kernel\src\irq.o
                0x00005ad4                rt_interrupt_enter
 .text.rt_interrupt_leave
                0x00005b14       0x40 build\kernel\src\irq.o
                0x00005b14                rt_interrupt_leave
 .text.rt_interrupt_get_nest
                0x00005b54       0x28 build\kernel\src\irq.o
                0x00005b54                rt_interrupt_get_nest
 .text.rt_strerror
                0x00005b7c       0x38 build\kernel\src\kservice.o
                0x00005b7c                rt_strerror
 .text.rt_set_errno
                0x00005bb4       0x44 build\kernel\src\kservice.o
                0x00005bb4                rt_set_errno
 .text._rt_errno
                0x00005bf8       0x38 build\kernel\src\kservice.o
                0x00005bf8                _rt_errno
 .text.rt_memset
                0x00005c30       0xc8 build\kernel\src\kservice.o
                0x00005c30                rt_memset
 .text.rt_memcpy
                0x00005cf8       0xda build\kernel\src\kservice.o
                0x00005cf8                rt_memcpy
 .text.rt_memmove
                0x00005dd2       0x82 build\kernel\src\kservice.o
                0x00005dd2                rt_memmove
 .text.rt_strncpy
                0x00005e54       0x64 build\kernel\src\kservice.o
                0x00005e54                rt_strncpy
 .text.rt_strncmp
                0x00005eb8       0x54 build\kernel\src\kservice.o
                0x00005eb8                rt_strncmp
 .text.rt_strcmp
                0x00005f0c       0x44 build\kernel\src\kservice.o
                0x00005f0c                rt_strcmp
 .text.rt_strlen
                0x00005f50       0x32 build\kernel\src\kservice.o
                0x00005f50                rt_strlen
 *fill*         0x00005f82        0x2 ff
 .text.rt_show_version
                0x00005f84       0x4c build\kernel\src\kservice.o
                0x00005f84                rt_show_version
 .text.divide   0x00005fd0       0x3e build\kernel\src\kservice.o
 .text.skip_atoi
                0x0000600e       0x46 build\kernel\src\kservice.o
 .text.print_number
                0x00006054      0x1fc build\kernel\src\kservice.o
 .text.rt_vsnprintf
                0x00006250      0x564 build\kernel\src\kservice.o
                0x00006250                rt_vsnprintf
 .text.rt_snprintf
                0x000067b4       0x30 build\kernel\src\kservice.o
                0x000067b4                rt_snprintf
 .text.rt_console_get_device
                0x000067e4       0x18 build\kernel\src\kservice.o
                0x000067e4                rt_console_get_device
 .text.rt_console_set_device
                0x000067fc       0x58 build\kernel\src\kservice.o
                0x000067fc                rt_console_set_device
 .text.rt_hw_console_output
                0x00006854       0x14 build\kernel\src\kservice.o
                0x00006854                rt_hw_console_output
 .text.rt_kprintf
                0x00006868       0x60 build\kernel\src\kservice.o
                0x00006868                rt_kprintf
 .text._heap_lock_init
                0x000068c8       0x1c build\kernel\src\kservice.o
 .text._heap_lock
                0x000068e4       0x28 build\kernel\src\kservice.o
 .text._heap_unlock
                0x0000690c       0x40 build\kernel\src\kservice.o
 .text._smem_info
                0x0000694c       0x4c build\kernel\src\kservice.o
 .text.rt_system_heap_init
                0x00006998       0x64 build\kernel\src\kservice.o
                0x00006998                rt_system_heap_init
 .text.rt_malloc
                0x000069fc       0x48 build\kernel\src\kservice.o
                0x000069fc                rt_malloc
 .text.rt_calloc
                0x00006a44       0x3c build\kernel\src\kservice.o
                0x00006a44                rt_calloc
 .text.rt_free  0x00006a80       0x40 build\kernel\src\kservice.o
                0x00006a80                rt_free
 .text.rt_memory_info
                0x00006ac0       0x2a build\kernel\src\kservice.o
                0x00006ac0                rt_memory_info
 *fill*         0x00006aea        0x2 ff
 .text.rt_assert_handler
                0x00006aec       0x4c build\kernel\src\kservice.o
                0x00006aec                rt_assert_handler
 .text.plug_holes
                0x00006b38       0xf8 build\kernel\src\mem.o
 .text.rt_smem_init
                0x00006c30      0x104 build\kernel\src\mem.o
                0x00006c30                rt_smem_init
 .text.rt_smem_alloc
                0x00006d34      0x268 build\kernel\src\mem.o
                0x00006d34                rt_smem_alloc
 .text.rt_smem_free
                0x00006f9c      0x140 build\kernel\src\mem.o
                0x00006f9c                rt_smem_free
 .text.rt_list_insert_after
                0x000070dc       0x32 build\kernel\src\object.o
 .text.rt_list_remove
                0x0000710e       0x36 build\kernel\src\object.o
 .text.rt_object_get_information
                0x00007144       0x48 build\kernel\src\object.o
                0x00007144                rt_object_get_information
 .text.rt_object_init
                0x0000718c       0xc4 build\kernel\src\object.o
                0x0000718c                rt_object_init
 .text.rt_object_detach
                0x00007250       0x5c build\kernel\src\object.o
                0x00007250                rt_object_detach
 .text.rt_object_allocate
                0x000072ac       0xd8 build\kernel\src\object.o
                0x000072ac                rt_object_allocate
 .text.rt_object_delete
                0x00007384       0x7c build\kernel\src\object.o
                0x00007384                rt_object_delete
 .text.rt_object_is_systemobject
                0x00007400       0x3c build\kernel\src\object.o
                0x00007400                rt_object_is_systemobject
 .text.rt_object_get_type
                0x0000743c       0x34 build\kernel\src\object.o
                0x0000743c                rt_object_get_type
 .text.rt_object_find
                0x00007470       0xb4 build\kernel\src\object.o
                0x00007470                rt_object_find
 .text.rt_list_init
                0x00007524       0x22 build\kernel\src\scheduler.o
 .text.rt_list_insert_after
                0x00007546       0x32 build\kernel\src\scheduler.o
 .text.rt_list_insert_before
                0x00007578       0x32 build\kernel\src\scheduler.o
 .text.rt_list_remove
                0x000075aa       0x36 build\kernel\src\scheduler.o
 .text.rt_list_isempty
                0x000075e0       0x24 build\kernel\src\scheduler.o
 .text._scheduler_stack_check
                0x00007604       0x94 build\kernel\src\scheduler.o
 .text._scheduler_get_highest_priority_thread
                0x00007698       0x3c build\kernel\src\scheduler.o
 .text.rt_system_scheduler_init
                0x000076d4       0x48 build\kernel\src\scheduler.o
                0x000076d4                rt_system_scheduler_init
 .text.rt_system_scheduler_start
                0x0000771c       0x3c build\kernel\src\scheduler.o
                0x0000771c                rt_system_scheduler_start
 .text.rt_schedule
                0x00007758      0x19c build\kernel\src\scheduler.o
                0x00007758                rt_schedule
 .text.rt_schedule_insert_thread
                0x000078f4       0xd4 build\kernel\src\scheduler.o
                0x000078f4                rt_schedule_insert_thread
 .text.rt_schedule_remove_thread
                0x000079c8       0x70 build\kernel\src\scheduler.o
                0x000079c8                rt_schedule_remove_thread
 .text.rt_enter_critical
                0x00007a38       0x30 build\kernel\src\scheduler.o
                0x00007a38                rt_enter_critical
 .text.rt_exit_critical
                0x00007a68       0x58 build\kernel\src\scheduler.o
                0x00007a68                rt_exit_critical
 .text.rt_critical_level
                0x00007ac0       0x1c build\kernel\src\scheduler.o
                0x00007ac0                rt_critical_level
 .text.rt_list_init
                0x00007adc       0x22 build\kernel\src\thread.o
 .text.rt_list_remove
                0x00007afe       0x36 build\kernel\src\thread.o
 .text._thread_exit
                0x00007b34       0x42 build\kernel\src\thread.o
 *fill*         0x00007b76        0x2 ff
 .text._thread_timeout
                0x00007b78       0x8c build\kernel\src\thread.o
 .text._thread_init
                0x00007c04      0x11c build\kernel\src\thread.o
 .text.rt_thread_init
                0x00007d20       0x70 build\kernel\src\thread.o
                0x00007d20                rt_thread_init
 .text.rt_thread_self
                0x00007d90       0x18 build\kernel\src\thread.o
                0x00007d90                rt_thread_self
 .text.rt_thread_startup
                0x00007da8       0x94 build\kernel\src\thread.o
                0x00007da8                rt_thread_startup
 .text.rt_thread_detach
                0x00007e3c       0xdc build\kernel\src\thread.o
                0x00007e3c                rt_thread_detach
 .text.rt_thread_create
                0x00007f18       0x62 build\kernel\src\thread.o
                0x00007f18                rt_thread_create
 *fill*         0x00007f7a        0x2 ff
 .text.rt_thread_delete
                0x00007f7c       0xdc build\kernel\src\thread.o
                0x00007f7c                rt_thread_delete
 .text.rt_thread_sleep
                0x00008058      0x148 build\kernel\src\thread.o
                0x00008058                rt_thread_sleep
 .text.rt_thread_delay
                0x000081a0       0x18 build\kernel\src\thread.o
                0x000081a0                rt_thread_delay
 .text.rt_thread_mdelay
                0x000081b8       0x20 build\kernel\src\thread.o
                0x000081b8                rt_thread_mdelay
 .text.rt_thread_control
                0x000081d8       0xfc build\kernel\src\thread.o
                0x000081d8                rt_thread_control
 .text.rt_thread_set_suspend_state
                0x000082d4       0x8c build\kernel\src\thread.o
 .text.rt_thread_suspend_with_flag
                0x00008360       0xdc build\kernel\src\thread.o
                0x00008360                rt_thread_suspend_with_flag
 .text.rt_thread_resume
                0x0000843c       0x98 build\kernel\src\thread.o
                0x0000843c                rt_thread_resume
 .text.rt_list_init
                0x000084d4       0x22 build\kernel\src\timer.o
 .text.rt_list_insert_after
                0x000084f6       0x32 build\kernel\src\timer.o
 .text.rt_list_remove
                0x00008528       0x36 build\kernel\src\timer.o
 .text.rt_list_isempty
                0x0000855e       0x24 build\kernel\src\timer.o
 .text._timer_init
                0x00008582       0x6a build\kernel\src\timer.o
 .text._timer_list_next_timeout
                0x000085ec       0x48 build\kernel\src\timer.o
 .text._timer_remove
                0x00008634       0x36 build\kernel\src\timer.o
 *fill*         0x0000866a        0x2 ff
 .text.rt_timer_init
                0x0000866c       0x7c build\kernel\src\timer.o
                0x0000866c                rt_timer_init
 .text.rt_timer_detach
                0x000086e8       0x90 build\kernel\src\timer.o
                0x000086e8                rt_timer_detach
 .text.rt_timer_start
                0x00008778      0x21c build\kernel\src\timer.o
                0x00008778                rt_timer_start
 .text.rt_timer_stop
                0x00008994       0x98 build\kernel\src\timer.o
                0x00008994                rt_timer_stop
 .text.rt_timer_control
                0x00008a2c      0x12c build\kernel\src\timer.o
                0x00008a2c                rt_timer_control
 .text.rt_timer_check
                0x00008b58      0x108 build\kernel\src\timer.o
                0x00008b58                rt_timer_check
 .text.rt_soft_timer_check
                0x00008c60      0x11c build\kernel\src\timer.o
                0x00008c60                rt_soft_timer_check
 .text._timer_thread_entry
                0x00008d7c       0x5c build\kernel\src\timer.o
 .text.rt_system_timer_init
                0x00008dd8       0x34 build\kernel\src\timer.o
                0x00008dd8                rt_system_timer_init
 .text.rt_system_timer_thread_init
                0x00008e0c       0x68 build\kernel\src\timer.o
                0x00008e0c                rt_system_timer_thread_init
 .text.__NVIC_SetPriority
                0x00008e74       0x54 libraries\HAL_Drivers\drv_common.o
 .text.__NVIC_SystemReset
                0x00008ec8       0x2c libraries\HAL_Drivers\drv_common.o
 .text.SysTick_Config
                0x00008ef4       0x44 libraries\HAL_Drivers\drv_common.o
 .text.reboot   0x00008f38       0x10 libraries\HAL_Drivers\drv_common.o
 .text.rt_hw_systick_init
                0x00008f48       0x2c libraries\HAL_Drivers\drv_common.o
                0x00008f48                rt_hw_systick_init
 .text.SysTick_Handler
                0x00008f74       0x14 libraries\HAL_Drivers\drv_common.o
                0x00008f74                SysTick_Handler
 .text.rt_hw_board_init
                0x00008f88       0x34 libraries\HAL_Drivers\drv_common.o
                0x00008f88                rt_hw_board_init
 .text.R_BSP_WarmStart
                0x00008fbc       0x2c libraries\HAL_Drivers\drv_common.o
                0x00008fbc                R_BSP_WarmStart
 .text.R_BSP_PinRead
                0x00008fe8       0x38 libraries\HAL_Drivers\drv_gpio.o
 .text.R_BSP_PinWrite
                0x00009020       0x68 libraries\HAL_Drivers\drv_gpio.o
 .text.R_BSP_PinAccessEnable
                0x00009088       0x60 libraries\HAL_Drivers\drv_gpio.o
 .text.R_BSP_PinAccessDisable
                0x000090e8       0x68 libraries\HAL_Drivers\drv_gpio.o
 .text.ra_pin_get_irqx
                0x00009150      0x280 libraries\HAL_Drivers\drv_gpio.o
 .text.ra_irq_tab_init
                0x000093d0       0x7c libraries\HAL_Drivers\drv_gpio.o
 .text.ra_pin_map_init
                0x0000944c       0x28 libraries\HAL_Drivers\drv_gpio.o
 .text.ra_pin_mode
                0x00009474       0xf8 libraries\HAL_Drivers\drv_gpio.o
 .text.ra_pin_write
                0x0000956c       0x3a libraries\HAL_Drivers\drv_gpio.o
 *fill*         0x000095a6        0x2 ff
 .text.ra_pin_read
                0x000095a8       0x50 libraries\HAL_Drivers\drv_gpio.o
 .text.ra_pin_irq_enable
                0x000095f8      0x120 libraries\HAL_Drivers\drv_gpio.o
 .text.ra_pin_attach_irq
                0x00009718      0x12c libraries\HAL_Drivers\drv_gpio.o
 .text.ra_pin_dettach_irq
                0x00009844       0xb4 libraries\HAL_Drivers\drv_gpio.o
 .text.ra_pin_get
                0x000098f8       0xce libraries\HAL_Drivers\drv_gpio.o
 *fill*         0x000099c6        0x2 ff
 .text.rt_hw_pin_init
                0x000099c8       0x24 libraries\HAL_Drivers\drv_gpio.o
                0x000099c8                rt_hw_pin_init
 .text.irq_callback
                0x000099ec       0x64 libraries\HAL_Drivers\drv_gpio.o
                0x000099ec                irq_callback
 .text.ra_uart_get_config
                0x00009a50       0x50 libraries\HAL_Drivers\drv_usart_v2.o
 .text.ra_uart_configure
                0x00009aa0       0x7c libraries\HAL_Drivers\drv_usart_v2.o
 .text.ra_uart_control
                0x00009b1c       0x1a libraries\HAL_Drivers\drv_usart_v2.o
 *fill*         0x00009b36        0x2 ff
 .text.ra_uart_putc
                0x00009b38       0x68 libraries\HAL_Drivers\drv_usart_v2.o
 .text.ra_uart_getc
                0x00009ba0       0x16 libraries\HAL_Drivers\drv_usart_v2.o
 *fill*         0x00009bb6        0x2 ff
 .text.ra_uart_transmit
                0x00009bb8       0x58 libraries\HAL_Drivers\drv_usart_v2.o
 .text.user_uart7_callback
                0x00009c10       0x78 libraries\HAL_Drivers\drv_usart_v2.o
                0x00009c10                user_uart7_callback
 .text.rt_hw_usart_init
                0x00009c88       0xb0 libraries\HAL_Drivers\drv_usart_v2.o
                0x00009c88                rt_hw_usart_init
 .text.Reset_Handler
                0x00009d38        0xe ra\fsp\src\bsp\cmsis\Device\RENESAS\Source\startup.o
                0x00009d38                Reset_Handler
 .text.Default_Handler
                0x00009d46       0x10 ra\fsp\src\bsp\cmsis\Device\RENESAS\Source\startup.o
                0x00009d46                UsageFault_Handler
                0x00009d46                SecureFault_Handler
                0x00009d46                Default_Handler
                0x00009d46                MemManage_Handler
                0x00009d46                SVC_Handler
                0x00009d46                BusFault_Handler
                0x00009d46                DebugMon_Handler
 *fill*         0x00009d56        0x2 ff
 .text.SystemInit
                0x00009d58       0xf0 ra\fsp\src\bsp\cmsis\Device\RENESAS\Source\system.o
                0x00009d58                SystemInit
 .text.R_BSP_FlashCacheEnable
                0x00009e48       0x40 ra\fsp\src\bsp\mcu\all\bsp_clocks.o
 .text.SystemCoreClockUpdate
                0x00009e88       0x40 ra\fsp\src\bsp\mcu\all\bsp_clocks.o
                0x00009e88                SystemCoreClockUpdate
 .text.bsp_prv_clock_set_hard_reset
                0x00009ec8       0x30 ra\fsp\src\bsp\mcu\all\bsp_clocks.o
 .text.bsp_clock_freq_var_init
                0x00009ef8       0x48 ra\fsp\src\bsp\mcu\all\bsp_clocks.o
 .text.bsp_clock_init
                0x00009f40       0xa4 ra\fsp\src\bsp\mcu\all\bsp_clocks.o
                0x00009f40                bsp_clock_init
 .text.bsp_init_internal
                0x00009fe4       0x14 ra\fsp\src\bsp\mcu\all\bsp_common.o
                0x00009fe4                bsp_init_internal
                0x00009fe4                bsp_init
 .text.bsp_group_irq_call
                0x00009ff8       0x30 ra\fsp\src\bsp\mcu\all\bsp_group_irq.o
 .text.NMI_Handler
                0x0000a028       0x4c ra\fsp\src\bsp\mcu\all\bsp_group_irq.o
                0x0000a028                NMI_Handler
 .text.bsp_irq_cfg
                0x0000a074       0xfc ra\fsp\src\bsp\mcu\all\bsp_irq.o
                0x0000a074                bsp_irq_cfg
 .text.R_BSP_RegisterProtectEnable
                0x0000a170       0xa0 ra\fsp\src\bsp\mcu\all\bsp_register_protection.o
                0x0000a170                R_BSP_RegisterProtectEnable
 .text.R_BSP_RegisterProtectDisable
                0x0000a210       0x90 ra\fsp\src\bsp\mcu\all\bsp_register_protection.o
                0x0000a210                R_BSP_RegisterProtectDisable
 .text.R_FSP_CurrentIrqGet
                0x0000a2a0       0x2c ra\fsp\src\r_icu\r_icu.o
 .text.R_FSP_IsrContextSet
                0x0000a2cc       0x28 ra\fsp\src\r_icu\r_icu.o
 .text.R_BSP_IrqStatusClear
                0x0000a2f4       0x30 ra\fsp\src\r_icu\r_icu.o
 .text.R_BSP_IrqClearPending
                0x0000a324       0x40 ra\fsp\src\r_icu\r_icu.o
 .text.R_BSP_IrqCfg
                0x0000a364       0x3c ra\fsp\src\r_icu\r_icu.o
 .text.R_BSP_IrqEnableNoClear
                0x0000a3a0       0x38 ra\fsp\src\r_icu\r_icu.o
 .text.R_BSP_IrqEnable
                0x0000a3d8       0x26 ra\fsp\src\r_icu\r_icu.o
 *fill*         0x0000a3fe        0x2 ff
 .text.R_BSP_IrqDisable
                0x0000a400       0x48 ra\fsp\src\r_icu\r_icu.o
 .text.R_FSP_IsrContextGet
                0x0000a448       0x24 ra\fsp\src\r_icu\r_icu.o
 .text.R_ICU_ExternalIrqOpen
                0x0000a46c       0xcc ra\fsp\src\r_icu\r_icu.o
                0x0000a46c                R_ICU_ExternalIrqOpen
 .text.R_ICU_ExternalIrqEnable
                0x0000a538       0x22 ra\fsp\src\r_icu\r_icu.o
                0x0000a538                R_ICU_ExternalIrqEnable
 .text.R_ICU_ExternalIrqDisable
                0x0000a55a       0x22 ra\fsp\src\r_icu\r_icu.o
                0x0000a55a                R_ICU_ExternalIrqDisable
 .text.R_ICU_ExternalIrqClose
                0x0000a57c       0x40 ra\fsp\src\r_icu\r_icu.o
                0x0000a57c                R_ICU_ExternalIrqClose
 .text.r_icu_isr
                0x0000a5bc       0x80 ra\fsp\src\r_icu\r_icu.o
                0x0000a5bc                r_icu_isr
 .text.R_BSP_PinRead
                0x0000a63c       0x38 ra\fsp\src\r_ioport\r_ioport.o
 .text.R_BSP_PinAccessEnable
                0x0000a674       0x60 ra\fsp\src\r_ioport\r_ioport.o
 .text.R_BSP_PinAccessDisable
                0x0000a6d4       0x68 ra\fsp\src\r_ioport\r_ioport.o
 .text.R_IOPORT_Open
                0x0000a73c       0x28 ra\fsp\src\r_ioport\r_ioport.o
                0x0000a73c                R_IOPORT_Open
 .text.R_IOPORT_Close
                0x0000a764       0x20 ra\fsp\src\r_ioport\r_ioport.o
                0x0000a764                R_IOPORT_Close
 .text.R_IOPORT_PinsCfg
                0x0000a784       0x1a ra\fsp\src\r_ioport\r_ioport.o
                0x0000a784                R_IOPORT_PinsCfg
 .text.R_IOPORT_PinCfg
                0x0000a79e       0x46 ra\fsp\src\r_ioport\r_ioport.o
                0x0000a79e                R_IOPORT_PinCfg
 .text.R_IOPORT_PinRead
                0x0000a7e4       0x28 ra\fsp\src\r_ioport\r_ioport.o
                0x0000a7e4                R_IOPORT_PinRead
 .text.R_IOPORT_PortRead
                0x0000a80c       0x3a ra\fsp\src\r_ioport\r_ioport.o
                0x0000a80c                R_IOPORT_PortRead
 .text.R_IOPORT_PortWrite
                0x0000a846       0x62 ra\fsp\src\r_ioport\r_ioport.o
                0x0000a846                R_IOPORT_PortWrite
 .text.R_IOPORT_PinWrite
                0x0000a8a8       0x6e ra\fsp\src\r_ioport\r_ioport.o
                0x0000a8a8                R_IOPORT_PinWrite
 .text.R_IOPORT_PortDirectionSet
                0x0000a916       0x72 ra\fsp\src\r_ioport\r_ioport.o
                0x0000a916                R_IOPORT_PortDirectionSet
 .text.R_IOPORT_PortEventInputRead
                0x0000a988       0x3e ra\fsp\src\r_ioport\r_ioport.o
                0x0000a988                R_IOPORT_PortEventInputRead
 .text.R_IOPORT_PinEventInputRead
                0x0000a9c6       0x62 ra\fsp\src\r_ioport\r_ioport.o
                0x0000a9c6                R_IOPORT_PinEventInputRead
 .text.R_IOPORT_PortEventOutputWrite
                0x0000aa28       0x62 ra\fsp\src\r_ioport\r_ioport.o
                0x0000aa28                R_IOPORT_PortEventOutputWrite
 .text.R_IOPORT_PinEventOutputWrite
                0x0000aa8a       0x5e ra\fsp\src\r_ioport\r_ioport.o
                0x0000aa8a                R_IOPORT_PinEventOutputWrite
 .text.R_IOPORT_EthernetModeCfg
                0x0000aae8       0x28 ra\fsp\src\r_ioport\r_ioport.o
                0x0000aae8                R_IOPORT_EthernetModeCfg
 .text.r_ioport_pins_config
                0x0000ab10       0x56 ra\fsp\src\r_ioport\r_ioport.o
 .text.r_ioport_hw_pin_event_output_data_write
                0x0000ab66       0x88 ra\fsp\src\r_ioport\r_ioport.o
 *fill*         0x0000abee        0x2 ff
 .text.r_ioport_pfs_write
                0x0000abf0       0x78 ra\fsp\src\r_ioport\r_ioport.o
 .text.bsp_vbatt_init
                0x0000ac68       0xd8 ra\fsp\src\r_ioport\r_ioport.o
 .text.R_FSP_CurrentIrqGet
                0x0000ad40       0x2c ra\fsp\src\r_sci_uart\r_sci_uart.o
 .text.R_FSP_IsrContextSet
                0x0000ad6c       0x28 ra\fsp\src\r_sci_uart\r_sci_uart.o
 .text.R_BSP_IrqStatusClear
                0x0000ad94       0x30 ra\fsp\src\r_sci_uart\r_sci_uart.o
 .text.R_BSP_IrqClearPending
                0x0000adc4       0x40 ra\fsp\src\r_sci_uart\r_sci_uart.o
 .text.R_BSP_IrqCfg
                0x0000ae04       0x3c ra\fsp\src\r_sci_uart\r_sci_uart.o
 .text.R_BSP_IrqEnableNoClear
                0x0000ae40       0x38 ra\fsp\src\r_sci_uart\r_sci_uart.o
 .text.R_BSP_IrqEnable
                0x0000ae78       0x26 ra\fsp\src\r_sci_uart\r_sci_uart.o
 *fill*         0x0000ae9e        0x2 ff
 .text.R_BSP_IrqDisable
                0x0000aea0       0x48 ra\fsp\src\r_sci_uart\r_sci_uart.o
 .text.R_FSP_IsrContextGet
                0x0000aee8       0x24 ra\fsp\src\r_sci_uart\r_sci_uart.o
 .text.R_SCI_UART_Open
                0x0000af0c      0x1ac ra\fsp\src\r_sci_uart\r_sci_uart.o
                0x0000af0c                R_SCI_UART_Open
 .text.r_sci_uart_config_set
                0x0000b0b8      0x120 ra\fsp\src\r_sci_uart\r_sci_uart.o
 .text.r_sci_irq_cfg
                0x0000b1d8       0x3a ra\fsp\src\r_sci_uart\r_sci_uart.o
 .text.r_sci_irqs_cfg
                0x0000b212       0x5a ra\fsp\src\r_sci_uart\r_sci_uart.o
 .text.r_sci_uart_baud_set
                0x0000b26c       0x58 ra\fsp\src\r_sci_uart\r_sci_uart.o
 .text.r_sci_uart_call_callback
                0x0000b2c4       0x76 ra\fsp\src\r_sci_uart\r_sci_uart.o
 .text.sci_uart_txi_isr
                0x0000b33a       0xd0 ra\fsp\src\r_sci_uart\r_sci_uart.o
                0x0000b33a                sci_uart_txi_isr
 .text.sci_uart_rxi_isr
                0x0000b40a       0xbc ra\fsp\src\r_sci_uart\r_sci_uart.o
                0x0000b40a                sci_uart_rxi_isr
 .text.sci_uart_tei_isr
                0x0000b4c6       0x4a ra\fsp\src\r_sci_uart\r_sci_uart.o
                0x0000b4c6                sci_uart_tei_isr
 .text.sci_uart_eri_isr
                0x0000b510       0xa8 ra\fsp\src\r_sci_uart\r_sci_uart.o
                0x0000b510                sci_uart_eri_isr
 .text.main     0x0000b5b8        0xe build\ra_gen\main.o
                0x0000b5b8                main
 *fill*         0x0000b5c6        0x2 ff
 .text.hal_entry
                0x0000b5c8       0x34 build\src\hal_entry.o
                0x0000b5c8                hal_entry
 .text.irq_callback_test
                0x0000b5fc       0x1c build\src\hal_entry.o
                0x0000b5fc                irq_callback_test
 .text.icu_sample
                0x0000b618       0x68 build\src\hal_entry.o
                0x0000b618                icu_sample
 .text.atoi     0x0000b680        0x8 d:/llc/softwares/env-windows-v1.3.5/tools/gnu_gcc/arm_gcc/mingw/bin/../lib/gcc/arm-none-eabi/10.3.1/../../../../arm-none-eabi/lib/thumb/v8-m.main+fp/hard\libc.a(lib_a-atoi.o)
                0x0000b680                atoi
 .text.memcmp   0x0000b688       0x60 d:/llc/softwares/env-windows-v1.3.5/tools/gnu_gcc/arm_gcc/mingw/bin/../lib/gcc/arm-none-eabi/10.3.1/../../../../arm-none-eabi/lib/thumb/v8-m.main+fp/hard\libc.a(lib_a-memcmp.o)
                0x0000b688                memcmp
 .text          0x0000b6e8       0xec d:/llc/softwares/env-windows-v1.3.5/tools/gnu_gcc/arm_gcc/mingw/bin/../lib/gcc/arm-none-eabi/10.3.1/../../../../arm-none-eabi/lib/thumb/v8-m.main+fp/hard\libc.a(lib_a-memcpy.o)
                0x0000b6e8                memcpy
 .text.memset   0x0000b7d4       0xa4 d:/llc/softwares/env-windows-v1.3.5/tools/gnu_gcc/arm_gcc/mingw/bin/../lib/gcc/arm-none-eabi/10.3.1/../../../../arm-none-eabi/lib/thumb/v8-m.main+fp/hard\libc.a(lib_a-memset.o)
                0x0000b7d4                memset
 .text          0x0000b878      0x1bc d:/llc/softwares/env-windows-v1.3.5/tools/gnu_gcc/arm_gcc/mingw/bin/../lib/gcc/arm-none-eabi/10.3.1/../../../../arm-none-eabi/lib/thumb/v8-m.main+fp/hard\libc.a(lib_a-strcmp.o)
                0x0000b878                strcmp
 .text.strlen   0x0000ba34       0x5c d:/llc/softwares/env-windows-v1.3.5/tools/gnu_gcc/arm_gcc/mingw/bin/../lib/gcc/arm-none-eabi/10.3.1/../../../../arm-none-eabi/lib/thumb/v8-m.main+fp/hard\libc.a(lib_a-strlen-stub.o)
                0x0000ba34                strlen
 .text.strncat  0x0000ba90       0x5c d:/llc/softwares/env-windows-v1.3.5/tools/gnu_gcc/arm_gcc/mingw/bin/../lib/gcc/arm-none-eabi/10.3.1/../../../../arm-none-eabi/lib/thumb/v8-m.main+fp/hard\libc.a(lib_a-strncat.o)
                0x0000ba90                strncat
 .text.strncmp  0x0000baec       0x78 d:/llc/softwares/env-windows-v1.3.5/tools/gnu_gcc/arm_gcc/mingw/bin/../lib/gcc/arm-none-eabi/10.3.1/../../../../arm-none-eabi/lib/thumb/v8-m.main+fp/hard\libc.a(lib_a-strncmp.o)
                0x0000baec                strncmp
 .text.strncpy  0x0000bb64       0x64 d:/llc/softwares/env-windows-v1.3.5/tools/gnu_gcc/arm_gcc/mingw/bin/../lib/gcc/arm-none-eabi/10.3.1/../../../../arm-none-eabi/lib/thumb/v8-m.main+fp/hard\libc.a(lib_a-strncpy.o)
                0x0000bb64                strncpy
 .text._strtol_l.part.0
                0x0000bbc8      0x104 d:/llc/softwares/env-windows-v1.3.5/tools/gnu_gcc/arm_gcc/mingw/bin/../lib/gcc/arm-none-eabi/10.3.1/../../../../arm-none-eabi/lib/thumb/v8-m.main+fp/hard\libc.a(lib_a-strtol.o)
 .text.strtol   0x0000bccc       0x2c d:/llc/softwares/env-windows-v1.3.5/tools/gnu_gcc/arm_gcc/mingw/bin/../lib/gcc/arm-none-eabi/10.3.1/../../../../arm-none-eabi/lib/thumb/v8-m.main+fp/hard\libc.a(lib_a-strtol.o)
                0x0000bccc                strtol
 .text.startup.register_fini
                0x0000bcf8       0x14 d:/llc/softwares/env-windows-v1.3.5/tools/gnu_gcc/arm_gcc/mingw/bin/../lib/gcc/arm-none-eabi/10.3.1/../../../../arm-none-eabi/lib/thumb/v8-m.main+fp/hard\libc.a(lib_a-__call_atexit.o)
 .text.atexit   0x0000bd0c        0xc d:/llc/softwares/env-windows-v1.3.5/tools/gnu_gcc/arm_gcc/mingw/bin/../lib/gcc/arm-none-eabi/10.3.1/../../../../arm-none-eabi/lib/thumb/v8-m.main+fp/hard\libc.a(lib_a-atexit.o)
                0x0000bd0c                atexit
 .text.__libc_fini_array
                0x0000bd18       0x2c d:/llc/softwares/env-windows-v1.3.5/tools/gnu_gcc/arm_gcc/mingw/bin/../lib/gcc/arm-none-eabi/10.3.1/../../../../arm-none-eabi/lib/thumb/v8-m.main+fp/hard\libc.a(lib_a-fini.o)
                0x0000bd18                __libc_fini_array
 .text.__retarget_lock_acquire_recursive
                0x0000bd44        0x4 d:/llc/softwares/env-windows-v1.3.5/tools/gnu_gcc/arm_gcc/mingw/bin/../lib/gcc/arm-none-eabi/10.3.1/../../../../arm-none-eabi/lib/thumb/v8-m.main+fp/hard\libc.a(lib_a-lock.o)
                0x0000bd44                __retarget_lock_acquire_recursive
 .text.__retarget_lock_release_recursive
                0x0000bd48        0x4 d:/llc/softwares/env-windows-v1.3.5/tools/gnu_gcc/arm_gcc/mingw/bin/../lib/gcc/arm-none-eabi/10.3.1/../../../../arm-none-eabi/lib/thumb/v8-m.main+fp/hard\libc.a(lib_a-lock.o)
                0x0000bd48                __retarget_lock_release_recursive
 .text.__register_exitproc
                0x0000bd4c       0x90 d:/llc/softwares/env-windows-v1.3.5/tools/gnu_gcc/arm_gcc/mingw/bin/../lib/gcc/arm-none-eabi/10.3.1/../../../../arm-none-eabi/lib/thumb/v8-m.main+fp/hard\libc.a(lib_a-__atexit.o)
                0x0000bd4c                __register_exitproc
 *(.version)
 .version       0x0000bddc       0x50 ra\fsp\src\bsp\mcu\all\bsp_common.o
 *(.init)
 .init          0x0000be2c        0x4 d:/llc/softwares/env-windows-v1.3.5/tools/gnu_gcc/arm_gcc/mingw/bin/../lib/gcc/arm-none-eabi/10.3.1/thumb/v8-m.main+fp/hard/crti.o
                0x0000be2c                _init
 .init          0x0000be30        0x8 d:/llc/softwares/env-windows-v1.3.5/tools/gnu_gcc/arm_gcc/mingw/bin/../lib/gcc/arm-none-eabi/10.3.1/thumb/v8-m.main+fp/hard/crtn.o
 *(.fini)
 .fini          0x0000be38        0x4 d:/llc/softwares/env-windows-v1.3.5/tools/gnu_gcc/arm_gcc/mingw/bin/../lib/gcc/arm-none-eabi/10.3.1/thumb/v8-m.main+fp/hard/crti.o
                0x0000be38                _fini
 .fini          0x0000be3c        0x8 d:/llc/softwares/env-windows-v1.3.5/tools/gnu_gcc/arm_gcc/mingw/bin/../lib/gcc/arm-none-eabi/10.3.1/thumb/v8-m.main+fp/hard/crtn.o
                0x0000be44                . = ALIGN (0x4)
                0x0000be44                __fsymtab_start = .
 *(FSymTab)
 FSymTab        0x0000be44        0xc build\kernel\components\drivers\misc\pin.o
                0x0000be44                __fsym_pin
 FSymTab        0x0000be50       0x24 build\kernel\components\finsh\cmd.o
                0x0000be50                __fsym_clear
                0x0000be5c                __fsym_version
                0x0000be68                __fsym_list
 FSymTab        0x0000be74       0x24 build\kernel\components\finsh\msh.o
                0x0000be74                __fsym_help
                0x0000be80                __fsym_ps
                0x0000be8c                __fsym_free
 FSymTab        0x0000be98        0xc libraries\HAL_Drivers\drv_common.o
                0x0000be98                __fsym_reboot
 FSymTab        0x0000bea4        0xc build\src\hal_entry.o
                0x0000bea4                __fsym_icu_sample
                0x0000beb0                __fsymtab_end = .
                0x0000beb0                . = ALIGN (0x4)
                0x0000beb0                __vsymtab_start = .
 *(VSymTab)
                0x0000beb0                __vsymtab_end = .
                0x0000beb0                . = ALIGN (0x4)
                0x0000beb0                __rt_init_start = .
 *(SORT_BY_NAME(.rti_fn*))
 .rti_fn.0      0x0000beb0        0x4 build\kernel\src\components.o
                0x0000beb0                __rt_init_rti_start
 .rti_fn.0.end  0x0000beb4        0x4 build\kernel\src\components.o
                0x0000beb4                __rt_init_rti_board_start
 .rti_fn.1.end  0x0000beb8        0x4 build\kernel\src\components.o
                0x0000beb8                __rt_init_rti_board_end
 .rti_fn.6      0x0000bebc        0x4 build\kernel\components\finsh\shell.o
                0x0000bebc                __rt_init_finsh_system_init
 .rti_fn.6.end  0x0000bec0        0x4 build\kernel\src\components.o
                0x0000bec0                __rt_init_rti_end
                0x0000bec4                __rt_init_end = .
                0x0000bec4                . = ALIGN (0x4)
 *(FalPartTable)
 *crtbegin.o(.ctors)
 *crtbegin?.o(.ctors)
 *(EXCLUDE_FILE(*crtend.o *crtend?.o) .ctors)
 *(SORT_BY_NAME(.ctors.*))
 *(.ctors)
 *crtbegin.o(.dtors)
 *crtbegin?.o(.dtors)
 *(EXCLUDE_FILE(*crtend.o *crtend?.o) .dtors)
 *(SORT_BY_NAME(.dtors.*))
 *(.dtors)
 *(.rodata*)
 .rodata        0x0000bec4       0xd7 build\kernel\components\drivers\ipc\completion.o
 *fill*         0x0000bf9b        0x1 ff
 .rodata.__FUNCTION__.2
                0x0000bf9c       0x13 build\kernel\components\drivers\ipc\completion.o
 *fill*         0x0000bfaf        0x1 ff
 .rodata.__FUNCTION__.1
                0x0000bfb0       0x13 build\kernel\components\drivers\ipc\completion.o
 *fill*         0x0000bfc3        0x1 ff
 .rodata.__FUNCTION__.0
                0x0000bfc4       0x13 build\kernel\components\drivers\ipc\completion.o
 *fill*         0x0000bfd7        0x1 ff
 .rodata        0x0000bfd8       0x19 build\kernel\components\drivers\ipc\ringbuffer.o
 *fill*         0x0000bff1        0x3 ff
 .rodata.__FUNCTION__.10
                0x0000bff4       0x13 build\kernel\components\drivers\ipc\ringbuffer.o
 *fill*         0x0000c007        0x1 ff
 .rodata.__FUNCTION__.9
                0x0000c008       0x12 build\kernel\components\drivers\ipc\ringbuffer.o
 *fill*         0x0000c01a        0x2 ff
 .rodata.__FUNCTION__.7
                0x0000c01c       0x12 build\kernel\components\drivers\ipc\ringbuffer.o
 *fill*         0x0000c02e        0x2 ff
 .rodata.__FUNCTION__.5
                0x0000c030       0x16 build\kernel\components\drivers\ipc\ringbuffer.o
 *fill*         0x0000c046        0x2 ff
 .rodata        0x0000c048      0x2aa build\kernel\components\drivers\misc\pin.o
 *fill*         0x0000c2f2        0x2 ff
 .rodata.name   0x0000c2f4       0x11 build\kernel\components\drivers\misc\pin.o
                0x0000c2f4                __fsym_pin_name
                0x0000c2f8                __fsym_pin_desc
 *fill*         0x0000c305        0x3 ff
 .rodata.__FUNCTION__.9
                0x0000c308        0xa build\kernel\components\drivers\misc\pin.o
 *fill*         0x0000c312        0x2 ff
 .rodata.__FUNCTION__.8
                0x0000c314        0xb build\kernel\components\drivers\misc\pin.o
 *fill*         0x0000c31f        0x1 ff
 .rodata.__FUNCTION__.7
                0x0000c320        0xd build\kernel\components\drivers\misc\pin.o
 *fill*         0x0000c32d        0x3 ff
 .rodata.__FUNCTION__.6
                0x0000c330       0x12 build\kernel\components\drivers\misc\pin.o
 *fill*         0x0000c342        0x2 ff
 .rodata.__FUNCTION__.4
                0x0000c344       0x12 build\kernel\components\drivers\misc\pin.o
 *fill*         0x0000c356        0x2 ff
 .rodata.__FUNCTION__.3
                0x0000c358        0xc build\kernel\components\drivers\misc\pin.o
 .rodata.__FUNCTION__.2
                0x0000c364        0xd build\kernel\components\drivers\misc\pin.o
 *fill*         0x0000c371        0x3 ff
 .rodata.__FUNCTION__.1
                0x0000c374        0xc build\kernel\components\drivers\misc\pin.o
 .rodata.__FUNCTION__.0
                0x0000c380        0xb build\kernel\components\drivers\misc\pin.o
 *fill*         0x0000c38b        0x1 ff
 .rodata        0x0000c38c      0x1dd build\kernel\components\drivers\serial\serial_v2.o
 *fill*         0x0000c569        0x3 ff
 .rodata.__FUNCTION__.18
                0x0000c56c       0x1c build\kernel\components\drivers\serial\serial_v2.o
 .rodata.__FUNCTION__.17
                0x0000c588       0x1c build\kernel\components\drivers\serial\serial_v2.o
 .rodata.__FUNCTION__.16
                0x0000c5a4       0x1d build\kernel\components\drivers\serial\serial_v2.o
 *fill*         0x0000c5c1        0x3 ff
 .rodata.__FUNCTION__.15
                0x0000c5c4       0x10 build\kernel\components\drivers\serial\serial_v2.o
 .rodata.__FUNCTION__.14
                0x0000c5d4       0x10 build\kernel\components\drivers\serial\serial_v2.o
 .rodata.__FUNCTION__.13
                0x0000c5e4       0x10 build\kernel\components\drivers\serial\serial_v2.o
 .rodata.__FUNCTION__.12
                0x0000c5f4       0x1e build\kernel\components\drivers\serial\serial_v2.o
 *fill*         0x0000c612        0x2 ff
 .rodata.__FUNCTION__.11
                0x0000c614       0x1d build\kernel\components\drivers\serial\serial_v2.o
 *fill*         0x0000c631        0x3 ff
 .rodata.__FUNCTION__.10
                0x0000c634       0x1c build\kernel\components\drivers\serial\serial_v2.o
 .rodata.__FUNCTION__.9
                0x0000c650       0x14 build\kernel\components\drivers\serial\serial_v2.o
 .rodata.__FUNCTION__.8
                0x0000c664       0x14 build\kernel\components\drivers\serial\serial_v2.o
 .rodata.__FUNCTION__.7
                0x0000c678       0x15 build\kernel\components\drivers\serial\serial_v2.o
 *fill*         0x0000c68d        0x3 ff
 .rodata.__FUNCTION__.6
                0x0000c690       0x15 build\kernel\components\drivers\serial\serial_v2.o
 *fill*         0x0000c6a5        0x3 ff
 .rodata.__FUNCTION__.5
                0x0000c6a8        0xf build\kernel\components\drivers\serial\serial_v2.o
 *fill*         0x0000c6b7        0x1 ff
 .rodata.__FUNCTION__.4
                0x0000c6b8        0xf build\kernel\components\drivers\serial\serial_v2.o
 *fill*         0x0000c6c7        0x1 ff
 .rodata.__FUNCTION__.3
                0x0000c6c8       0x10 build\kernel\components\drivers\serial\serial_v2.o
 .rodata.__FUNCTION__.2
                0x0000c6d8       0x12 build\kernel\components\drivers\serial\serial_v2.o
 *fill*         0x0000c6ea        0x2 ff
 .rodata.__FUNCTION__.1
                0x0000c6ec       0x16 build\kernel\components\drivers\serial\serial_v2.o
 *fill*         0x0000c702        0x2 ff
 .rodata.__FUNCTION__.0
                0x0000c704       0x11 build\kernel\components\drivers\serial\serial_v2.o
 *fill*         0x0000c715        0x3 ff
 .rodata        0x0000c718      0x772 build\kernel\components\finsh\cmd.o
 *fill*         0x0000ce8a        0x2 ff
 .rodata.name   0x0000ce8c       0x65 build\kernel\components\finsh\cmd.o
                0x0000ce8c                __fsym_clear_name
                0x0000ce94                __fsym_clear_desc
                0x0000ceb0                __fsym_version_name
                0x0000ceb8                __fsym_version_desc
                0x0000cedc                __fsym_list_name
                0x0000cee4                __fsym_list_desc
 *fill*         0x0000cef1        0x3 ff
 .rodata.device_type_str
                0x0000cef4       0x7c build\kernel\components\finsh\cmd.o
 .rodata        0x0000cf70       0xb8 build\kernel\components\finsh\msh.o
 .rodata.name   0x0000d028       0x6d build\kernel\components\finsh\msh.o
                0x0000d028                __fsym_help_name
                0x0000d030                __fsym_help_desc
                0x0000d048                __fsym_ps_name
                0x0000d04c                __fsym_ps_desc
                0x0000d068                __fsym_free_name
                0x0000d070                __fsym_free_desc
 *fill*         0x0000d095        0x3 ff
 .rodata.__FUNCTION__.0
                0x0000d098        0xe build\kernel\components\finsh\msh.o
 *fill*         0x0000d0a6        0x2 ff
 .rodata        0x0000d0a8       0x91 build\kernel\components\finsh\shell.o
 *fill*         0x0000d139        0x3 ff
 .rodata.__FUNCTION__.6
                0x0000d13c       0x16 build\kernel\components\finsh\shell.o
 *fill*         0x0000d152        0x2 ff
 .rodata.__FUNCTION__.5
                0x0000d154        0xe build\kernel\components\finsh\shell.o
 *fill*         0x0000d162        0x2 ff
 .rodata.__FUNCTION__.4
                0x0000d164        0xd build\kernel\components\finsh\shell.o
 *fill*         0x0000d171        0x3 ff
 .rodata.__FUNCTION__.3
                0x0000d174       0x11 build\kernel\components\finsh\shell.o
 *fill*         0x0000d185        0x3 ff
 .rodata        0x0000d188      0x2ce build\kernel\libcpu\arm\cortex-m4\cpuport.o
 *fill*         0x0000d456        0x2 ff
 .rodata        0x0000d458       0x17 build\kernel\src\components.o
 *fill*         0x0000d46f        0x1 ff
 .rodata.__FUNCTION__.0
                0x0000d470       0x14 build\kernel\src\components.o
 .rodata        0x0000d484       0xf4 build\kernel\src\device.o
 .rodata.__FUNCTION__.6
                0x0000d578        0xf build\kernel\src\device.o
 *fill*         0x0000d587        0x1 ff
 .rodata.__FUNCTION__.5
                0x0000d588       0x10 build\kernel\src\device.o
 .rodata.__FUNCTION__.4
                0x0000d598        0xf build\kernel\src\device.o
 *fill*         0x0000d5a7        0x1 ff
 .rodata.__FUNCTION__.3
                0x0000d5a8       0x10 build\kernel\src\device.o
 .rodata.__FUNCTION__.1
                0x0000d5b8       0x1a build\kernel\src\device.o
 *fill*         0x0000d5d2        0x2 ff
 .rodata        0x0000d5d4        0x8 build\kernel\src\idle.o
 .rodata        0x0000d5dc      0x4de build\kernel\src\ipc.o
 *fill*         0x0000daba        0x2 ff
 .rodata.__FUNCTION__.37
                0x0000dabc        0xc build\kernel\src\ipc.o
 .rodata.__FUNCTION__.33
                0x0000dac8        0xd build\kernel\src\ipc.o
 *fill*         0x0000dad5        0x3 ff
 .rodata.__FUNCTION__.32
                0x0000dad8       0x12 build\kernel\src\ipc.o
 *fill*         0x0000daea        0x2 ff
 .rodata.__FUNCTION__.31
                0x0000daec        0xf build\kernel\src\ipc.o
 *fill*         0x0000dafb        0x1 ff
 .rodata.__FUNCTION__.29
                0x0000dafc        0xe build\kernel\src\ipc.o
 *fill*         0x0000db0a        0x2 ff
 .rodata.__FUNCTION__.25
                0x0000db0c        0xf build\kernel\src\ipc.o
 *fill*         0x0000db1b        0x1 ff
 .rodata.__FUNCTION__.24
                0x0000db1c       0x11 build\kernel\src\ipc.o
 *fill*         0x0000db2d        0x3 ff
 .rodata        0x0000db30      0x1cf build\kernel\src\kservice.o
 *fill*         0x0000dcff        0x1 ff
 .rodata.large_digits.4
                0x0000dd00       0x11 build\kernel\src\kservice.o
 *fill*         0x0000dd11        0x3 ff
 .rodata.small_digits.3
                0x0000dd14       0x11 build\kernel\src\kservice.o
 *fill*         0x0000dd25        0x3 ff
 .rodata.__FUNCTION__.1
                0x0000dd28       0x14 build\kernel\src\kservice.o
 .rodata.__FUNCTION__.0
                0x0000dd3c        0xd build\kernel\src\kservice.o
 *fill*         0x0000dd49        0x3 ff
 .rodata        0x0000dd4c      0x41b build\kernel\src\mem.o
 *fill*         0x0000e167        0x1 ff
 .rodata.__FUNCTION__.4
                0x0000e168        0xb build\kernel\src\mem.o
 *fill*         0x0000e173        0x1 ff
 .rodata.__FUNCTION__.2
                0x0000e174        0xe build\kernel\src\mem.o
 *fill*         0x0000e182        0x2 ff
 .rodata.__FUNCTION__.0
                0x0000e184        0xd build\kernel\src\mem.o
 *fill*         0x0000e191        0x3 ff
 .rodata        0x0000e194       0x91 build\kernel\src\object.o
 *fill*         0x0000e225        0x3 ff
 .rodata.__FUNCTION__.6
                0x0000e228        0xf build\kernel\src\object.o
 *fill*         0x0000e237        0x1 ff
 .rodata.__FUNCTION__.5
                0x0000e238       0x11 build\kernel\src\object.o
 *fill*         0x0000e249        0x3 ff
 .rodata.__FUNCTION__.4
                0x0000e24c       0x13 build\kernel\src\object.o
 *fill*         0x0000e25f        0x1 ff
 .rodata.__FUNCTION__.3
                0x0000e260       0x11 build\kernel\src\object.o
 *fill*         0x0000e271        0x3 ff
 .rodata.__FUNCTION__.2
                0x0000e274       0x1a build\kernel\src\object.o
 *fill*         0x0000e28e        0x2 ff
 .rodata.__FUNCTION__.1
                0x0000e290       0x13 build\kernel\src\object.o
 *fill*         0x0000e2a3        0x1 ff
 .rodata.__FUNCTION__.0
                0x0000e2a4        0xf build\kernel\src\object.o
 *fill*         0x0000e2b3        0x1 ff
 .rodata        0x0000e2b4       0x65 build\kernel\src\scheduler.o
 *fill*         0x0000e319        0x3 ff
 .rodata.__FUNCTION__.2
                0x0000e31c       0x17 build\kernel\src\scheduler.o
 *fill*         0x0000e333        0x1 ff
 .rodata.__FUNCTION__.1
                0x0000e334       0x1a build\kernel\src\scheduler.o
 *fill*         0x0000e34e        0x2 ff
 .rodata.__FUNCTION__.0
                0x0000e350       0x1a build\kernel\src\scheduler.o
 *fill*         0x0000e36a        0x2 ff
 .rodata        0x0000e36c      0x237 build\kernel\src\thread.o
 *fill*         0x0000e5a3        0x1 ff
 .rodata.__FUNCTION__.11
                0x0000e5a4       0x10 build\kernel\src\thread.o
 .rodata.__FUNCTION__.10
                0x0000e5b4        0xd build\kernel\src\thread.o
 *fill*         0x0000e5c1        0x3 ff
 .rodata.__FUNCTION__.9
                0x0000e5c4        0xf build\kernel\src\thread.o
 *fill*         0x0000e5d3        0x1 ff
 .rodata.__FUNCTION__.8
                0x0000e5d4       0x12 build\kernel\src\thread.o
 *fill*         0x0000e5e6        0x2 ff
 .rodata.__FUNCTION__.7
                0x0000e5e8       0x11 build\kernel\src\thread.o
 *fill*         0x0000e5f9        0x3 ff
 .rodata.__FUNCTION__.6
                0x0000e5fc       0x11 build\kernel\src\thread.o
 *fill*         0x0000e60d        0x3 ff
 .rodata.__FUNCTION__.5
                0x0000e610       0x10 build\kernel\src\thread.o
 .rodata.__FUNCTION__.3
                0x0000e620       0x12 build\kernel\src\thread.o
 *fill*         0x0000e632        0x2 ff
 .rodata.__FUNCTION__.2
                0x0000e634       0x1c build\kernel\src\thread.o
 .rodata.__FUNCTION__.1
                0x0000e650       0x1c build\kernel\src\thread.o
 .rodata.__FUNCTION__.0
                0x0000e66c       0x11 build\kernel\src\thread.o
 *fill*         0x0000e67d        0x3 ff
 .rodata        0x0000e680      0x10e build\kernel\src\timer.o
 *fill*         0x0000e78e        0x2 ff
 .rodata.__FUNCTION__.7
                0x0000e790        0xe build\kernel\src\timer.o
 *fill*         0x0000e79e        0x2 ff
 .rodata.__FUNCTION__.6
                0x0000e7a0       0x10 build\kernel\src\timer.o
 .rodata.__FUNCTION__.3
                0x0000e7b0        0xf build\kernel\src\timer.o
 *fill*         0x0000e7bf        0x1 ff
 .rodata.__FUNCTION__.1
                0x0000e7c0        0xe build\kernel\src\timer.o
 *fill*         0x0000e7ce        0x2 ff
 .rodata.__FUNCTION__.0
                0x0000e7d0       0x11 build\kernel\src\timer.o
 *fill*         0x0000e7e1        0x3 ff
 .rodata.name   0x0000e7e4       0x16 libraries\HAL_Drivers\drv_common.o
                0x0000e7e4                __fsym_reboot_name
                0x0000e7ec                __fsym_reboot_desc
 *fill*         0x0000e7fa        0x2 ff
 .rodata        0x0000e7fc        0x6 libraries\HAL_Drivers\drv_common.o
 *fill*         0x0000e802        0x2 ff
 .rodata        0x0000e804      0x170 libraries\HAL_Drivers\drv_gpio.o
 .rodata._ra_pin_ops
                0x0000e974       0x1c libraries\HAL_Drivers\drv_gpio.o
 .rodata        0x0000e990       0x7d libraries\HAL_Drivers\drv_usart_v2.o
 *fill*         0x0000ea0d        0x3 ff
 .rodata.ra_uart_ops
                0x0000ea10       0x14 libraries\HAL_Drivers\drv_usart_v2.o
 .rodata.__FUNCTION__.5
                0x0000ea24       0x12 libraries\HAL_Drivers\drv_usart_v2.o
 *fill*         0x0000ea36        0x2 ff
 .rodata.__FUNCTION__.4
                0x0000ea38        0xd libraries\HAL_Drivers\drv_usart_v2.o
 *fill*         0x0000ea45        0x3 ff
 .rodata.__FUNCTION__.2
                0x0000ea48       0x11 libraries\HAL_Drivers\drv_usart_v2.o
 *fill*         0x0000ea59        0x3 ff
 .rodata.__FUNCTION__.1
                0x0000ea5c       0x14 libraries\HAL_Drivers\drv_usart_v2.o
 .rodata.__FUNCTION__.0
                0x0000ea70       0x11 libraries\HAL_Drivers\drv_usart_v2.o
 *fill*         0x0000ea81        0x3 ff
 .rodata.g_prcr_masks
                0x0000ea84        0x8 ra\fsp\src\bsp\mcu\all\bsp_register_protection.o
 .rodata.g_ioport_on_ioport
                0x0000ea8c       0x38 ra\fsp\src\r_ioport\r_ioport.o
                0x0000ea8c                g_ioport_on_ioport
 .rodata.g_vbatt_pins_input
                0x0000eac4        0x6 ra\fsp\src\r_ioport\r_ioport.o
 *fill*         0x0000eaca        0x2 ff
 .rodata.g_ioport
                0x0000eacc        0xc build\ra_gen\common_data.o
                0x0000eacc                g_ioport
 .rodata.g_external_irq0_cfg
                0x0000ead8       0x14 build\ra_gen\hal_data.o
                0x0000ead8                g_external_irq0_cfg
 .rodata.g_uart7_cfg_extend
                0x0000eaec       0x10 build\ra_gen\hal_data.o
                0x0000eaec                g_uart7_cfg_extend
 .rodata.g_uart7_cfg
                0x0000eafc       0x20 build\ra_gen\hal_data.o
                0x0000eafc                g_uart7_cfg
 .rodata.g_bsp_pin_cfg_data
                0x0000eb1c      0x138 build\ra_gen\pin_data.o
                0x0000eb1c                g_bsp_pin_cfg_data
 .rodata.g_bsp_pin_cfg
                0x0000ec54        0x8 build\ra_gen\pin_data.o
                0x0000ec54                g_bsp_pin_cfg
 .rodata.g_interrupt_event_link_select
                0x0000ec5c       0xc0 build\ra_gen\vector_data.o
                0x0000ec5c                g_interrupt_event_link_select
 .rodata        0x0000ed1c       0x77 build\src\hal_entry.o
 *fill*         0x0000ed93        0x1 ff
 .rodata.name   0x0000ed94       0x17 build\src\hal_entry.o
                0x0000ed94                __fsym_icu_sample_name
                0x0000eda0                __fsym_icu_sample_desc
 *fill*         0x0000edab        0x1 ff
 .rodata._ctype_
                0x0000edac      0x101 d:/llc/softwares/env-windows-v1.3.5/tools/gnu_gcc/arm_gcc/mingw/bin/../lib/gcc/arm-none-eabi/10.3.1/../../../../arm-none-eabi/lib/thumb/v8-m.main+fp/hard\libc.a(lib_a-ctype_.o)
                0x0000edac                _ctype_
 *fill*         0x0000eead        0x3 ff
 .rodata._global_impure_ptr
                0x0000eeb0        0x4 d:/llc/softwares/env-windows-v1.3.5/tools/gnu_gcc/arm_gcc/mingw/bin/../lib/gcc/arm-none-eabi/10.3.1/../../../../arm-none-eabi/lib/thumb/v8-m.main+fp/hard\libc.a(lib_a-impure.o)
                0x0000eeb0                _global_impure_ptr
                0x0000eeb4                __usb_dev_descriptor_start_fs = .
 *(.usb_device_desc_fs*)
                0x0000eeb4                __usb_cfg_descriptor_start_fs = .
 *(.usb_config_desc_fs*)
                0x0000eeb4                __usb_interface_descriptor_start_fs = .
 *(.usb_interface_desc_fs*)
                0x0000eeb4                __usb_descriptor_end_fs = .
                0x0000eeb4                __usb_dev_descriptor_start_hs = .
 *(.usb_device_desc_hs*)
                0x0000eeb4                __usb_cfg_descriptor_start_hs = .
 *(.usb_config_desc_hs*)
                0x0000eeb4                __usb_interface_descriptor_start_hs = .
 *(.usb_interface_desc_hs*)
                0x0000eeb4                __usb_descriptor_end_hs = .
 *(.eh_frame*)
 .eh_frame      0x0000eeb4        0x0 d:/llc/softwares/env-windows-v1.3.5/tools/gnu_gcc/arm_gcc/mingw/bin/../lib/gcc/arm-none-eabi/10.3.1/thumb/v8-m.main+fp/hard/crtbegin.o
 .eh_frame      0x0000eeb4        0x4 d:/llc/softwares/env-windows-v1.3.5/tools/gnu_gcc/arm_gcc/mingw/bin/../lib/gcc/arm-none-eabi/10.3.1/thumb/v8-m.main+fp/hard/crtend.o
                0x0000eeb8                __ROM_End = .
                0x000001c0                __Vectors_Size = (__Vectors_End - __Vectors)

.glue_7         0x0000eeb8        0x0
 .glue_7        0x0000eeb8        0x0 linker stubs

.glue_7t        0x0000eeb8        0x0
 .glue_7t       0x0000eeb8        0x0 linker stubs

.vfp11_veneer   0x0000eeb8        0x0
 .vfp11_veneer  0x0000eeb8        0x0 linker stubs

.v4_bx          0x0000eeb8        0x0
 .v4_bx         0x0000eeb8        0x0 linker stubs

.iplt           0x0000eeb8        0x0
 .iplt          0x0000eeb8        0x0 d:/llc/softwares/env-windows-v1.3.5/tools/gnu_gcc/arm_gcc/mingw/bin/../lib/gcc/arm-none-eabi/10.3.1/thumb/v8-m.main+fp/hard/crtbegin.o

.ARM.extab
 *(.ARM.extab* .gnu.linkonce.armextab.*)
                0x0000eeb8                __exidx_start = .

.ARM.exidx
 *(.ARM.exidx* .gnu.linkonce.armexidx.*)
                0x0000eeb8                __exidx_end = .
                0x0000eeb8                __etext = .
                0x20000000                __tz_RAM_S = ORIGIN (RAM)

.fsp_dtc_vector_table
                0x20000000        0x0
                0x20000000                . = ORIGIN (RAM)
 *(.fsp_dtc_vector_table)

.data           0x20000000      0x528 load address 0x0000eeb8
                0x20000000                __data_start__ = .
                0x20000000                . = ALIGN (0x4)
                0x20000000                __Code_In_RAM_Start = .
 *(.code_in_ram*)
                0x20000000                __Code_In_RAM_End = .
 *(vtable)
 *(.data.*)
 .data._rt_thread_defunct
                0x20000000        0x8 build\kernel\src\idle.o
 .data.rt_errno_strs
                0x20000008       0x30 build\kernel\src\kservice.o
 .data._object_container
                0x20000038       0xa0 build\kernel\src\object.o
 .data._soft_timer_status
                0x200000d8        0x1 build\kernel\src\timer.o
 *fill*         0x200000d9        0x3 
 .data.uart_config
                0x200000dc        0xc libraries\HAL_Drivers\drv_usart_v2.o
 .data.g_uart7_baud_setting
                0x200000e8        0x4 build\ra_gen\hal_data.o
                0x200000e8                g_uart7_baud_setting
 .data._impure_ptr
                0x200000ec        0x4 d:/llc/softwares/env-windows-v1.3.5/tools/gnu_gcc/arm_gcc/mingw/bin/../lib/gcc/arm-none-eabi/10.3.1/../../../../arm-none-eabi/lib/thumb/v8-m.main+fp/hard\libc.a(lib_a-impure.o)
                0x200000ec                _impure_ptr
 .data.impure_data
                0x200000f0      0x428 d:/llc/softwares/env-windows-v1.3.5/tools/gnu_gcc/arm_gcc/mingw/bin/../lib/gcc/arm-none-eabi/10.3.1/../../../../arm-none-eabi/lib/thumb/v8-m.main+fp/hard\libc.a(lib_a-impure.o)
 .data.__atexit_recursive_mutex
                0x20000518        0x4 d:/llc/softwares/env-windows-v1.3.5/tools/gnu_gcc/arm_gcc/mingw/bin/../lib/gcc/arm-none-eabi/10.3.1/../../../../arm-none-eabi/lib/thumb/v8-m.main+fp/hard\libc.a(lib_a-__call_atexit.o)
                0x20000518                __atexit_recursive_mutex
 *(.data)
                0x2000051c                . = ALIGN (0x4)
                [!provide]                PROVIDE (__preinit_array_start = .)
 *(.preinit_array)
                [!provide]                PROVIDE (__preinit_array_end = .)
                0x2000051c                . = ALIGN (0x4)
                0x2000051c                PROVIDE (__init_array_start = .)
 *(SORT_BY_NAME(.init_array.*))
 .init_array.00000
                0x2000051c        0x4 d:/llc/softwares/env-windows-v1.3.5/tools/gnu_gcc/arm_gcc/mingw/bin/../lib/gcc/arm-none-eabi/10.3.1/../../../../arm-none-eabi/lib/thumb/v8-m.main+fp/hard\libc.a(lib_a-__call_atexit.o)
 *(.init_array)
 .init_array    0x20000520        0x4 d:/llc/softwares/env-windows-v1.3.5/tools/gnu_gcc/arm_gcc/mingw/bin/../lib/gcc/arm-none-eabi/10.3.1/thumb/v8-m.main+fp/hard/crtbegin.o
                0x20000524                PROVIDE (__init_array_end = .)
                0x20000524                . = ALIGN (0x4)
                0x20000524                PROVIDE (__fini_array_start = .)
 *(SORT_BY_NAME(.fini_array.*))
 *(.fini_array)
 .fini_array    0x20000524        0x4 d:/llc/softwares/env-windows-v1.3.5/tools/gnu_gcc/arm_gcc/mingw/bin/../lib/gcc/arm-none-eabi/10.3.1/thumb/v8-m.main+fp/hard/crtbegin.o
                0x20000528                PROVIDE (__fini_array_end = .)
 *(.jcr*)
                0x20000528                . = ALIGN (0x4)
                0x20000528                __data_end__ = .

.igot.plt       0x20000528        0x0 load address 0x0000f3e0
 .igot.plt      0x20000528        0x0 d:/llc/softwares/env-windows-v1.3.5/tools/gnu_gcc/arm_gcc/mingw/bin/../lib/gcc/arm-none-eabi/10.3.1/thumb/v8-m.main+fp/hard/crtbegin.o

.gnu.sgstubs    0x0000f400        0x0
                0x0000f400                . = (DEFINED (PROJECT_SECURE) && DEFINED (FLASH_NSC_START))?ABSOLUTE (FLASH_NSC_START):ALIGN (0x400)
                0x0000f400                __tz_FLASH_C = DEFINED (FLASH_NSC_START)?ABSOLUTE (FLASH_NSC_START):__RESERVE_NS_RAM?ABSOLUTE ((FLASH_START + FLASH_LENGTH)):ALIGN (0x400)
                0x0000f400                _start_sg = .
 *(.gnu.sgstubs*)
                0x0000f400                . = ALIGN (0x20)
                0x0000f400                _end_sg = .
                0x00010000                __tz_FLASH_N = DEFINED (FLASH_NS_START)?ABSOLUTE (FLASH_NS_START):__RESERVE_NS_RAM?ABSOLUTE ((FLASH_START + FLASH_LENGTH)):(FLASH_LENGTH < 0x8000)?FLASH_LENGTH:ALIGN (0x8000)
                0x00010000                FLASH_NS_IMAGE_START = DEFINED (FLASH_NS_IMAGE_START)?FLASH_NS_IMAGE_START:__tz_FLASH_N
                0x60000000                __tz_QSPI_FLASH_S = ORIGIN (QSPI_FLASH)

.qspi_flash     0x60000000        0x0
                0x60000000                __qspi_flash_start__ = .
 *(.qspi_flash*)
 *(.code_in_qspi*)
                0x60000000                __qspi_flash_end__ = .
                0x00000000                __qspi_flash_code_size__ = (__qspi_flash_end__ - __qspi_flash_start__)
                0x0000f3e0                __qspi_flash_code_addr__ = (__etext + (__data_end__ - __data_start__))

.qspi_non_retentive
                0x60000000        0x0 load address 0x0000f3e0
                0x60000000                __qspi_non_retentive_start__ = .
 *(.qspi_non_retentive*)
                0x60000000                __qspi_non_retentive_end__ = .
                0x00000000                __qspi_non_retentive_size__ = (__qspi_non_retentive_end__ - __qspi_non_retentive_start__)
                0x04000000                __qspi_region_max_size__ = 0x4000000
                0x60000000                __qspi_region_start_address__ = __qspi_flash_start__
                0x64000000                __qspi_region_end_address__ = (__qspi_flash_start__ + __qspi_region_max_size__)
                0x60000000                __tz_QSPI_FLASH_N = __qspi_non_retentive_end__

.OSPI_DEVICE_0_NO_LOAD
                0x68000000        0x0
                0x68000000                . = ALIGN (0x4)
                0x68000000                __ospi_device_0_start__ = .
 *(.ospi_device_0_no_load*)
                0x68000000                . = ALIGN (0x4)
                0x68000000                __ospi_device_0_end__ = .

.OSPI_DEVICE_1_NO_LOAD
                0x70000000        0x0
                0x70000000                . = ALIGN (0x4)
                0x70000000                __ospi_device_1_start__ = .
 *(.ospi_device_1_no_load*)
                0x70000000                . = ALIGN (0x4)
                0x70000000                __ospi_device_1_end__ = .
                0x68000000                __tz_OSPI_DEVICE_0_S = ORIGIN (OSPI_DEVICE_0)

.OSPI_DEVICE_0  0x68000000        0x0
                0x68000000                __ospi_device_0_start__ = .
 *(.ospi_device_0*)
 *(.code_in_ospi_device_0*)
                0x68000000                __ospi_device_0_end__ = .
                0x00000000                __ospi_device_0_code_size__ = (__ospi_device_0_end__ - __ospi_device_0_start__)
                0x0000f3e0                __ospi_device_0_code_addr__ = (__etext + (__data_end__ - __data_start__))

.ospi_device_0_non_retentive
                0x68000000        0x0 load address 0x0000f3e0
                0x68000000                __ospi_device_0_non_retentive_start__ = .
 *(.ospi_device_0_non_retentive*)
                0x68000000                __ospi_device_0_non_retentive_end__ = .
                0x00000000                __ospi_device_0_non_retentive_size__ = (__ospi_device_0_non_retentive_end__ - __ospi_device_0_non_retentive_start__)
                0x08000000                __ospi_device_0_region_max_size__ = 0x8000000
                0x68000000                __ospi_device_0_region_start_address__ = __ospi_device_0_start__
                0x70000000                __ospi_device_0_region_end_address__ = (__ospi_device_0_start__ + __ospi_device_0_region_max_size__)
                0x68000000                __tz_OSPI_DEVICE_0_N = __ospi_device_0_non_retentive_end__
                0x70000000                __tz_OSPI_DEVICE_1_S = ORIGIN (OSPI_DEVICE_1)

.OSPI_DEVICE_1  0x70000000        0x0
                0x70000000                __ospi_device_1_start__ = .
 *(.ospi_device_1*)
 *(.code_in_ospi_device_1*)
                0x70000000                __ospi_device_1_end__ = .
                0x00000000                __ospi_device_1_code_size__ = (__ospi_device_1_end__ - __ospi_device_1_start__)
                0x0000f3e0                __ospi_device_1_code_addr__ = (__etext + (__data_end__ - __data_start__))

.ospi_device_1_non_retentive
                0x70000000        0x0 load address 0x0000f3e0
                0x70000000                __ospi_device_1_non_retentive_start__ = .
 *(.ospi_device_1_non_retentive*)
                0x70000000                __ospi_device_1_non_retentive_end__ = .
                0x00000000                __ospi_device_1_non_retentive_size__ = (__ospi_device_1_non_retentive_end__ - __ospi_device_1_non_retentive_start__)
                0x10000000                __ospi_device_1_region_max_size__ = 0x10000000
                0x70000000                __ospi_device_1_region_start_address__ = __ospi_device_1_start__