Archive member included to satisfy reference by file (symbol)

d:/soft/env/env_released_1.3.5/env-windows-v1.3.5/tools/gnu_gcc/arm_gcc/mingw/bin/../lib/gcc/arm-none-eabi/10.3.1/../../../../arm-none-eabi/lib/thumb/v7e-m+fp/hard\libc.a(lib_a-atoi.o)
                              D:\xiot\xiotman-master\out\app_uart_debug(ra6m3-hmi)\kernel\components\drivers\misc\pin.o (atoi)
d:/soft/env/env_released_1.3.5/env-windows-v1.3.5/tools/gnu_gcc/arm_gcc/mingw/bin/../lib/gcc/arm-none-eabi/10.3.1/../../../../arm-none-eabi/lib/thumb/v7e-m+fp/hard\libc.a(lib_a-ctype_.o)
                              D:\xiot\xiotman-master\out\app_uart_debug(ra6m3-hmi)\kernel\components\drivers\misc\pin.o (_ctype_)
d:/soft/env/env_released_1.3.5/env-windows-v1.3.5/tools/gnu_gcc/arm_gcc/mingw/bin/../lib/gcc/arm-none-eabi/10.3.1/../../../../arm-none-eabi/lib/thumb/v7e-m+fp/hard\libc.a(lib_a-exit.o)
                              d:/soft/env/env_released_1.3.5/env-windows-v1.3.5/tools/gnu_gcc/arm_gcc/mingw/bin/../lib/gcc/arm-none-eabi/10.3.1/../../../../arm-none-eabi/lib/thumb/v7e-m+fp/hard/crt0.o (exit)
d:/soft/env/env_released_1.3.5/env-windows-v1.3.5/tools/gnu_gcc/arm_gcc/mingw/bin/../lib/gcc/arm-none-eabi/10.3.1/../../../../arm-none-eabi/lib/thumb/v7e-m+fp/hard\libc.a(lib_a-impure.o)
                              d:/soft/env/env_released_1.3.5/env-windows-v1.3.5/tools/gnu_gcc/arm_gcc/mingw/bin/../lib/gcc/arm-none-eabi/10.3.1/../../../../arm-none-eabi/lib/thumb/v7e-m+fp/hard\libc.a(lib_a-exit.o) (_global_impure_ptr)
d:/soft/env/env_released_1.3.5/env-windows-v1.3.5/tools/gnu_gcc/arm_gcc/mingw/bin/../lib/gcc/arm-none-eabi/10.3.1/../../../../arm-none-eabi/lib/thumb/v7e-m+fp/hard\libc.a(lib_a-malloc.o)
                              D:\xiot\xiotman-master\out\app_uart_debug(ra6m3-hmi)\kernel\components\libc\compilers\common\cstring.o (malloc)
d:/soft/env/env_released_1.3.5/env-windows-v1.3.5/tools/gnu_gcc/arm_gcc/mingw/bin/../lib/gcc/arm-none-eabi/10.3.1/../../../../arm-none-eabi/lib/thumb/v7e-m+fp/hard\libc.a(lib_a-memcmp.o)
                              D:\xiot\xiotman-master\out\app_uart_debug(ra6m3-hmi)\kernel\components\finsh\shell.o (memcmp)
d:/soft/env/env_released_1.3.5/env-windows-v1.3.5/tools/gnu_gcc/arm_gcc/mingw/bin/../lib/gcc/arm-none-eabi/10.3.1/../../../../arm-none-eabi/lib/thumb/v7e-m+fp/hard\libc.a(lib_a-memcpy.o)
                              ra\fsp\src\bsp\cmsis\Device\RENESAS\Source\system.o (memcpy)
d:/soft/env/env_released_1.3.5/env-windows-v1.3.5/tools/gnu_gcc/arm_gcc/mingw/bin/../lib/gcc/arm-none-eabi/10.3.1/../../../../arm-none-eabi/lib/thumb/v7e-m+fp/hard\libc.a(lib_a-memset.o)
                              d:/soft/env/env_released_1.3.5/env-windows-v1.3.5/tools/gnu_gcc/arm_gcc/mingw/bin/../lib/gcc/arm-none-eabi/10.3.1/../../../../arm-none-eabi/lib/thumb/v7e-m+fp/hard/crt0.o (memset)
d:/soft/env/env_released_1.3.5/env-windows-v1.3.5/tools/gnu_gcc/arm_gcc/mingw/bin/../lib/gcc/arm-none-eabi/10.3.1/../../../../arm-none-eabi/lib/thumb/v7e-m+fp/hard\libc.a(lib_a-strchr.o)
                              D:\xiot\xiotman-master\out\app_uart_debug(ra6m3-hmi)\kernel\components\libc\compilers\common\cstring.o (strchr)
d:/soft/env/env_released_1.3.5/env-windows-v1.3.5/tools/gnu_gcc/arm_gcc/mingw/bin/../lib/gcc/arm-none-eabi/10.3.1/../../../../arm-none-eabi/lib/thumb/v7e-m+fp/hard\libc.a(lib_a-strcmp.o)
                              D:\xiot\xiotman-master\out\app_uart_debug(ra6m3-hmi)\kernel\components\finsh\cmd.o (strcmp)
d:/soft/env/env_released_1.3.5/env-windows-v1.3.5/tools/gnu_gcc/arm_gcc/mingw/bin/../lib/gcc/arm-none-eabi/10.3.1/../../../../arm-none-eabi/lib/thumb/v7e-m+fp/hard\libc.a(lib_a-strcpy.o)
                              D:\xiot\xiotman-master\out\app_uart_debug(ra6m3-hmi)\kernel\components\finsh\shell.o (strcpy)
d:/soft/env/env_released_1.3.5/env-windows-v1.3.5/tools/gnu_gcc/arm_gcc/mingw/bin/../lib/gcc/arm-none-eabi/10.3.1/../../../../arm-none-eabi/lib/thumb/v7e-m+fp/hard\libc.a(lib_a-strlen.o)
                              D:\xiot\xiotman-master\out\app_uart_debug(ra6m3-hmi)\kernel\components\finsh\msh.o (strlen)
d:/soft/env/env_released_1.3.5/env-windows-v1.3.5/tools/gnu_gcc/arm_gcc/mingw/bin/../lib/gcc/arm-none-eabi/10.3.1/../../../../arm-none-eabi/lib/thumb/v7e-m+fp/hard\libc.a(lib_a-strncat.o)
                              D:\xiot\xiotman-master\out\app_uart_debug(ra6m3-hmi)\kernel\components\drivers\misc\pin.o (strncat)
d:/soft/env/env_released_1.3.5/env-windows-v1.3.5/tools/gnu_gcc/arm_gcc/mingw/bin/../lib/gcc/arm-none-eabi/10.3.1/../../../../arm-none-eabi/lib/thumb/v7e-m+fp/hard\libc.a(lib_a-strncmp.o)
                              D:\xiot\xiotman-master\out\app_uart_debug(ra6m3-hmi)\kernel\components\finsh\msh.o (strncmp)
d:/soft/env/env_released_1.3.5/env-windows-v1.3.5/tools/gnu_gcc/arm_gcc/mingw/bin/../lib/gcc/arm-none-eabi/10.3.1/../../../../arm-none-eabi/lib/thumb/v7e-m+fp/hard\libc.a(lib_a-strncpy.o)
[...]
Memory Configuration

Name             Origin             Length             Attributes
FLASH            0x00000000         0x00200000         xr
RAM              0x1ffe0000         0x000a0000         xrw
DATA_FLASH       0x40100000         0x00010000         xr
QSPI_FLASH       0x60000000         0x04000000         xr
OSPI_DEVICE_0    0x68000000         0x00000000         xr
OSPI_DEVICE_1    0x70000000         0x00000000         xr
OSPI_DEVICE_0_RAM 0x68000000         0x00000000         xrw
OSPI_DEVICE_1_RAM 0x70000000         0x00000000         xrw
SDRAM            0x90000000         0x08000000         xrw
OPTION_SETTING   0x00000000         0x00000000         r
OPTION_SETTING_S 0x00000000         0x00000000         r
ID_CODE          0x0100a150         0x00000010         xr
*default*        0x00000000         0xffffffff

Linker script and memory map

LOAD d:/soft/env/env_released_1.3.5/env-windows-v1.3.5/tools/gnu_gcc/arm_gcc/mingw/bin/../lib/gcc/arm-none-eabi/10.3.1/thumb/v7e-m+fp/hard/crti.o
LOAD d:/soft/env/env_released_1.3.5/env-windows-v1.3.5/tools/gnu_gcc/arm_gcc/mingw/bin/../lib/gcc/arm-none-eabi/10.3.1/thumb/v7e-m+fp/hard/crtbegin.o
LOAD d:/soft/env/env_released_1.3.5/env-windows-v1.3.5/tools/gnu_gcc/arm_gcc/mingw/bin/../lib/gcc/arm-none-eabi/10.3.1/../../../../arm-none-eabi/lib/thumb/v7e-m+fp/hard/crt0.o
LOAD D:\xiot\xiotman-master\out\app_uart_debug(ra6m3-hmi)\kernel\components\drivers\ipc\completion.o
LOAD D:\xiot\xiotman-master\out\app_uart_debug(ra6m3-hmi)\kernel\components\drivers\ipc\dataqueue.o
LOAD D:\xiot\xiotman-master\out\app_uart_debug(ra6m3-hmi)\kernel\components\drivers\ipc\pipe.o
LOAD D:\xiot\xiotman-master\out\app_uart_debug(ra6m3-hmi)\kernel\components\drivers\ipc\ringblk_buf.o
LOAD D:\xiot\xiotman-master\out\app_uart_debug(ra6m3-hmi)\kernel\components\drivers\ipc\ringbuffer.o
LOAD D:\xiot\xiotman-master\out\app_uart_debug(ra6m3-hmi)\kernel\components\drivers\ipc\waitqueue.o
LOAD D:\xiot\xiotman-master\out\app_uart_debug(ra6m3-hmi)\kernel\components\drivers\ipc\workqueue.o
LOAD D:\xiot\xiotman-master\out\app_uart_debug(ra6m3-hmi)\kernel\components\drivers\misc\pin.o
LOAD D:\xiot\xiotman-master\out\app_uart_debug(ra6m3-hmi)\kernel\components\drivers\serial\serial_v2.o
LOAD D:\xiot\xiotman-master\out\app_uart_debug(ra6m3-hmi)\kernel\components\finsh\cmd.o
LOAD D:\xiot\xiotman-master\out\app_uart_debug(ra6m3-hmi)\kernel\components\finsh\msh.o
LOAD D:\xiot\xiotman-master\out\app_uart_debug(ra6m3-hmi)\kernel\components\finsh\msh_parse.o
LOAD D:\xiot\xiotman-master\out\app_uart_debug(ra6m3-hmi)\kernel\components\finsh\shell.o
LOAD D:\xiot\xiotman-master\out\app_uart_debug(ra6m3-hmi)\kernel\components\libc\compilers\common\cctype.o
LOAD D:\xiot\xiotman-master\out\app_uart_debug(ra6m3-hmi)\kernel\components\libc\compilers\common\cstdio.o
LOAD D:\xiot\xiotman-master\out\app_uart_debug(ra6m3-hmi)\kernel\components\libc\compilers\common\cstdlib.o
LOAD D:\xiot\xiotman-master\out\app_uart_debug(ra6m3-hmi)\kernel\components\libc\compilers\common\cstring.o
LOAD D:\xiot\xiotman-master\out\app_uart_debug(ra6m3-hmi)\kernel\components\libc\compilers\common\ctime.o
LOAD D:\xiot\xiotman-master\out\app_uart_debug(ra6m3-hmi)\kernel\components\libc\compilers\common\cwchar.o
LOAD D:\xiot\xiotman-master\out\app_uart_debug(ra6m3-hmi)\kernel\components\libc\compilers\newlib\syscalls.o
LOAD D:\xiot\xiotman-master\out\app_uart_debug(ra6m3-hmi)\kernel\libcpu\arm\common\div0.o
LOAD D:\xiot\xiotman-master\out\app_uart_debug(ra6m3-hmi)\kernel\libcpu\arm\common\showmem.o
LOAD D:\xiot\xiotman-master\out\app_uart_debug(ra6m3-hmi)\kernel\libcpu\arm\cortex-m4\context_gcc.o
LOAD D:\xiot\xiotman-master\out\app_uart_debug(ra6m3-hmi)\kernel\libcpu\arm\cortex-m4\cpuport.o
LOAD D:\xiot\xiotman-master\out\app_uart_debug(ra6m3-hmi)\kernel\src\clock.o
LOAD D:\xiot\xiotman-master\out\app_uart_debug(ra6m3-hmi)\kernel\src\components.o
LOAD D:\xiot\xiotman-master\out\app_uart_debug(ra6m3-hmi)\kernel\src\device.o
LOAD D:\xiot\xiotman-master\out\app_uart_debug(ra6m3-hmi)\kernel\src\idle.o
LOAD D:\xiot\xiotman-master\out\app_uart_debug(ra6m3-hmi)\kernel\src\ipc.o
LOAD D:\xiot\xiotman-master\out\app_uart_debug(ra6m3-hmi)\kernel\src\irq.o
LOAD D:\xiot\xiotman-master\out\app_uart_debug(ra6m3-hmi)\kernel\src\kservice.o
LOAD D:\xiot\xiotman-master\out\app_uart_debug(ra6m3-hmi)\kernel\src\mem.o
LOAD D:\xiot\xiotman-master\out\app_uart_debug(ra6m3-hmi)\kernel\src\object.o
LOAD D:\xiot\xiotman-master\out\app_uart_debug(ra6m3-hmi)\kernel\src\scheduler.o
LOAD D:\xiot\xiotman-master\out\app_uart_debug(ra6m3-hmi)\kernel\src\thread.o
LOAD D:\xiot\xiotman-master\out\app_uart_debug(ra6m3-hmi)\kernel\src\timer.o
LOAD ra\fsp\src\bsp\cmsis\Device\RENESAS\Source\startup.o
LOAD ra\fsp\src\bsp\cmsis\Device\RENESAS\Source\system.o
LOAD ra\fsp\src\bsp\mcu\all\bsp_clocks.o
LOAD ra\fsp\src\bsp\mcu\all\bsp_common.o
LOAD ra\fsp\src\bsp\mcu\all\bsp_delay.o
LOAD ra\fsp\src\bsp\mcu\all\bsp_group_irq.o
LOAD ra\fsp\src\bsp\mcu\all\bsp_guard.o
LOAD ra\fsp\src\bsp\mcu\all\bsp_io.o
LOAD ra\fsp\src\bsp\mcu\all\bsp_irq.o
LOAD ra\fsp\src\bsp\mcu\all\bsp_register_protection.o
LOAD ra\fsp\src\bsp\mcu\all\bsp_rom_registers.o
LOAD ra\fsp\src\bsp\mcu\all\bsp_sbrk.o
LOAD ra\fsp\src\bsp\mcu\all\bsp_security.o
LOAD ra\fsp\src\r_can\r_can.o
LOAD ra\fsp\src\r_dmac\r_dmac.o
LOAD ra\fsp\src\r_drw\r_drw_base.o
LOAD ra\fsp\src\r_drw\r_drw_irq.o
LOAD ra\fsp\src\r_drw\r_drw_memory.o
LOAD ra\fsp\src\r_dtc\r_dtc.o
LOAD ra\fsp\src\r_ether\r_ether.o
LOAD ra\fsp\src\r_ether_phy\r_ether_phy.o
LOAD ra\fsp\src\r_glcdc\r_glcdc.o
LOAD ra\fsp\src\r_gpt\r_gpt.o
LOAD ra\fsp\src\r_icu\r_icu.o
LOAD ra\fsp\src\r_ioport\r_ioport.o
LOAD ra\fsp\src\r_jpeg\r_jpeg.o
LOAD ra\fsp\src\r_sci_spi\r_sci_spi.o
LOAD ra\fsp\src\r_sci_uart\r_sci_uart.o
LOAD ra\fsp\src\r_sdhi\r_sdhi.o
LOAD ra\fsp\src\r_ssi\r_ssi.o
LOAD ra\tes\dave2d\src\dave_64bitoperation.o
LOAD ra\tes\dave2d\src\dave_base.o
LOAD ra\tes\dave2d\src\dave_blit.o
LOAD ra\tes\dave2d\src\dave_box.o
LOAD ra\tes\dave2d\src\dave_circle.o
LOAD ra\tes\dave2d\src\dave_context.o
LOAD ra\tes\dave2d\src\dave_curve.o
LOAD ra\tes\dave2d\src\dave_dlist.o
LOAD ra\tes\dave2d\src\dave_driver.o
LOAD ra\tes\dave2d\src\dave_edge.o
LOAD ra\tes\dave2d\src\dave_errorcodes.o
LOAD ra\tes\dave2d\src\dave_gradient.o
LOAD ra\tes\dave2d\src\dave_hardware.o
LOAD ra\tes\dave2d\src\dave_line.o
LOAD ra\tes\dave2d\src\dave_math.o
LOAD ra\tes\dave2d\src\dave_memory.o
LOAD ra\tes\dave2d\src\dave_pattern.o
LOAD ra\tes\dave2d\src\dave_perfcount.o
LOAD ra\tes\dave2d\src\dave_polyline.o
LOAD ra\tes\dave2d\src\dave_quad.o
LOAD ra\tes\dave2d\src\dave_rbuffer.o
LOAD ra\tes\dave2d\src\dave_render.o
LOAD ra\tes\dave2d\src\dave_texture.o
LOAD ra\tes\dave2d\src\dave_triangle.o
LOAD ra\tes\dave2d\src\dave_utility.o
LOAD ra\tes\dave2d\src\dave_viewport.o
LOAD ra\tes\dave2d\src\dave_wedge.o
LOAD D:\xiot\xiotman-master\out\app_uart_debug(ra6m3-hmi)\ra_gen\common_data.o
LOAD D:\xiot\xiotman-master\out\app_uart_debug(ra6m3-hmi)\ra_gen\hal_data.o
LOAD D:\xiot\xiotman-master\out\app_uart_debug(ra6m3-hmi)\ra_gen\main.o
LOAD D:\xiot\xiotman-master\out\app_uart_debug(ra6m3-hmi)\ra_gen\pin_data.o
LOAD D:\xiot\xiotman-master\out\app_uart_debug(ra6m3-hmi)\ra_gen\vector_data.o
LOAD D:\xiot\xiotman-master\out\app_uart_debug(ra6m3-hmi)\src\hal_entry.o
LOAD D:\xiot\xiotman-master\out\app_uart_debug(ra6m3-hmi)\board\ra6m3_it.o
LOAD libraries\HAL_Drivers\drv_common.o
LOAD libraries\HAL_Drivers\drv_gpio.o
LOAD libraries\HAL_Drivers\drv_usart_v2.o
LOAD d:/soft/env/env_released_1.3.5/env-windows-v1.3.5/tools/gnu_gcc/arm_gcc/mingw/bin/../lib/gcc/arm-none-eabi/10.3.1/../../../../arm-none-eabi/lib/thumb/v7e-m+fp/hard\libc.a
LOAD d:/soft/env/env_released_1.3.5/env-windows-v1.3.5/tools/gnu_gcc/arm_gcc/mingw/bin/../lib/gcc/arm-none-eabi/10.3.1/../../../../arm-none-eabi/lib/thumb/v7e-m+fp/hard\libm.a
START GROUP
LOAD d:/soft/env/env_released_1.3.5/env-windows-v1.3.5/tools/gnu_gcc/arm_gcc/mingw/bin/../lib/gcc/arm-none-eabi/10.3.1/thumb/v7e-m+fp/hard\libgcc.a
LOAD d:/soft/env/env_released_1.3.5/env-windows-v1.3.5/tools/gnu_gcc/arm_gcc/mingw/bin/../lib/gcc/arm-none-eabi/10.3.1/../../../../arm-none-eabi/lib/thumb/v7e-m+fp/hard\libc.a
END GROUP
LOAD d:/soft/env/env_released_1.3.5/env-windows-v1.3.5/tools/gnu_gcc/arm_gcc/mingw/bin/../lib/gcc/arm-none-eabi/10.3.1/thumb/v7e-m+fp/hard/crtend.o
LOAD d:/soft/env/env_released_1.3.5/env-windows-v1.3.5/tools/gnu_gcc/arm_gcc/mingw/bin/../lib/gcc/arm-none-eabi/10.3.1/thumb/v7e-m+fp/hard/crtn.o
                0x1ffe0000                RAM_START = 0x1ffe0000
                0x000a0000                RAM_LENGTH = 0xa0000
                0x00000000                FLASH_START = 0x0
                0x00200000                FLASH_LENGTH = 0x200000
                0x40100000                DATA_FLASH_START = 0x40100000
                0x00010000                DATA_FLASH_LENGTH = 0x10000
                0x00000000                OPTION_SETTING_START = 0x0
                0x00000000                OPTION_SETTING_LENGTH = 0x0
                0x00000000                OPTION_SETTING_S_START = 0x0
                0x00000000                OPTION_SETTING_S_LENGTH = 0x0
                0x0100a150                ID_CODE_START = 0x100a150
                0x00000010                ID_CODE_LENGTH = 0x10
                0x90000000                SDRAM_START = 0x90000000
                0x08000000                SDRAM_LENGTH = 0x8000000
                0x60000000                QSPI_FLASH_START = 0x60000000
                0x04000000                QSPI_FLASH_LENGTH = 0x4000000
                0x68000000                OSPI_DEVICE_0_START = 0x68000000
                0x00000000                OSPI_DEVICE_0_LENGTH = 0x0
                0x70000000                OSPI_DEVICE_1_START = 0x70000000
                0x00000000                OSPI_DEVICE_1_LENGTH = 0x0
                0x04000000                QSPI_FLASH_PRV_LENGTH = DEFINED (QSPI_FLASH_SIZE)?ABSOLUTE (QSPI_FLASH_SIZE):ABSOLUTE (QSPI_FLASH_LENGTH)
                0x00000000                OSPI_DEVICE_0_PRV_LENGTH = DEFINED (OSPI_DEVICE_0_SIZE)?ABSOLUTE (OSPI_DEVICE_0_SIZE):ABSOLUTE (OSPI_DEVICE_0_LENGTH)
                0x00000000                OSPI_DEVICE_1_PRV_LENGTH = DEFINED (OSPI_DEVICE_1_SIZE)?ABSOLUTE (OSPI_DEVICE_1_SIZE):ABSOLUTE (OSPI_DEVICE_1_LENGTH)
                0x00000000                __RESERVE_NS_RAM = ((! (DEFINED (PROJECT_NONSECURE)) && DEFINED (RAM_NS_BUFFER_LENGTH)) && (OPTION_SETTING_S_LENGTH != 0x0))
                0x00000000                RAM_NS_BUFFER_BLOCK_LENGTH = DEFINED (RAM_NS_BUFFER_LENGTH)?ALIGN (RAM_NS_BUFFER_LENGTH, 0x2000):0x0
                0x00000000                RAM_NS_BUFFER_LENGTH = DEFINED (RAM_NS_BUFFER_LENGTH)?RAM_NS_BUFFER_LENGTH:0x0
                0x20080000                RAM_NS_BUFFER_START = ((RAM_START + RAM_LENGTH) - RAM_NS_BUFFER_LENGTH)
                0x20080000                RAM_NS_BUFFER_BLOCK_START = ((RAM_START + RAM_LENGTH) - RAM_NS_BUFFER_BLOCK_LENGTH)
                0x0100a180                OPTION_SETTING_START_NS = 0x100a180
                0x00000001                __bl_FSP_BOOTABLE_IMAGE = 0x1
                0x00000001                __bln_FSP_BOOTABLE_IMAGE = 0x1
                0x00000000                PROJECT_SECURE_OR_FLAT = ((! (DEFINED (PROJECT_NONSECURE)) && OPTION_SETTING_LENGTH) && ! (DEFINED (FSP_BOOTABLE_IMAGE)))
                0x00000000                USE_OPTION_SETTING_NS = (DEFINED (PROJECT_NONSECURE) && ! (DEFINED (FSP_BOOTABLE_IMAGE)))
                0x00000000                __bl_FLASH_IMAGE_START = ! (DEFINED (FLASH_BOOTLOADER_LENGTH))?0x0:(FLASH_APPLICATION_IMAGE_NUMBER == 0x1)?(FLASH_BOOTLOADER_LENGTH + FLASH_BOOTLOADER_HEADER_LENGTH):(((FLASH_BOOTLOADER_LENGTH + FLASH_BOOTLOADER_SCRATCH_LENGTH) + FLASH_APPLICATION_S_LENGTH) + FLASH_BOOTLOADER_HEADER_LENGTH)
                0x00000000                __bl_FLASH_IMAGE_LENGTH = ! (DEFINED (FLASH_BOOTLOADER_LENGTH))?0x0:(FLASH_APPLICATION_S_LENGTH - FLASH_BOOTLOADER_HEADER_LENGTH)
                0x00000000                __bl_FLASH_IMAGE_END = (__bl_FLASH_IMAGE_START + __bl_FLASH_IMAGE_LENGTH)
                0x00000000                __bl_XIP_SECONDARY_FLASH_IMAGE_START = ! (DEFINED (FLASH_BOOTLOADER_LENGTH))?0x0:((FLASH_BOOTLOADER_LENGTH + FLASH_APPLICATION_S_LENGTH) + FLASH_BOOTLOADER_HEADER_LENGTH)
                0x00000000                __bl_XIP_SECONDARY_FLASH_IMAGE_END = (__bl_XIP_SECONDARY_FLASH_IMAGE_START + __bl_FLASH_IMAGE_LENGTH)
                0x00000000                __bl_FLASH_NS_START = ! (DEFINED (FLASH_BOOTLOADER_LENGTH))?0x0:(FLASH_APPLICATION_NS_LENGTH == 0x0)?__bl_FLASH_IMAGE_END:((__bl_FLASH_IMAGE_START - FLASH_BOOTLOADER_HEADER_LENGTH) + FLASH_APPLICATION_S_LENGTH)
                0x00000000                __bl_FLASH_NSC_START = ! (DEFINED (FLASH_BOOTLOADER_LENGTH))?0x0:(FLASH_APPLICATION_NS_LENGTH == 0x0)?__bl_FLASH_IMAGE_END:(__bl_FLASH_NS_START - FLASH_APPLICATION_NSC_LENGTH)
                0x00000000                __bl_RAM_NS_START = ! (DEFINED (FLASH_BOOTLOADER_LENGTH))?0x0:(FLASH_APPLICATION_NS_LENGTH == 0x0)?(RAM_START + RAM_LENGTH):((RAM_START + RAM_LENGTH) - RAM_APPLICATION_NS_LENGTH)
                0x00000000                __bl_RAM_NSC_START = ! (DEFINED (FLASH_BOOTLOADER_LENGTH))?0x0:(FLASH_APPLICATION_NS_LENGTH == 0x0)?(RAM_START + RAM_LENGTH):(__bl_RAM_NS_START - RAM_APPLICATION_NSC_LENGTH)
                0x00000000                __bl_FLASH_NS_IMAGE_START = ! (DEFINED (FLASH_BOOTLOADER_LENGTH))?0x0:(FLASH_APPLICATION_NS_LENGTH == 0x0)?__bl_FLASH_IMAGE_END:(__bl_FLASH_NS_START + FLASH_BOOTLOADER_HEADER_LENGTH_2)
                0x00000000                __bln_FLASH_IMAGE_START = __bl_FLASH_NS_IMAGE_START
                0x00000000                __bln_FLASH_IMAGE_LENGTH = ! (DEFINED (FLASH_BOOTLOADER_LENGTH))?0x0:(FLASH_APPLICATION_NS_LENGTH == 0x0)?__bl_FLASH_IMAGE_END:(FLASH_APPLICATION_NS_LENGTH - FLASH_BOOTLOADER_HEADER_LENGTH_2)
                0x00000000                XIP_SECONDARY_SLOT_IMAGE = DEFINED (XIP_SECONDARY_SLOT_IMAGE)?XIP_SECONDARY_SLOT_IMAGE:0x0
                0x00000000                FLASH_ORIGIN = ! (DEFINED (FLASH_IMAGE_START))?FLASH_START:(XIP_SECONDARY_SLOT_IMAGE == 0x1)?XIP_SECONDARY_FLASH_IMAGE_START:FLASH_IMAGE_START
                0x00200000                LIMITED_FLASH_LENGTH = DEFINED (FLASH_IMAGE_LENGTH)?FLASH_IMAGE_LENGTH:DEFINED (FLASH_BOOTLOADER_LENGTH)?FLASH_BOOTLOADER_LENGTH:FLASH_LENGTH
START GROUP
LOAD d:/soft/env/env_released_1.3.5/env-windows-v1.3.5/tools/gnu_gcc/arm_gcc/mingw/bin/../lib/gcc/arm-none-eabi/10.3.1/thumb/v7e-m+fp/hard\libgcc.a
LOAD d:/soft/env/env_released_1.3.5/env-windows-v1.3.5/tools/gnu_gcc/arm_gcc/mingw/bin/../lib/gcc/arm-none-eabi/10.3.1/../../../../arm-none-eabi/lib/thumb/v7e-m+fp/hard\libc.a
LOAD d:/soft/env/env_released_1.3.5/env-windows-v1.3.5/tools/gnu_gcc/arm_gcc/mingw/bin/../lib/gcc/arm-none-eabi/10.3.1/../../../../arm-none-eabi/lib/thumb/v7e-m+fp/hard\libm.a
LOAD d:/soft/env/env_released_1.3.5/env-windows-v1.3.5/tools/gnu_gcc/arm_gcc/mingw/bin/../lib/gcc/arm-none-eabi/10.3.1/../../../../arm-none-eabi/lib/thumb/v7e-m+fp/hard\libnosys.a
END GROUP

.text           0x00000000    0x10c90
                0x00000000                __tz_FLASH_S = ABSOLUTE (FLASH_START)
                0x00000000                __ROM_Start = .
 *(.fixed_vectors*)
 .fixed_vectors
                0x00000000       0x40 ra\fsp\src\bsp\cmsis\Device\RENESAS\Source\startup.o
                0x00000000                __Vectors
 *(.application_vectors*)
 .application_vectors
                0x00000040      0x180 D:\xiot\xiotman-master\out\app_uart_debug(ra6m3-hmi)\ra_gen\vector_data.o
                0x00000040                g_vector_table
                0x000001c0                __Vectors_End = .
                0x00000400                . = (OPTION_SETTING_LENGTH > 0x0)?.:(__ROM_Start + 0x400)
 *fill*         0x000001c0      0x240 ff
 *(.rom_registers*)
 .rom_registers
                0x00000400       0x3c ra\fsp\src\bsp\mcu\all\bsp_rom_registers.o
                0x00000500                . = (OPTION_SETTING_LENGTH > 0x0)?.:(__ROM_Start + 0x500)
 *fill*         0x0000043c       0xc4 ff
                0x00000500                . = ALIGN (0x80)
 *(.mcuboot_sce9_key*)
 *(.text*)
 .text          0x00000500       0x40 d:/soft/env/env_released_1.3.5/env-windows-v1.3.5/tools/gnu_gcc/arm_gcc/mingw/bin/../lib/gcc/arm-none-eabi/10.3.1/thumb/v7e-m+fp/hard/crtbegin.o
 .text.rt_list_init
                0x00000540       0x22 D:\xiot\xiotman-master\out\app_uart_debug(ra6m3-hmi)\kernel\components\drivers\ipc\completion.o
 .text.rt_list_insert_before
                0x00000562       0x32 D:\xiot\xiotman-master\out\app_uart_debug(ra6m3-hmi)\kernel\components\drivers\ipc\completion.o
 .text.rt_list_isempty
                0x00000594       0x24 D:\xiot\xiotman-master\out\app_uart_debug(ra6m3-hmi)\kernel\components\drivers\ipc\completion.o
 .text.rt_completion_init
                0x000005b8       0x44 D:\xiot\xiotman-master\out\app_uart_debug(ra6m3-hmi)\kernel\components\drivers\ipc\completion.o
                0x000005b8                rt_completion_init
 .text.rt_completion_wait
                0x000005fc      0x184 D:\xiot\xiotman-master\out\app_uart_debug(ra6m3-hmi)\kernel\components\drivers\ipc\completion.o
                0x000005fc                rt_completion_wait
 .text.rt_completion_done
                0x00000780       0x70 D:\xiot\xiotman-master\out\app_uart_debug(ra6m3-hmi)\kernel\components\drivers\ipc\completion.o
                0x00000780                rt_completion_done
 .text.rt_ringbuffer_status
                0x000007f0       0x4a D:\xiot\xiotman-master\out\app_uart_debug(ra6m3-hmi)\kernel\components\drivers\ipc\ringbuffer.o
 *fill*         0x0000083a        0x2 ff
 .text.rt_ringbuffer_init
                0x0000083c       0x94 D:\xiot\xiotman-master\out\app_uart_debug(ra6m3-hmi)\kernel\components\drivers\ipc\ringbuffer.o
                0x0000083c                rt_ringbuffer_init
 .text.rt_ringbuffer_put
                0x000008d0      0x13c D:\xiot\xiotman-master\out\app_uart_debug(ra6m3-hmi)\kernel\components\drivers\ipc\ringbuffer.o
                0x000008d0                rt_ringbuffer_put
 .text.rt_ringbuffer_get
                0x00000a0c      0x130 D:\xiot\xiotman-master\out\app_uart_debug(ra6m3-hmi)\kernel\components\drivers\ipc\ringbuffer.o
                0x00000a0c                rt_ringbuffer_get
 .text.rt_ringbuffer_putchar
                0x00000b3c       0xb0 D:\xiot\xiotman-master\out\app_uart_debug(ra6m3-hmi)\kernel\components\drivers\ipc\ringbuffer.o
                0x00000b3c                rt_ringbuffer_putchar
 .text.rt_ringbuffer_data_len
                0x00000bec       0x5e D:\xiot\xiotman-master\out\app_uart_debug(ra6m3-hmi)\kernel\components\drivers\ipc\ringbuffer.o
                0x00000bec                rt_ringbuffer_data_len
 *fill*         0x00000c4a        0x2 ff
 .text._pin_read
                0x00000c4c       0x60 D:\xiot\xiotman-master\out\app_uart_debug(ra6m3-hmi)\kernel\components\drivers\misc\pin.o
 .text._pin_write
                0x00000cac       0x5c D:\xiot\xiotman-master\out\app_uart_debug(ra6m3-hmi)\kernel\components\drivers\misc\pin.o
 .text._pin_control
                0x00000d08       0x58 D:\xiot\xiotman-master\out\app_uart_debug(ra6m3-hmi)\kernel\components\drivers\misc\pin.o
 .text.rt_device_pin_register
                0x00000d60       0x74 D:\xiot\xiotman-master\out\app_uart_debug(ra6m3-hmi)\kernel\components\drivers\misc\pin.o
                0x00000d60                rt_device_pin_register
 .text.rt_pin_mode
                0x00000dd4       0x40 D:\xiot\xiotman-master\out\app_uart_debug(ra6m3-hmi)\kernel\components\drivers\misc\pin.o
                0x00000dd4                rt_pin_mode
 .text.rt_pin_write
                0x00000e14       0x40 D:\xiot\xiotman-master\out\app_uart_debug(ra6m3-hmi)\kernel\components\drivers\misc\pin.o
                0x00000e14                rt_pin_write
 .text.rt_pin_read
                0x00000e54       0x3c D:\xiot\xiotman-master\out\app_uart_debug(ra6m3-hmi)\kernel\components\drivers\misc\pin.o
                0x00000e54                rt_pin_read
 .text.rt_pin_get
                0x00000e90       0x60 D:\xiot\xiotman-master\out\app_uart_debug(ra6m3-hmi)\kernel\components\drivers\misc\pin.o
                0x00000e90                rt_pin_get
 .text._pin_cmd_conv
                0x00000ef0       0xac D:\xiot\xiotman-master\out\app_uart_debug(ra6m3-hmi)\kernel\components\drivers\misc\pin.o
 .text._pin_cmd_print_usage
                0x00000f9c       0x58 D:\xiot\xiotman-master\out\app_uart_debug(ra6m3-hmi)\kernel\components\drivers\misc\pin.o
 .text._pin_cmd_get
                0x00000ff4       0x5c D:\xiot\xiotman-master\out\app_uart_debug(ra6m3-hmi)\kernel\components\drivers\misc\pin.o
 .text._pin_cmd_mode
                0x00001050      0x10c D:\xiot\xiotman-master\out\app_uart_debug(ra6m3-hmi)\kernel\components\drivers\misc\pin.o
 .text._pin_cmd_read
                0x0000115c       0x90 D:\xiot\xiotman-master\out\app_uart_debug(ra6m3-hmi)\kernel\components\drivers\misc\pin.o
 .text._pin_cmd_write
                0x000011ec       0xe4 D:\xiot\xiotman-master\out\app_uart_debug(ra6m3-hmi)\kernel\components\drivers\misc\pin.o
 .text._pin_cmd
                0x000012d0       0xac D:\xiot\xiotman-master\out\app_uart_debug(ra6m3-hmi)\kernel\components\drivers\misc\pin.o
 .text.rt_serial_get_linear_buffer
                0x0000137c       0x7c D:\xiot\xiotman-master\out\app_uart_debug(ra6m3-hmi)\kernel\components\drivers\serial\serial_v2.o
 .text.rt_serial_update_read_index
                0x000013f8       0xbc D:\xiot\xiotman-master\out\app_uart_debug(ra6m3-hmi)\kernel\components\drivers\serial\serial_v2.o
 .text.rt_serial_update_write_index
                0x000014b4       0xe8 D:\xiot\xiotman-master\out\app_uart_debug(ra6m3-hmi)\kernel\components\drivers\serial\serial_v2.o
 .text._serial_poll_rx
                0x0000159c       0xa4 D:\xiot\xiotman-master\out\app_uart_debug(ra6m3-hmi)\kernel\components\drivers\serial\serial_v2.o
                0x0000159c                _serial_poll_rx
 .text._serial_poll_tx
                0x00001640       0x9c D:\xiot\xiotman-master\out\app_uart_debug(ra6m3-hmi)\kernel\components\drivers\serial\serial_v2.o
                0x00001640                _serial_poll_tx
 .text._serial_fifo_rx
                0x000016dc       0xf4 D:\xiot\xiotman-master\out\app_uart_debug(ra6m3-hmi)\kernel\components\drivers\serial\serial_v2.o
 .text._serial_fifo_tx_blocking_nbuf
                0x000017d0       0xd4 D:\xiot\xiotman-master\out\app_uart_debug(ra6m3-hmi)\kernel\components\drivers\serial\serial_v2.o
 .text._serial_fifo_tx_blocking_buf
                0x000018a4      0x114 D:\xiot\xiotman-master\out\app_uart_debug(ra6m3-hmi)\kernel\components\drivers\serial\serial_v2.o
 .text._serial_fifo_tx_nonblocking
                0x000019b8       0xd0 D:\xiot\xiotman-master\out\app_uart_debug(ra6m3-hmi)\kernel\components\drivers\serial\serial_v2.o
 .text.rt_serial_tx_enable
                0x00001a88      0x1f0 D:\xiot\xiotman-master\out\app_uart_debug(ra6m3-hmi)\kernel\components\drivers\serial\serial_v2.o
 .text.rt_serial_rx_enable
                0x00001c78      0x158 D:\xiot\xiotman-master\out\app_uart_debug(ra6m3-hmi)\kernel\components\drivers\serial\serial_v2.o
 .text.rt_serial_rx_disable
                0x00001dd0       0xb4 D:\xiot\xiotman-master\out\app_uart_debug(ra6m3-hmi)\kernel\components\drivers\serial\serial_v2.o
 .text.rt_serial_tx_disable
                0x00001e84       0xcc D:\xiot\xiotman-master\out\app_uart_debug(ra6m3-hmi)\kernel\components\drivers\serial\serial_v2.o
 .text.rt_serial_init
                0x00001f50       0x78 D:\xiot\xiotman-master\out\app_uart_debug(ra6m3-hmi)\kernel\components\drivers\serial\serial_v2.o
 .text.rt_serial_open
                0x00001fc8       0xf4 D:\xiot\xiotman-master\out\app_uart_debug(ra6m3-hmi)\kernel\components\drivers\serial\serial_v2.o
 .text.rt_serial_close
                0x000020bc       0x90 D:\xiot\xiotman-master\out\app_uart_debug(ra6m3-hmi)\kernel\components\drivers\serial\serial_v2.o
 .text.rt_serial_control
                0x0000214c      0x124 D:\xiot\xiotman-master\out\app_uart_debug(ra6m3-hmi)\kernel\components\drivers\serial\serial_v2.o
 .text.rt_hw_serial_register
                0x00002270       0x94 D:\xiot\xiotman-master\out\app_uart_debug(ra6m3-hmi)\kernel\components\drivers\serial\serial_v2.o
                0x00002270                rt_hw_serial_register
 .text.rt_hw_serial_isr
                0x00002304      0x234 D:\xiot\xiotman-master\out\app_uart_debug(ra6m3-hmi)\kernel\components\drivers\serial\serial_v2.o
                0x00002304                rt_hw_serial_isr
 .text.rt_list_isempty
                0x00002538       0x24 D:\xiot\xiotman-master\out\app_uart_debug(ra6m3-hmi)\kernel\components\finsh\cmd.o
 .text.rt_list_len
                0x0000255c       0x36 D:\xiot\xiotman-master\out\app_uart_debug(ra6m3-hmi)\kernel\components\finsh\cmd.o
 *fill*         0x00002592        0x2 ff
 .text.clear    0x00002594       0x14 D:\xiot\xiotman-master\out\app_uart_debug(ra6m3-hmi)\kernel\components\finsh\cmd.o
 .text.version  0x000025a8        0xe D:\xiot\xiotman-master\out\app_uart_debug(ra6m3-hmi)\kernel\components\finsh\cmd.o
                0x000025a8                version
 *fill*         0x000025b6        0x2 ff
 .text.object_split
                0x000025b8       0x28 D:\xiot\xiotman-master\out\app_uart_debug(ra6m3-hmi)\kernel\components\finsh\cmd.o
 .text.list_find_init
                0x000025e0       0x46 D:\xiot\xiotman-master\out\app_uart_debug(ra6m3-hmi)\kernel\components\finsh\cmd.o
 .text.list_get_next
                0x00002626       0xc0 D:\xiot\xiotman-master\out\app_uart_debug(ra6m3-hmi)\kernel\components\finsh\cmd.o
 *fill*         0x000026e6        0x2 ff
 .text.list_thread
                0x000026e8      0x218 D:\xiot\xiotman-master\out\app_uart_debug(ra6m3-hmi)\kernel\components\finsh\cmd.o
                0x000026e8                list_thread
 .text.show_wait_queue
                0x00002900       0x54 D:\xiot\xiotman-master\out\app_uart_debug(ra6m3-hmi)\kernel\components\finsh\cmd.o
 .text.list_sem
                0x00002954      0x124 D:\xiot\xiotman-master\out\app_uart_debug(ra6m3-hmi)\kernel\components\finsh\cmd.o
                0x00002954                list_sem
 .text.list_event
                0x00002a78      0x114 D:\xiot\xiotman-master\out\app_uart_debug(ra6m3-hmi)\kernel\components\finsh\cmd.o
                0x00002a78                list_event
 .text.list_mutex
                0x00002b8c      0x158 D:\xiot\xiotman-master\out\app_uart_debug(ra6m3-hmi)\kernel\components\finsh\cmd.o
                0x00002b8c                list_mutex
 .text.list_mailbox
                0x00002ce4      0x134 D:\xiot\xiotman-master\out\app_uart_debug(ra6m3-hmi)\kernel\components\finsh\cmd.o
                0x00002ce4                list_mailbox
 .text.list_msgqueue
                0x00002e18      0x124 D:\xiot\xiotman-master\out\app_uart_debug(ra6m3-hmi)\kernel\components\finsh\cmd.o
                0x00002e18                list_msgqueue
 .text.list_timer
                0x00002f3c      0x124 D:\xiot\xiotman-master\out\app_uart_debug(ra6m3-hmi)\kernel\components\finsh\cmd.o
                0x00002f3c                list_timer
 .text.list_device
                0x00003060       0xfc D:\xiot\xiotman-master\out\app_uart_debug(ra6m3-hmi)\kernel\components\finsh\cmd.o
                0x00003060                list_device
 .text.cmd_list
                0x0000315c      0x188 D:\xiot\xiotman-master\out\app_uart_debug(ra6m3-hmi)\kernel\components\finsh\cmd.o
                0x0000315c                cmd_list
 .text.msh_help
                0x000032e4       0x5c D:\xiot\xiotman-master\out\app_uart_debug(ra6m3-hmi)\kernel\components\finsh\msh.o
                0x000032e4                msh_help
 .text.cmd_ps   0x00003340       0x18 D:\xiot\xiotman-master\out\app_uart_debug(ra6m3-hmi)\kernel\components\finsh\msh.o
                0x00003340                cmd_ps
 .text.cmd_free
                0x00003358       0x70 D:\xiot\xiotman-master\out\app_uart_debug(ra6m3-hmi)\kernel\components\finsh\msh.o
                0x00003358                cmd_free
 .text.msh_split
                0x000033c8      0x170 D:\xiot\xiotman-master\out\app_uart_debug(ra6m3-hmi)\kernel\components\finsh\msh.o
 .text.msh_get_cmd
                0x00003538       0x64 D:\xiot\xiotman-master\out\app_uart_debug(ra6m3-hmi)\kernel\components\finsh\msh.o
 .text._msh_exec_cmd
                0x0000359c       0xd4 D:\xiot\xiotman-master\out\app_uart_debug(ra6m3-hmi)\kernel\components\finsh\msh.o
 .text.msh_exec
                0x00003670       0x8c D:\xiot\xiotman-master\out\app_uart_debug(ra6m3-hmi)\kernel\components\finsh\msh.o
                0x00003670                msh_exec
 .text.str_common
                0x000036fc       0x4a D:\xiot\xiotman-master\out\app_uart_debug(ra6m3-hmi)\kernel\components\finsh\msh.o
 *fill*         0x00003746        0x2 ff
 .text.msh_auto_complete
                0x00003748       0xb0 D:\xiot\xiotman-master\out\app_uart_debug(ra6m3-hmi)\kernel\components\finsh\msh.o
                0x00003748                msh_auto_complete
 .text.msh_isint
                0x000037f8       0x6c D:\xiot\xiotman-master\out\app_uart_debug(ra6m3-hmi)\kernel\components\finsh\msh_parse.o
                0x000037f8                msh_isint
 .text.finsh_get_prompt
                0x00003864       0x78 D:\xiot\xiotman-master\out\app_uart_debug(ra6m3-hmi)\kernel\components\finsh\shell.o
                0x00003864                finsh_get_prompt
 .text.finsh_set_prompt_mode
                0x000038dc       0x48 D:\xiot\xiotman-master\out\app_uart_debug(ra6m3-hmi)\kernel\components\finsh\shell.o
                0x000038dc                finsh_set_prompt_mode
 .text.finsh_getchar
                0x00003924       0x90 D:\xiot\xiotman-master\out\app_uart_debug(ra6m3-hmi)\kernel\components\finsh\shell.o
                0x00003924                finsh_getchar
 .text.finsh_rx_ind
                0x000039b4       0x3c D:\xiot\xiotman-master\out\app_uart_debug(ra6m3-hmi)\kernel\components\finsh\shell.o
 .text.finsh_set_device
                0x000039f0       0xd8 D:\xiot\xiotman-master\out\app_uart_debug(ra6m3-hmi)\kernel\components\finsh\shell.o
                0x000039f0                finsh_set_device
 .text.shell_auto_complete
                0x00003ac8       0x34 D:\xiot\xiotman-master\out\app_uart_debug(ra6m3-hmi)\kernel\components\finsh\shell.o
 .text.shell_handle_history
                0x00003afc       0x34 D:\xiot\xiotman-master\out\app_uart_debug(ra6m3-hmi)\kernel\components\finsh\shell.o
 .text.shell_push_history
                0x00003b30      0x15e D:\xiot\xiotman-master\out\app_uart_debug(ra6m3-hmi)\kernel\components\finsh\shell.o
 *fill*         0x00003c8e        0x2 ff
 .text.finsh_thread_entry
                0x00003c90      0x5cc D:\xiot\xiotman-master\out\app_uart_debug(ra6m3-hmi)\kernel\components\finsh\shell.o
                0x00003c90                finsh_thread_entry
 .text.finsh_system_function_init
                0x0000425c       0x2c D:\xiot\xiotman-master\out\app_uart_debug(ra6m3-hmi)\kernel\components\finsh\shell.o
                0x0000425c                finsh_system_function_init
 .text.finsh_system_init
                0x00004288       0x9c D:\xiot\xiotman-master\out\app_uart_debug(ra6m3-hmi)\kernel\components\finsh\shell.o
                0x00004288                finsh_system_init
 .text.__errno  0x00004324        0xe D:\xiot\xiotman-master\out\app_uart_debug(ra6m3-hmi)\kernel\components\libc\compilers\newlib\syscalls.o
                0x00004324                __errno
 *fill*         0x00004332        0x2 ff
 .text          0x00004334      0x144 D:\xiot\xiotman-master\out\app_uart_debug(ra6m3-hmi)\kernel\libcpu\arm\cortex-m4\context_gcc.o
                0x00004334                rt_hw_interrupt_disable
                0x0000433c                rt_hw_interrupt_enable
                0x00004342                rt_hw_context_switch_interrupt
                0x00004342                rt_hw_context_switch
                0x00004362                PendSV_Handler
                0x000043ce                rt_hw_context_switch_to
                0x0000441c                rt_hw_interrupt_thread_switch
                0x00004420                HardFault_Handler
 .text.rt_hw_stack_init
                0x00004478       0x90 D:\xiot\xiotman-master\out\app_uart_debug(ra6m3-hmi)\kernel\libcpu\arm\cortex-m4\cpuport.o
                0x00004478                rt_hw_stack_init
 .text.usage_fault_track
                0x00004508       0xc4 D:\xiot\xiotman-master\out\app_uart_debug(ra6m3-hmi)\kernel\libcpu\arm\cortex-m4\cpuport.o
 .text.bus_fault_track
                0x000045cc       0xcc D:\xiot\xiotman-master\out\app_uart_debug(ra6m3-hmi)\kernel\libcpu\arm\cortex-m4\cpuport.o
 .text.mem_manage_fault_track
                0x00004698       0xb4 D:\xiot\xiotman-master\out\app_uart_debug(ra6m3-hmi)\kernel\libcpu\arm\cortex-m4\cpuport.o
 .text.hard_fault_track
                0x0000474c       0x78 D:\xiot\xiotman-master\out\app_uart_debug(ra6m3-hmi)\kernel\libcpu\arm\cortex-m4\cpuport.o
 .text.rt_hw_hard_fault_exception
                0x000047c4      0x184 D:\xiot\xiotman-master\out\app_uart_debug(ra6m3-hmi)\kernel\libcpu\arm\cortex-m4\cpuport.o
                0x000047c4                rt_hw_hard_fault_exception
 .text.__rt_ffs
                0x00004948       0x2a D:\xiot\xiotman-master\out\app_uart_debug(ra6m3-hmi)\kernel\libcpu\arm\cortex-m4\cpuport.o
                0x00004948                __rt_ffs
 *fill*         0x00004972        0x2 ff
 .text.rt_tick_get
                0x00004974       0x18 D:\xiot\xiotman-master\out\app_uart_debug(ra6m3-hmi)\kernel\src\clock.o
                0x00004974                rt_tick_get
 .text.rt_tick_increase
                0x0000498c       0x7c D:\xiot\xiotman-master\out\app_uart_debug(ra6m3-hmi)\kernel\src\clock.o
                0x0000498c                rt_tick_increase
 .text.rt_tick_from_millisecond
                0x00004a08       0x78 D:\xiot\xiotman-master\out\app_uart_debug(ra6m3-hmi)\kernel\src\clock.o
                0x00004a08                rt_tick_from_millisecond
 .text.rti_start
                0x00004a80       0x10 D:\xiot\xiotman-master\out\app_uart_debug(ra6m3-hmi)\kernel\src\components.o
 .text.rti_board_start
                0x00004a90       0x10 D:\xiot\xiotman-master\out\app_uart_debug(ra6m3-hmi)\kernel\src\components.o
 .text.rti_board_end
                0x00004aa0       0x10 D:\xiot\xiotman-master\out\app_uart_debug(ra6m3-hmi)\kernel\src\components.o
 .text.rti_end  0x00004ab0       0x10 D:\xiot\xiotman-master\out\app_uart_debug(ra6m3-hmi)\kernel\src\components.o
 .text.rt_components_board_init
                0x00004ac0       0x34 D:\xiot\xiotman-master\out\app_uart_debug(ra6m3-hmi)\kernel\src\components.o
                0x00004ac0                rt_components_board_init
 .text.rt_components_init
                0x00004af4       0x34 D:\xiot\xiotman-master\out\app_uart_debug(ra6m3-hmi)\kernel\src\components.o
                0x00004af4                rt_components_init
 .text.entry    0x00004b28        0xe D:\xiot\xiotman-master\out\app_uart_debug(ra6m3-hmi)\kernel\src\components.o
                0x00004b28                entry
 .text.main_thread_entry
                0x00004b36       0x18 D:\xiot\xiotman-master\out\app_uart_debug(ra6m3-hmi)\kernel\src\components.o
                0x00004b36                main_thread_entry
 *fill*         0x00004b4e        0x2 ff
 .text.rt_application_init
                0x00004b50       0x4c D:\xiot\xiotman-master\out\app_uart_debug(ra6m3-hmi)\kernel\src\components.o
                0x00004b50                rt_application_init
 .text.rtthread_startup
                0x00004b9c       0x2e D:\xiot\xiotman-master\out\app_uart_debug(ra6m3-hmi)\kernel\src\components.o
                0x00004b9c                rtthread_startup
 .text.rt_device_register
                0x00004bca       0x54 D:\xiot\xiotman-master\out\app_uart_debug(ra6m3-hmi)\kernel\src\device.o
                0x00004bca                rt_device_register
 .text.rt_device_find
                0x00004c1e       0x1a D:\xiot\xiotman-master\out\app_uart_debug(ra6m3-hmi)\kernel\src\device.o
                0x00004c1e                rt_device_find
 .text.rt_device_open
                0x00004c38      0x118 D:\xiot\xiotman-master\out\app_uart_debug(ra6m3-hmi)\kernel\src\device.o
                0x00004c38                rt_device_open
 .text.rt_device_close
                0x00004d50       0x9c D:\xiot\xiotman-master\out\app_uart_debug(ra6m3-hmi)\kernel\src\device.o
                0x00004d50                rt_device_close
 .text.rt_device_read
                0x00004dec       0x88 D:\xiot\xiotman-master\out\app_uart_debug(ra6m3-hmi)\kernel\src\device.o
                0x00004dec                rt_device_read
 .text.rt_device_write
                0x00004e74       0x88 D:\xiot\xiotman-master\out\app_uart_debug(ra6m3-hmi)\kernel\src\device.o
                0x00004e74                rt_device_write
 .text.rt_device_set_rx_indicate
                0x00004efc       0x54 D:\xiot\xiotman-master\out\app_uart_debug(ra6m3-hmi)\kernel\src\device.o
                0x00004efc                rt_device_set_rx_indicate
 .text.rt_list_insert_after
                0x00004f50       0x32 D:\xiot\xiotman-master\out\app_uart_debug(ra6m3-hmi)\kernel\src\idle.o
 .text.rt_list_remove
                0x00004f82       0x36 D:\xiot\xiotman-master\out\app_uart_debug(ra6m3-hmi)\kernel\src\idle.o
 .text.rt_thread_defunct_enqueue
                0x00004fb8       0x20 D:\xiot\xiotman-master\out\app_uart_debug(ra6m3-hmi)\kernel\src\idle.o
                0x00004fb8                rt_thread_defunct_enqueue
 .text.rt_thread_defunct_dequeue
                0x00004fd8       0x44 D:\xiot\xiotman-master\out\app_uart_debug(ra6m3-hmi)\kernel\src\idle.o
                0x00004fd8                rt_thread_defunct_dequeue
 .text.rt_defunct_execute
                0x0000501c       0x5c D:\xiot\xiotman-master\out\app_uart_debug(ra6m3-hmi)\kernel\src\idle.o
 .text.idle_thread_entry
                0x00005078       0x38 D:\xiot\xiotman-master\out\app_uart_debug(ra6m3-hmi)\kernel\src\idle.o
 .text.rt_thread_idle_init
                0x000050b0       0x80 D:\xiot\xiotman-master\out\app_uart_debug(ra6m3-hmi)\kernel\src\idle.o
                0x000050b0                rt_thread_idle_init
 .text.rt_list_init
                0x00005130       0x22 D:\xiot\xiotman-master\out\app_uart_debug(ra6m3-hmi)\kernel\src\ipc.o
 .text.rt_list_insert_after
                0x00005152       0x32 D:\xiot\xiotman-master\out\app_uart_debug(ra6m3-hmi)\kernel\src\ipc.o
 .text.rt_list_insert_before
                0x00005184       0x32 D:\xiot\xiotman-master\out\app_uart_debug(ra6m3-hmi)\kernel\src\ipc.o
 .text.rt_list_remove
                0x000051b6       0x36 D:\xiot\xiotman-master\out\app_uart_debug(ra6m3-hmi)\kernel\src\ipc.o
 .text.rt_list_isempty
                0x000051ec       0x24 D:\xiot\xiotman-master\out\app_uart_debug(ra6m3-hmi)\kernel\src\ipc.o
 .text._ipc_object_init
                0x00005210       0x1c D:\xiot\xiotman-master\out\app_uart_debug(ra6m3-hmi)\kernel\src\ipc.o
 .text._ipc_list_suspend
                0x0000522c       0xb4 D:\xiot\xiotman-master\out\app_uart_debug(ra6m3-hmi)\kernel\src\ipc.o
 .text._ipc_list_resume
                0x000052e0       0x26 D:\xiot\xiotman-master\out\app_uart_debug(ra6m3-hmi)\kernel\src\ipc.o
 *fill*         0x00005306        0x2 ff
 .text.rt_sem_init
                0x00005308       0x88 D:\xiot\xiotman-master\out\app_uart_debug(ra6m3-hmi)\kernel\src\ipc.o
                0x00005308                rt_sem_init
 .text._rt_sem_take
                0x00005390      0x1a8 D:\xiot\xiotman-master\out\app_uart_debug(ra6m3-hmi)\kernel\src\ipc.o
 .text.rt_sem_take
                0x00005538       0x1e D:\xiot\xiotman-master\out\app_uart_debug(ra6m3-hmi)\kernel\src\ipc.o
                0x00005538                rt_sem_take
 *fill*         0x00005556        0x2 ff
 .text.rt_sem_release
                0x00005558       0xc0 D:\xiot\xiotman-master\out\app_uart_debug(ra6m3-hmi)\kernel\src\ipc.o
                0x00005558                rt_sem_release
 .text._mutex_update_priority
                0x00005618       0x3e D:\xiot\xiotman-master\out\app_uart_debug(ra6m3-hmi)\kernel\src\ipc.o
 .text._thread_get_mutex_priority
                0x00005656       0x54 D:\xiot\xiotman-master\out\app_uart_debug(ra6m3-hmi)\kernel\src\ipc.o
 .text._thread_update_priority
                0x000056aa       0xa4 D:\xiot\xiotman-master\out\app_uart_debug(ra6m3-hmi)\kernel\src\ipc.o
 *fill*         0x0000574e        0x2 ff
 .text.rt_mutex_init
                0x00005750       0x70 D:\xiot\xiotman-master\out\app_uart_debug(ra6m3-hmi)\kernel\src\ipc.o
                0x00005750                rt_mutex_init
 .text.rt_mutex_drop_thread
                0x000057c0       0x90 D:\xiot\xiotman-master\out\app_uart_debug(ra6m3-hmi)\kernel\src\ipc.o
                0x000057c0                rt_mutex_drop_thread
 .text._rt_mutex_take
                0x00005850      0x2dc D:\xiot\xiotman-master\out\app_uart_debug(ra6m3-hmi)\kernel\src\ipc.o
 .text.rt_mutex_take
                0x00005b2c       0x1e D:\xiot\xiotman-master\out\app_uart_debug(ra6m3-hmi)\kernel\src\ipc.o
                0x00005b2c                rt_mutex_take
 *fill*         0x00005b4a        0x2 ff
 .text.rt_mutex_release
                0x00005b4c      0x1dc D:\xiot\xiotman-master\out\app_uart_debug(ra6m3-hmi)\kernel\src\ipc.o
                0x00005b4c                rt_mutex_release
 .text.rt_interrupt_enter
                0x00005d28       0x40 D:\xiot\xiotman-master\out\app_uart_debug(ra6m3-hmi)\kernel\src\irq.o
                0x00005d28                rt_interrupt_enter
 .text.rt_interrupt_leave
                0x00005d68       0x40 D:\xiot\xiotman-master\out\app_uart_debug(ra6m3-hmi)\kernel\src\irq.o
                0x00005d68                rt_interrupt_leave
 .text.rt_interrupt_get_nest
                0x00005da8       0x28 D:\xiot\xiotman-master\out\app_uart_debug(ra6m3-hmi)\kernel\src\irq.o
                0x00005da8                rt_interrupt_get_nest
 .text.rt_strerror
                0x00005dd0       0x38 D:\xiot\xiotman-master\out\app_uart_debug(ra6m3-hmi)\kernel\src\kservice.o
                0x00005dd0                rt_strerror
 .text.rt_set_errno
                0x00005e08       0x44 D:\xiot\xiotman-master\out\app_uart_debug(ra6m3-hmi)\kernel\src\kservice.o
                0x00005e08                rt_set_errno
 .text._rt_errno
                0x00005e4c       0x38 D:\xiot\xiotman-master\out\app_uart_debug(ra6m3-hmi)\kernel\src\kservice.o
                0x00005e4c                _rt_errno
 .text.rt_memset
                0x00005e84       0xc8 D:\xiot\xiotman-master\out\app_uart_debug(ra6m3-hmi)\kernel\src\kservice.o
                0x00005e84                rt_memset
 .text.rt_memcpy
                0x00005f4c       0xda D:\xiot\xiotman-master\out\app_uart_debug(ra6m3-hmi)\kernel\src\kservice.o
                0x00005f4c                rt_memcpy
 .text.rt_memmove
                0x00006026       0x82 D:\xiot\xiotman-master\out\app_uart_debug(ra6m3-hmi)\kernel\src\kservice.o
                0x00006026                rt_memmove
 .text.rt_strncpy
                0x000060a8       0x64 D:\xiot\xiotman-master\out\app_uart_debug(ra6m3-hmi)\kernel\src\kservice.o
                0x000060a8                rt_strncpy
 .text.rt_strncmp
                0x0000610c       0x54 D:\xiot\xiotman-master\out\app_uart_debug(ra6m3-hmi)\kernel\src\kservice.o
                0x0000610c                rt_strncmp
 .text.rt_strcmp
                0x00006160       0x44 D:\xiot\xiotman-master\out\app_uart_debug(ra6m3-hmi)\kernel\src\kservice.o
                0x00006160                rt_strcmp
 .text.rt_strlen
                0x000061a4       0x32 D:\xiot\xiotman-master\out\app_uart_debug(ra6m3-hmi)\kernel\src\kservice.o
                0x000061a4                rt_strlen
 *fill*         0x000061d6        0x2 ff
 .text.rt_show_version
                0x000061d8       0x4c D:\xiot\xiotman-master\out\app_uart_debug(ra6m3-hmi)\kernel\src\kservice.o
                0x000061d8                rt_show_version
 .text.divide   0x00006224       0x3e D:\xiot\xiotman-master\out\app_uart_debug(ra6m3-hmi)\kernel\src\kservice.o
 .text.skip_atoi
                0x00006262       0x46 D:\xiot\xiotman-master\out\app_uart_debug(ra6m3-hmi)\kernel\src\kservice.o
 .text.print_number
                0x000062a8      0x1fc D:\xiot\xiotman-master\out\app_uart_debug(ra6m3-hmi)\kernel\src\kservice.o
 .text.rt_vsnprintf
                0x000064a4      0x564 D:\xiot\xiotman-master\out\app_uart_debug(ra6m3-hmi)\kernel\src\kservice.o
                0x000064a4                rt_vsnprintf
 .text.rt_snprintf
                0x00006a08       0x30 D:\xiot\xiotman-master\out\app_uart_debug(ra6m3-hmi)\kernel\src\kservice.o
                0x00006a08                rt_snprintf
 .text.rt_console_get_device
                0x00006a38       0x18 D:\xiot\xiotman-master\out\app_uart_debug(ra6m3-hmi)\kernel\src\kservice.o
                0x00006a38                rt_console_get_device
 .text.rt_console_set_device
                0x00006a50       0x58 D:\xiot\xiotman-master\out\app_uart_debug(ra6m3-hmi)\kernel\src\kservice.o
                0x00006a50                rt_console_set_device
 .text.rt_hw_console_output
                0x00006aa8       0x14 D:\xiot\xiotman-master\out\app_uart_debug(ra6m3-hmi)\kernel\src\kservice.o
                0x00006aa8                rt_hw_console_output
 .text.rt_kprintf
                0x00006abc       0x60 D:\xiot\xiotman-master\out\app_uart_debug(ra6m3-hmi)\kernel\src\kservice.o
                0x00006abc                rt_kprintf
 .text._heap_lock_init
                0x00006b1c       0x1c D:\xiot\xiotman-master\out\app_uart_debug(ra6m3-hmi)\kernel\src\kservice.o
 .text._heap_lock
                0x00006b38       0x28 D:\xiot\xiotman-master\out\app_uart_debug(ra6m3-hmi)\kernel\src\kservice.o
 .text._heap_unlock
                0x00006b60       0x40 D:\xiot\xiotman-master\out\app_uart_debug(ra6m3-hmi)\kernel\src\kservice.o
 .text._smem_info
                0x00006ba0       0x4c D:\xiot\xiotman-master\out\app_uart_debug(ra6m3-hmi)\kernel\src\kservice.o
 .text.rt_system_heap_init
                0x00006bec       0x64 D:\xiot\xiotman-master\out\app_uart_debug(ra6m3-hmi)\kernel\src\kservice.o
                0x00006bec                rt_system_heap_init
 .text.rt_malloc
                0x00006c50       0x48 D:\xiot\xiotman-master\out\app_uart_debug(ra6m3-hmi)\kernel\src\kservice.o
                0x00006c50                rt_malloc
 .text.rt_calloc
                0x00006c98       0x3c D:\xiot\xiotman-master\out\app_uart_debug(ra6m3-hmi)\kernel\src\kservice.o
                0x00006c98                rt_calloc
 .text.rt_free  0x00006cd4       0x40 D:\xiot\xiotman-master\out\app_uart_debug(ra6m3-hmi)\kernel\src\kservice.o
                0x00006cd4                rt_free
 .text.rt_memory_info
                0x00006d14       0x2a D:\xiot\xiotman-master\out\app_uart_debug(ra6m3-hmi)\kernel\src\kservice.o
                0x00006d14                rt_memory_info
 *fill*         0x00006d3e        0x2 ff
 .text.rt_assert_handler
                0x00006d40       0x4c D:\xiot\xiotman-master\out\app_uart_debug(ra6m3-hmi)\kernel\src\kservice.o
                0x00006d40                rt_assert_handler
 .text.plug_holes
                0x00006d8c       0xf8 D:\xiot\xiotman-master\out\app_uart_debug(ra6m3-hmi)\kernel\src\mem.o
 .text.rt_smem_init
                0x00006e84      0x104 D:\xiot\xiotman-master\out\app_uart_debug(ra6m3-hmi)\kernel\src\mem.o
                0x00006e84                rt_smem_init
 .text.rt_smem_alloc
                0x00006f88      0x268 D:\xiot\xiotman-master\out\app_uart_debug(ra6m3-hmi)\kernel\src\mem.o
                0x00006f88                rt_smem_alloc
 .text.rt_smem_free
                0x000071f0      0x140 D:\xiot\xiotman-master\out\app_uart_debug(ra6m3-hmi)\kernel\src\mem.o
                0x000071f0                rt_smem_free
 .text.rt_list_insert_after
                0x00007330       0x32 D:\xiot\xiotman-master\out\app_uart_debug(ra6m3-hmi)\kernel\src\object.o
 .text.rt_list_remove
                0x00007362       0x36 D:\xiot\xiotman-master\out\app_uart_debug(ra6m3-hmi)\kernel\src\object.o
 .text.rt_object_get_information
                0x00007398       0x48 D:\xiot\xiotman-master\out\app_uart_debug(ra6m3-hmi)\kernel\src\object.o
                0x00007398                rt_object_get_information
 .text.rt_object_init
                0x000073e0       0xc4 D:\xiot\xiotman-master\out\app_uart_debug(ra6m3-hmi)\kernel\src\object.o
                0x000073e0                rt_object_init
 .text.rt_object_detach
                0x000074a4       0x5c D:\xiot\xiotman-master\out\app_uart_debug(ra6m3-hmi)\kernel\src\object.o
                0x000074a4                rt_object_detach
 .text.rt_object_allocate
                0x00007500       0xd8 D:\xiot\xiotman-master\out\app_uart_debug(ra6m3-hmi)\kernel\src\object.o
                0x00007500                rt_object_allocate
 .text.rt_object_delete
                0x000075d8       0x7c D:\xiot\xiotman-master\out\app_uart_debug(ra6m3-hmi)\kernel\src\object.o
                0x000075d8                rt_object_delete
 .text.rt_object_is_systemobject
                0x00007654       0x3c D:\xiot\xiotman-master\out\app_uart_debug(ra6m3-hmi)\kernel\src\object.o
                0x00007654                rt_object_is_systemobject
 .text.rt_object_get_type
                0x00007690       0x34 D:\xiot\xiotman-master\out\app_uart_debug(ra6m3-hmi)\kernel\src\object.o
                0x00007690                rt_object_get_type
 .text.rt_object_find
                0x000076c4       0xb4 D:\xiot\xiotman-master\out\app_uart_debug(ra6m3-hmi)\kernel\src\object.o
                0x000076c4                rt_object_find
 .text.rt_list_init
                0x00007778       0x22 D:\xiot\xiotman-master\out\app_uart_debug(ra6m3-hmi)\kernel\src\scheduler.o
 .text.rt_list_insert_after
                0x0000779a       0x32 D:\xiot\xiotman-master\out\app_uart_debug(ra6m3-hmi)\kernel\src\scheduler.o
 .text.rt_list_insert_before
                0x000077cc       0x32 D:\xiot\xiotman-master\out\app_uart_debug(ra6m3-hmi)\kernel\src\scheduler.o
 .text.rt_list_remove
                0x000077fe       0x36 D:\xiot\xiotman-master\out\app_uart_debug(ra6m3-hmi)\kernel\src\scheduler.o
 .text.rt_list_isempty
                0x00007834       0x24 D:\xiot\xiotman-master\out\app_uart_debug(ra6m3-hmi)\kernel\src\scheduler.o
 .text._scheduler_stack_check
                0x00007858       0x94 D:\xiot\xiotman-master\out\app_uart_debug(ra6m3-hmi)\kernel\src\scheduler.o
 .text._scheduler_get_highest_priority_thread
                0x000078ec       0x3c D:\xiot\xiotman-master\out\app_uart_debug(ra6m3-hmi)\kernel\src\scheduler.o
 .text.rt_system_scheduler_init
                0x00007928       0x48 D:\xiot\xiotman-master\out\app_uart_debug(ra6m3-hmi)\kernel\src\scheduler.o
                0x00007928                rt_system_scheduler_init
 .text.rt_system_scheduler_start
                0x00007970       0x3c D:\xiot\xiotman-master\out\app_uart_debug(ra6m3-hmi)\kernel\src\scheduler.o
                0x00007970                rt_system_scheduler_start
 .text.rt_schedule
                0x000079ac      0x19c D:\xiot\xiotman-master\out\app_uart_debug(ra6m3-hmi)\kernel\src\scheduler.o
                0x000079ac                rt_schedule
 .text.rt_schedule_insert_thread
                0x00007b48       0xd4 D:\xiot\xiotman-master\out\app_uart_debug(ra6m3-hmi)\kernel\src\scheduler.o
                0x00007b48                rt_schedule_insert_thread
 .text.rt_schedule_remove_thread
                0x00007c1c       0x70 D:\xiot\xiotman-master\out\app_uart_debug(ra6m3-hmi)\kernel\src\scheduler.o
                0x00007c1c                rt_schedule_remove_thread
 .text.rt_enter_critical
                0x00007c8c       0x30 D:\xiot\xiotman-master\out\app_uart_debug(ra6m3-hmi)\kernel\src\scheduler.o
                0x00007c8c                rt_enter_critical
 .text.rt_exit_critical
                0x00007cbc       0x58 D:\xiot\xiotman-master\out\app_uart_debug(ra6m3-hmi)\kernel\src\scheduler.o
                0x00007cbc                rt_exit_critical
 .text.rt_critical_level
                0x00007d14       0x1c D:\xiot\xiotman-master\out\app_uart_debug(ra6m3-hmi)\kernel\src\scheduler.o
                0x00007d14                rt_critical_level
 .text.rt_list_init
                0x00007d30       0x22 D:\xiot\xiotman-master\out\app_uart_debug(ra6m3-hmi)\kernel\src\thread.o
 .text.rt_list_remove
                0x00007d52       0x36 D:\xiot\xiotman-master\out\app_uart_debug(ra6m3-hmi)\kernel\src\thread.o
 .text._thread_exit
                0x00007d88       0x42 D:\xiot\xiotman-master\out\app_uart_debug(ra6m3-hmi)\kernel\src\thread.o
 *fill*         0x00007dca        0x2 ff
 .text._thread_timeout
                0x00007dcc       0x8c D:\xiot\xiotman-master\out\app_uart_debug(ra6m3-hmi)\kernel\src\thread.o
 .text._thread_init
                0x00007e58      0x11c D:\xiot\xiotman-master\out\app_uart_debug(ra6m3-hmi)\kernel\src\thread.o
 .text.rt_thread_init
                0x00007f74       0x70 D:\xiot\xiotman-master\out\app_uart_debug(ra6m3-hmi)\kernel\src\thread.o
                0x00007f74                rt_thread_init
 .text.rt_thread_self
                0x00007fe4       0x18 D:\xiot\xiotman-master\out\app_uart_debug(ra6m3-hmi)\kernel\src\thread.o
                0x00007fe4                rt_thread_self
 .text.rt_thread_startup
                0x00007ffc       0x94 D:\xiot\xiotman-master\out\app_uart_debug(ra6m3-hmi)\kernel\src\thread.o
                0x00007ffc                rt_thread_startup
 .text.rt_thread_detach
                0x00008090       0xdc D:\xiot\xiotman-master\out\app_uart_debug(ra6m3-hmi)\kernel\src\thread.o
                0x00008090                rt_thread_detach
 .text.rt_thread_create
                0x0000816c       0x62 D:\xiot\xiotman-master\out\app_uart_debug(ra6m3-hmi)\kernel\src\thread.o
                0x0000816c                rt_thread_create
 *fill*         0x000081ce        0x2 ff
 .text.rt_thread_delete
                0x000081d0       0xdc D:\xiot\xiotman-master\out\app_uart_debug(ra6m3-hmi)\kernel\src\thread.o
                0x000081d0                rt_thread_delete
 .text.rt_thread_sleep
                0x000082ac      0x148 D:\xiot\xiotman-master\out\app_uart_debug(ra6m3-hmi)\kernel\src\thread.o
                0x000082ac                rt_thread_sleep
 .text.rt_thread_delay
                0x000083f4       0x18 D:\xiot\xiotman-master\out\app_uart_debug(ra6m3-hmi)\kernel\src\thread.o
                0x000083f4                rt_thread_delay
 .text.rt_thread_mdelay
                0x0000840c       0x20 D:\xiot\xiotman-master\out\app_uart_debug(ra6m3-hmi)\kernel\src\thread.o
                0x0000840c                rt_thread_mdelay
 .text.rt_thread_control
                0x0000842c       0xfc D:\xiot\xiotman-master\out\app_uart_debug(ra6m3-hmi)\kernel\src\thread.o
                0x0000842c                rt_thread_control
 .text.rt_thread_set_suspend_state
                0x00008528       0x8c D:\xiot\xiotman-master\out\app_uart_debug(ra6m3-hmi)\kernel\src\thread.o
 .text.rt_thread_suspend_with_flag
                0x000085b4       0xdc D:\xiot\xiotman-master\out\app_uart_debug(ra6m3-hmi)\kernel\src\thread.o
                0x000085b4                rt_thread_suspend_with_flag
 .text.rt_thread_resume
                0x00008690       0x98 D:\xiot\xiotman-master\out\app_uart_debug(ra6m3-hmi)\kernel\src\thread.o
                0x00008690                rt_thread_resume
 .text.rt_list_init
                0x00008728       0x22 D:\xiot\xiotman-master\out\app_uart_debug(ra6m3-hmi)\kernel\src\timer.o
 .text.rt_list_insert_after
                0x0000874a       0x32 D:\xiot\xiotman-master\out\app_uart_debug(ra6m3-hmi)\kernel\src\timer.o
 .text.rt_list_remove
                0x0000877c       0x36 D:\xiot\xiotman-master\out\app_uart_debug(ra6m3-hmi)\kernel\src\timer.o
 .text.rt_list_isempty
                0x000087b2       0x24 D:\xiot\xiotman-master\out\app_uart_debug(ra6m3-hmi)\kernel\src\timer.o
 .text._timer_init
                0x000087d6       0x6a D:\xiot\xiotman-master\out\app_uart_debug(ra6m3-hmi)\kernel\src\timer.o
 .text._timer_list_next_timeout
                0x00008840       0x48 D:\xiot\xiotman-master\out\app_uart_debug(ra6m3-hmi)\kernel\src\timer.o
 .text._timer_remove
                0x00008888       0x36 D:\xiot\xiotman-master\out\app_uart_debug(ra6m3-hmi)\kernel\src\timer.o
 *fill*         0x000088be        0x2 ff
 .text.rt_timer_init
                0x000088c0       0x7c D:\xiot\xiotman-master\out\app_uart_debug(ra6m3-hmi)\kernel\src\timer.o
                0x000088c0                rt_timer_init
 .text.rt_timer_detach
                0x0000893c       0x90 D:\xiot\xiotman-master\out\app_uart_debug(ra6m3-hmi)\kernel\src\timer.o
                0x0000893c                rt_timer_detach
 .text.rt_timer_start
                0x000089cc      0x21c D:\xiot\xiotman-master\out\app_uart_debug(ra6m3-hmi)\kernel\src\timer.o
                0x000089cc                rt_timer_start
 .text.rt_timer_stop
                0x00008be8       0x98 D:\xiot\xiotman-master\out\app_uart_debug(ra6m3-hmi)\kernel\src\timer.o
                0x00008be8                rt_timer_stop
 .text.rt_timer_control
                0x00008c80      0x12c D:\xiot\xiotman-master\out\app_uart_debug(ra6m3-hmi)\kernel\src\timer.o
                0x00008c80                rt_timer_control
 .text.rt_timer_check
                0x00008dac      0x108 D:\xiot\xiotman-master\out\app_uart_debug(ra6m3-hmi)\kernel\src\timer.o
                0x00008dac                rt_timer_check
 .text.rt_soft_timer_check
                0x00008eb4      0x11c D:\xiot\xiotman-master\out\app_uart_debug(ra6m3-hmi)\kernel\src\timer.o
                0x00008eb4                rt_soft_timer_check
 .text._timer_thread_entry
                0x00008fd0       0x5c D:\xiot\xiotman-master\out\app_uart_debug(ra6m3-hmi)\kernel\src\timer.o
 .text.rt_system_timer_init
                0x0000902c       0x34 D:\xiot\xiotman-master\out\app_uart_debug(ra6m3-hmi)\kernel\src\timer.o
                0x0000902c                rt_system_timer_init
 .text.rt_system_timer_thread_init
                0x00009060       0x68 D:\xiot\xiotman-master\out\app_uart_debug(ra6m3-hmi)\kernel\src\timer.o
                0x00009060                rt_system_timer_thread_init
 .text.Reset_Handler
                0x000090c8        0xe ra\fsp\src\bsp\cmsis\Device\RENESAS\Source\startup.o
                0x000090c8                Reset_Handler
 .text.Default_Handler
                0x000090d6       0x10 ra\fsp\src\bsp\cmsis\Device\RENESAS\Source\startup.o
                0x000090d6                UsageFault_Handler
                0x000090d6                SecureFault_Handler
                0x000090d6                Default_Handler
                0x000090d6                MemManage_Handler
                0x000090d6                SVC_Handler
                0x000090d6                BusFault_Handler
                0x000090d6                DebugMon_Handler
 *fill*         0x000090e6        0x2 ff
 .text.SystemInit
                0x000090e8       0xe8 ra\fsp\src\bsp\cmsis\Device\RENESAS\Source\system.o
                0x000090e8                SystemInit
 .text.R_BSP_FlashCacheDisable
                0x000091d0       0x1c ra\fsp\src\bsp\mcu\all\bsp_clocks.o
 .text.R_BSP_FlashCacheEnable
                0x000091ec       0x30 ra\fsp\src\bsp\mcu\all\bsp_clocks.o
 .text.SystemCoreClockUpdate
                0x0000921c       0x40 ra\fsp\src\bsp\mcu\all\bsp_clocks.o
                0x0000921c                SystemCoreClockUpdate
 .text.bsp_prv_clock_set_hard_reset
                0x0000925c       0x30 ra\fsp\src\bsp\mcu\all\bsp_clocks.o
 .text.bsp_clock_freq_var_init
                0x0000928c       0x48 ra\fsp\src\bsp\mcu\all\bsp_clocks.o
 .text.bsp_clock_init
                0x000092d4       0xc0 ra\fsp\src\bsp\mcu\all\bsp_clocks.o
                0x000092d4                bsp_clock_init
 .text.bsp_init_internal
                0x00009394       0x14 ra\fsp\src\bsp\mcu\all\bsp_common.o
                0x00009394                bsp_init_internal
                0x00009394                bsp_init
 .text.bsp_group_irq_call
                0x000093a8       0x30 ra\fsp\src\bsp\mcu\all\bsp_group_irq.o
 .text.NMI_Handler
                0x000093d8       0x4c ra\fsp\src\bsp\mcu\all\bsp_group_irq.o
                0x000093d8                NMI_Handler
 .text.bsp_irq_cfg
                0x00009424       0x44 ra\fsp\src\bsp\mcu\all\bsp_irq.o
                0x00009424                bsp_irq_cfg
 .text.R_BSP_RegisterProtectEnable
                0x00009468       0xa0 ra\fsp\src\bsp\mcu\all\bsp_register_protection.o
                0x00009468                R_BSP_RegisterProtectEnable
 .text.R_BSP_RegisterProtectDisable
                0x00009508       0x90 ra\fsp\src\bsp\mcu\all\bsp_register_protection.o
                0x00009508                R_BSP_RegisterProtectDisable
 .text.__NVIC_SetPendingIRQ
                0x00009598       0x3c ra\fsp\src\r_can\r_can.o
 .text.R_FSP_CurrentIrqGet
                0x000095d4       0x2c ra\fsp\src\r_can\r_can.o
 .text.R_BSP_IrqStatusClear
                0x00009600       0x30 ra\fsp\src\r_can\r_can.o
 .text.R_FSP_IsrContextGet
                0x00009630       0x24 ra\fsp\src\r_can\r_can.o
 .text.r_can_mailbox_read
                0x00009654       0xf8 ra\fsp\src\r_can\r_can.o
 .text.r_can_call_callback
                0x0000974c       0x7e ra\fsp\src\r_can\r_can.o
 .text.can_error_isr
                0x000097ca       0xfe ra\fsp\src\r_can\r_can.o
                0x000097ca                can_error_isr
 .text.can_rx_isr
                0x000098c8       0xb0 ra\fsp\src\r_can\r_can.o
                0x000098c8                can_rx_isr
 .text.can_tx_isr
                0x00009978       0xc8 ra\fsp\src\r_can\r_can.o
                0x00009978                can_tx_isr
 .text.R_FSP_CurrentIrqGet
                0x00009a40       0x2c ra\fsp\src\r_dmac\r_dmac.o
 .text.R_BSP_IrqStatusClear
                0x00009a6c       0x30 ra\fsp\src\r_dmac\r_dmac.o
 .text.R_FSP_IsrContextGet
                0x00009a9c       0x24 ra\fsp\src\r_dmac\r_dmac.o
 .text.dmac_int_isr
                0x00009ac0       0x58 ra\fsp\src\r_dmac\r_dmac.o
                0x00009ac0                dmac_int_isr
 .text.R_FSP_CurrentIrqGet
                0x00009b18       0x2c ra\fsp\src\r_drw\r_drw_irq.o
 .text.R_BSP_IrqStatusClear
                0x00009b44       0x30 ra\fsp\src\r_drw\r_drw_irq.o
 .text.R_FSP_IsrContextGet
                0x00009b74       0x24 ra\fsp\src\r_drw\r_drw_irq.o
 .text.drw_int_isr
                0x00009b98       0x80 ra\fsp\src\r_drw\r_drw_irq.o
                0x00009b98                drw_int_isr
 .text.R_FSP_CurrentIrqGet
                0x00009c18       0x2c ra\fsp\src\r_ether\r_ether.o
 .text.R_BSP_IrqStatusClear
                0x00009c44       0x30 ra\fsp\src\r_ether\r_ether.o
 .text.R_FSP_IsrContextGet
                0x00009c74       0x24 ra\fsp\src\r_ether\r_ether.o
 .text.ether_eint_isr
                0x00009c98       0xa0 ra\fsp\src\r_ether\r_ether.o
                0x00009c98                ether_eint_isr
 .text.R_FSP_CurrentIrqGet
                0x00009d38       0x2c ra\fsp\src\r_glcdc\r_glcdc.o
 .text.R_BSP_IrqStatusClear
                0x00009d64       0x30 ra\fsp\src\r_glcdc\r_glcdc.o
 .text.glcdc_line_detect_isr
                0x00009d94       0x90 ra\fsp\src\r_glcdc\r_glcdc.o
                0x00009d94                glcdc_line_detect_isr
 .text.R_FSP_CurrentIrqGet
                0x00009e24       0x2c ra\fsp\src\r_gpt\r_gpt.o
 .text.R_BSP_IrqStatusClear
                0x00009e50       0x30 ra\fsp\src\r_gpt\r_gpt.o
 .text.R_BSP_IrqClearPending
                0x00009e80       0x40 ra\fsp\src\r_gpt\r_gpt.o
 .text.R_FSP_IsrContextGet
                0x00009ec0       0x24 ra\fsp\src\r_gpt\r_gpt.o
 .text.r_gpt_write_protect_enable
                0x00009ee4       0x16 ra\fsp\src\r_gpt\r_gpt.o
 .text.r_gpt_write_protect_disable
                0x00009efa       0x16 ra\fsp\src\r_gpt\r_gpt.o
 .text.r_gpt_call_callback
                0x00009f10       0x6c ra\fsp\src\r_gpt\r_gpt.o
 .text.gpt_counter_overflow_isr
                0x00009f7c       0x8a ra\fsp\src\r_gpt\r_gpt.o
                0x00009f7c                gpt_counter_overflow_isr
 .text.R_FSP_CurrentIrqGet
                0x0000a006       0x2c ra\fsp\src\r_icu\r_icu.o
 *fill*         0x0000a032        0x2 ff
 .text.R_FSP_IsrContextSet
                0x0000a034       0x28 ra\fsp\src\r_icu\r_icu.o
 .text.R_BSP_IrqStatusClear
                0x0000a05c       0x30 ra\fsp\src\r_icu\r_icu.o
 .text.R_BSP_IrqClearPending
                0x0000a08c       0x40 ra\fsp\src\r_icu\r_icu.o
 .text.R_BSP_IrqCfg
                0x0000a0cc       0x3c ra\fsp\src\r_icu\r_icu.o
 .text.R_BSP_IrqEnableNoClear
                0x0000a108       0x38 ra\fsp\src\r_icu\r_icu.o
 .text.R_BSP_IrqEnable
                0x0000a140       0x26 ra\fsp\src\r_icu\r_icu.o
 *fill*         0x0000a166        0x2 ff
 .text.R_BSP_IrqDisable
                0x0000a168       0x48 ra\fsp\src\r_icu\r_icu.o
 .text.R_FSP_IsrContextGet
                0x0000a1b0       0x24 ra\fsp\src\r_icu\r_icu.o
 .text.R_ICU_ExternalIrqOpen
                0x0000a1d4       0xcc ra\fsp\src\r_icu\r_icu.o
                0x0000a1d4                R_ICU_ExternalIrqOpen
 .text.R_ICU_ExternalIrqEnable
                0x0000a2a0       0x22 ra\fsp\src\r_icu\r_icu.o
                0x0000a2a0                R_ICU_ExternalIrqEnable
 .text.R_ICU_ExternalIrqDisable
                0x0000a2c2       0x22 ra\fsp\src\r_icu\r_icu.o
                0x0000a2c2                R_ICU_ExternalIrqDisable
 .text.R_ICU_ExternalIrqClose
                0x0000a2e4       0x40 ra\fsp\src\r_icu\r_icu.o
                0x0000a2e4                R_ICU_ExternalIrqClose
 .text.r_icu_isr
                0x0000a324       0x80 ra\fsp\src\r_icu\r_icu.o
                0x0000a324                r_icu_isr
 .text.R_BSP_PinRead
                0x0000a3a4       0x38 ra\fsp\src\r_ioport\r_ioport.o
 .text.R_BSP_PinAccessEnable
                0x0000a3dc       0x60 ra\fsp\src\r_ioport\r_ioport.o
 .text.R_BSP_PinAccessDisable
                0x0000a43c       0x68 ra\fsp\src\r_ioport\r_ioport.o
 .text.R_IOPORT_Open
                0x0000a4a4       0x28 ra\fsp\src\r_ioport\r_ioport.o
                0x0000a4a4                R_IOPORT_Open
 .text.R_IOPORT_Close
                0x0000a4cc       0x20 ra\fsp\src\r_ioport\r_ioport.o
                0x0000a4cc                R_IOPORT_Close
 .text.R_IOPORT_PinsCfg
                0x0000a4ec       0x1a ra\fsp\src\r_ioport\r_ioport.o
                0x0000a4ec                R_IOPORT_PinsCfg
 .text.R_IOPORT_PinCfg
                0x0000a506       0x46 ra\fsp\src\r_ioport\r_ioport.o
                0x0000a506                R_IOPORT_PinCfg
 .text.R_IOPORT_PinRead
                0x0000a54c       0x28 ra\fsp\src\r_ioport\r_ioport.o
                0x0000a54c                R_IOPORT_PinRead
 .text.R_IOPORT_PortRead
                0x0000a574       0x3a ra\fsp\src\r_ioport\r_ioport.o
                0x0000a574                R_IOPORT_PortRead
 .text.R_IOPORT_PortWrite
                0x0000a5ae       0x62 ra\fsp\src\r_ioport\r_ioport.o
                0x0000a5ae                R_IOPORT_PortWrite
 .text.R_IOPORT_PinWrite
                0x0000a610       0x6e ra\fsp\src\r_ioport\r_ioport.o
                0x0000a610                R_IOPORT_PinWrite
 .text.R_IOPORT_PortDirectionSet
                0x0000a67e       0x72 ra\fsp\src\r_ioport\r_ioport.o
                0x0000a67e                R_IOPORT_PortDirectionSet
 .text.R_IOPORT_PortEventInputRead
                0x0000a6f0       0x3e ra\fsp\src\r_ioport\r_ioport.o
                0x0000a6f0                R_IOPORT_PortEventInputRead
 .text.R_IOPORT_PinEventInputRead
                0x0000a72e       0x62 ra\fsp\src\r_ioport\r_ioport.o
                0x0000a72e                R_IOPORT_PinEventInputRead
 .text.R_IOPORT_PortEventOutputWrite
                0x0000a790       0x62 ra\fsp\src\r_ioport\r_ioport.o
                0x0000a790                R_IOPORT_PortEventOutputWrite
 .text.R_IOPORT_PinEventOutputWrite
                0x0000a7f2       0x5e ra\fsp\src\r_ioport\r_ioport.o
                0x0000a7f2                R_IOPORT_PinEventOutputWrite
 .text.R_IOPORT_EthernetModeCfg
                0x0000a850       0x28 ra\fsp\src\r_ioport\r_ioport.o
                0x0000a850                R_IOPORT_EthernetModeCfg
 .text.r_ioport_pins_config
                0x0000a878       0x56 ra\fsp\src\r_ioport\r_ioport.o
 .text.r_ioport_hw_pin_event_output_data_write
                0x0000a8ce       0x88 ra\fsp\src\r_ioport\r_ioport.o
 *fill*         0x0000a956        0x2 ff
 .text.r_ioport_pfs_write
                0x0000a958       0x78 ra\fsp\src\r_ioport\r_ioport.o
 .text.bsp_vbatt_init
                0x0000a9d0       0xd8 ra\fsp\src\r_ioport\r_ioport.o
 .text.R_FSP_CurrentIrqGet
                0x0000aaa8       0x2c ra\fsp\src\r_jpeg\r_jpeg.o
 .text.R_BSP_IrqStatusClear
                0x0000aad4       0x30 ra\fsp\src\r_jpeg\r_jpeg.o
 .text.R_FSP_IsrContextGet
                0x0000ab04       0x24 ra\fsp\src\r_jpeg\r_jpeg.o
 .text.R_JPEG_DecodeLinesDecodedGet
                0x0000ab28       0x54 ra\fsp\src\r_jpeg\r_jpeg.o
                0x0000ab28                R_JPEG_DecodeLinesDecodedGet
 .text.r_jpeg_decode_image_size_get
                0x0000ab7c       0x5c ra\fsp\src\r_jpeg\r_jpeg.o
 .text.r_jpeg_decode_line_number_get
                0x0000abd8       0xc8 ra\fsp\src\r_jpeg\r_jpeg.o
 .text.r_jpeg_decode_output_start
                0x0000aca0       0x54 ra\fsp\src\r_jpeg\r_jpeg.o
 .text.r_jpeg_decode_pixel_number_check
                0x0000acf4       0xb0 ra\fsp\src\r_jpeg\r_jpeg.o
 .text.r_jpeg_status_change
                0x0000ada4       0x3c ra\fsp\src\r_jpeg\r_jpeg.o
 .text.jpeg_jdti_isr
                0x0000ade0      0x110 ra\fsp\src\r_jpeg\r_jpeg.o
                0x0000ade0                jpeg_jdti_isr
 .text.jpeg_jedi_isr
                0x0000aef0      0x13c ra\fsp\src\r_jpeg\r_jpeg.o
                0x0000aef0                jpeg_jedi_isr
 .text.R_FSP_CurrentIrqGet
                0x0000b02c       0x2c ra\fsp\src\r_sci_spi\r_sci_spi.o
 .text.R_BSP_IrqStatusClear
                0x0000b058       0x30 ra\fsp\src\r_sci_spi\r_sci_spi.o
 .text.R_FSP_IsrContextGet
                0x0000b088       0x24 ra\fsp\src\r_sci_spi\r_sci_spi.o
 .text.r_sci_spi_transmit
                0x0000b0ac       0x4e ra\fsp\src\r_sci_spi\r_sci_spi.o
 .text.r_sci_spi_call_callback
                0x0000b0fa       0x70 ra\fsp\src\r_sci_spi\r_sci_spi.o
 .text.sci_spi_txi_isr
                0x0000b16a       0x60 ra\fsp\src\r_sci_spi\r_sci_spi.o
                0x0000b16a                sci_spi_txi_isr
 .text.sci_spi_rxi_isr
                0x0000b1ca       0x7e ra\fsp\src\r_sci_spi\r_sci_spi.o
                0x0000b1ca                sci_spi_rxi_isr
 .text.sci_spi_tei_isr
                0x0000b248       0x48 ra\fsp\src\r_sci_spi\r_sci_spi.o
                0x0000b248                sci_spi_tei_isr
 .text.sci_spi_eri_isr
                0x0000b290       0x56 ra\fsp\src\r_sci_spi\r_sci_spi.o
                0x0000b290                sci_spi_eri_isr
 .text.R_FSP_CurrentIrqGet
                0x0000b2e6       0x2c ra\fsp\src\r_sci_uart\r_sci_uart.o
 *fill*         0x0000b312        0x2 ff
 .text.R_FSP_IsrContextSet
                0x0000b314       0x28 ra\fsp\src\r_sci_uart\r_sci_uart.o
 .text.R_BSP_IrqStatusClear
                0x0000b33c       0x30 ra\fsp\src\r_sci_uart\r_sci_uart.o
 .text.R_BSP_IrqClearPending
                0x0000b36c       0x40 ra\fsp\src\r_sci_uart\r_sci_uart.o
 .text.R_BSP_IrqCfg
                0x0000b3ac       0x3c ra\fsp\src\r_sci_uart\r_sci_uart.o
 .text.R_BSP_IrqEnableNoClear
                0x0000b3e8       0x38 ra\fsp\src\r_sci_uart\r_sci_uart.o
 .text.R_BSP_IrqEnable
                0x0000b420       0x26 ra\fsp\src\r_sci_uart\r_sci_uart.o
 *fill*         0x0000b446        0x2 ff
 .text.R_BSP_IrqDisable
                0x0000b448       0x48 ra\fsp\src\r_sci_uart\r_sci_uart.o
 .text.R_FSP_IsrContextGet
                0x0000b490       0x24 ra\fsp\src\r_sci_uart\r_sci_uart.o
 .text.R_SCI_UART_Open
                0x0000b4b4      0x1ac ra\fsp\src\r_sci_uart\r_sci_uart.o
                0x0000b4b4                R_SCI_UART_Open
 .text.r_sci_uart_config_set
                0x0000b660      0x10e ra\fsp\src\r_sci_uart\r_sci_uart.o
 .text.r_sci_irq_cfg
                0x0000b76e       0x3a ra\fsp\src\r_sci_uart\r_sci_uart.o
 .text.r_sci_irqs_cfg
                0x0000b7a8       0x5a ra\fsp\src\r_sci_uart\r_sci_uart.o
 .text.r_sci_uart_baud_set
                0x0000b802       0x58 ra\fsp\src\r_sci_uart\r_sci_uart.o
 .text.r_sci_uart_call_callback
                0x0000b85a       0x76 ra\fsp\src\r_sci_uart\r_sci_uart.o
 .text.sci_uart_txi_isr
                0x0000b8d0       0xd0 ra\fsp\src\r_sci_uart\r_sci_uart.o
                0x0000b8d0                sci_uart_txi_isr
 .text.sci_uart_rxi_isr
                0x0000b9a0       0xbc ra\fsp\src\r_sci_uart\r_sci_uart.o
                0x0000b9a0                sci_uart_rxi_isr
 .text.sci_uart_tei_isr
                0x0000ba5c       0x4a ra\fsp\src\r_sci_uart\r_sci_uart.o
                0x0000ba5c                sci_uart_tei_isr
 .text.sci_uart_eri_isr
                0x0000baa6       0xa8 ra\fsp\src\r_sci_uart\r_sci_uart.o
                0x0000baa6                sci_uart_eri_isr
 .text.R_FSP_CurrentIrqGet
                0x0000bb4e       0x2c ra\fsp\src\r_sdhi\r_sdhi.o
 *fill*         0x0000bb7a        0x2 ff
 .text.R_BSP_IrqStatusClear
                0x0000bb7c       0x30 ra\fsp\src\r_sdhi\r_sdhi.o
 .text.R_FSP_IsrContextGet
                0x0000bbac       0x24 ra\fsp\src\r_sdhi\r_sdhi.o
 .text.r_sdhi_access_irq_process
                0x0000bbd0      0x160 ra\fsp\src\r_sdhi\r_sdhi.o
 .text.r_sdhi_transfer_end
                0x0000bd30       0x50 ra\fsp\src\r_sdhi\r_sdhi.o
 .text.r_sdhi_call_callback
                0x0000bd80       0x78 ra\fsp\src\r_sdhi\r_sdhi.o
 .text.sdhimmc_accs_isr
                0x0000bdf8       0x5a ra\fsp\src\r_sdhi\r_sdhi.o
                0x0000bdf8                sdhimmc_accs_isr
 .text.sdhimmc_card_isr
                0x0000be52       0x96 ra\fsp\src\r_sdhi\r_sdhi.o
                0x0000be52                sdhimmc_card_isr
 .text.R_FSP_CurrentIrqGet
                0x0000bee8       0x2c ra\fsp\src\r_ssi\r_ssi.o
 .text.R_BSP_IrqStatusClear
                0x0000bf14       0x30 ra\fsp\src\r_ssi\r_ssi.o
 .text.R_FSP_IsrContextGet
                0x0000bf44       0x24 ra\fsp\src\r_ssi\r_ssi.o
 .text.r_ssi_stop_sub
                0x0000bf68       0xa0 ra\fsp\src\r_ssi\r_ssi.o
 .text.r_ssi_fifo_read
                0x0000c008       0x88 ra\fsp\src\r_ssi\r_ssi.o
 .text.r_ssi_rx_fifo_read
                0x0000c090       0xb0 ra\fsp\src\r_ssi\r_ssi.o
 .text.r_ssi_call_callback
                0x0000c140       0x66 ra\fsp\src\r_ssi\r_ssi.o
 .text.ssi_rxi_isr
                0x0000c1a6       0x58 ra\fsp\src\r_ssi\r_ssi.o
                0x0000c1a6                ssi_rxi_isr
 .text.ssi_int_isr
                0x0000c1fe       0x72 ra\fsp\src\r_ssi\r_ssi.o
                0x0000c1fe                ssi_int_isr
 .text.main     0x0000c270        0xe D:\xiot\xiotman-master\out\app_uart_debug(ra6m3-hmi)\ra_gen\main.o
                0x0000c270                main
 *fill*         0x0000c27e        0x2 ff
 .text.hal_entry
                0x0000c280       0x34 D:\xiot\xiotman-master\out\app_uart_debug(ra6m3-hmi)\src\hal_entry.o
                0x0000c280                hal_entry
 .text.__NVIC_SetPriority
                0x0000c2b4       0x54 libraries\HAL_Drivers\drv_common.o
 .text.__NVIC_SystemReset
                0x0000c308       0x2c libraries\HAL_Drivers\drv_common.o
 .text.SysTick_Config
                0x0000c334       0x44 libraries\HAL_Drivers\drv_common.o
 .text.reboot   0x0000c378       0x10 libraries\HAL_Drivers\drv_common.o
 .text.rt_hw_systick_init
                0x0000c388       0x2c libraries\HAL_Drivers\drv_common.o
                0x0000c388                rt_hw_systick_init
 .text.SysTick_Handler
                0x0000c3b4       0x14 libraries\HAL_Drivers\drv_common.o
                0x0000c3b4                SysTick_Handler
 .text.rt_hw_board_init
                0x0000c3c8       0x34 libraries\HAL_Drivers\drv_common.o
                0x0000c3c8                rt_hw_board_init
 .text.R_BSP_WarmStart
                0x0000c3fc       0x2c libraries\HAL_Drivers\drv_common.o
                0x0000c3fc                R_BSP_WarmStart
 .text.R_BSP_PinRead
                0x0000c428       0x38 libraries\HAL_Drivers\drv_gpio.o
 .text.R_BSP_PinWrite
                0x0000c460       0x68 libraries\HAL_Drivers\drv_gpio.o
 .text.R_BSP_PinAccessEnable
                0x0000c4c8       0x60 libraries\HAL_Drivers\drv_gpio.o
 .text.R_BSP_PinAccessDisable
                0x0000c528       0x68 libraries\HAL_Drivers\drv_gpio.o
 .text.ra_pin_get_irqx
                0x0000c590      0x280 libraries\HAL_Drivers\drv_gpio.o
 .text.ra_irq_tab_init
                0x0000c810       0x7c libraries\HAL_Drivers\drv_gpio.o
 .text.ra_pin_map_init
                0x0000c88c       0x64 libraries\HAL_Drivers\drv_gpio.o
 .text.ra_pin_mode
                0x0000c8f0       0xf4 libraries\HAL_Drivers\drv_gpio.o
 .text.ra_pin_write
                0x0000c9e4       0x3c libraries\HAL_Drivers\drv_gpio.o
 .text.ra_pin_read
                0x0000ca20       0x54 libraries\HAL_Drivers\drv_gpio.o
 .text.ra_pin_irq_enable
                0x0000ca74      0x124 libraries\HAL_Drivers\drv_gpio.o
 .text.ra_pin_attach_irq
                0x0000cb98      0x130 libraries\HAL_Drivers\drv_gpio.o
 .text.ra_pin_dettach_irq
                0x0000ccc8       0xb4 libraries\HAL_Drivers\drv_gpio.o
 .text.ra_pin_get
                0x0000cd7c       0xce libraries\HAL_Drivers\drv_gpio.o
 *fill*         0x0000ce4a        0x2 ff
 .text.rt_hw_pin_init
                0x0000ce4c       0x24 libraries\HAL_Drivers\drv_gpio.o
                0x0000ce4c                rt_hw_pin_init
 .text.irq_callback
                0x0000ce70       0x64 libraries\HAL_Drivers\drv_gpio.o
                0x0000ce70                irq_callback
 .text.ra_uart_get_config
                0x0000ced4       0x50 libraries\HAL_Drivers\drv_usart_v2.o
 .text.ra_uart_configure
                0x0000cf24       0x80 libraries\HAL_Drivers\drv_usart_v2.o
 .text.ra_uart_control
                0x0000cfa4       0x1a libraries\HAL_Drivers\drv_usart_v2.o
 *fill*         0x0000cfbe        0x2 ff
 .text.ra_uart_putc
                0x0000cfc0       0x68 libraries\HAL_Drivers\drv_usart_v2.o
 .text.ra_uart_getc
                0x0000d028       0x16 libraries\HAL_Drivers\drv_usart_v2.o
 *fill*         0x0000d03e        0x2 ff
 .text.ra_uart_transmit
                0x0000d040       0x54 libraries\HAL_Drivers\drv_usart_v2.o
 .text.user_uart9_callback
                0x0000d094       0x78 libraries\HAL_Drivers\drv_usart_v2.o
                0x0000d094                user_uart9_callback
 .text.rt_hw_usart_init
                0x0000d10c       0xb0 libraries\HAL_Drivers\drv_usart_v2.o
                0x0000d10c                rt_hw_usart_init
 .text.atoi     0x0000d1bc        0x8 d:/soft/env/env_released_1.3.5/env-windows-v1.3.5/tools/gnu_gcc/arm_gcc/mingw/bin/../lib/gcc/arm-none-eabi/10.3.1/../../../../arm-none-eabi/lib/thumb/v7e-m+fp/hard\libc.a(lib_a-atoi.o)
                0x0000d1bc                atoi
 .text.memcmp   0x0000d1c4       0x64 d:/soft/env/env_released_1.3.5/env-windows-v1.3.5/tools/gnu_gcc/arm_gcc/mingw/bin/../lib/gcc/arm-none-eabi/10.3.1/../../../../arm-none-eabi/lib/thumb/v7e-m+fp/hard\libc.a(lib_a-memcmp.o)
                0x0000d1c4                memcmp
 .text          0x0000d228      0x134 d:/soft/env/env_released_1.3.5/env-windows-v1.3.5/tools/gnu_gcc/arm_gcc/mingw/bin/../lib/gcc/arm-none-eabi/10.3.1/../../../../arm-none-eabi/lib/thumb/v7e-m+fp/hard\libc.a(lib_a-memcpy.o)
                0x0000d228                memcpy
 .text.memset   0x0000d35c       0xa4 d:/soft/env/env_released_1.3.5/env-windows-v1.3.5/tools/gnu_gcc/arm_gcc/mingw/bin/../lib/gcc/arm-none-eabi/10.3.1/../../../../arm-none-eabi/lib/thumb/v7e-m+fp/hard\libc.a(lib_a-memset.o)
                0x0000d35c                memset
 .text          0x0000d400      0x2dc d:/soft/env/env_released_1.3.5/env-windows-v1.3.5/tools/gnu_gcc/arm_gcc/mingw/bin/../lib/gcc/arm-none-eabi/10.3.1/../../../../arm-none-eabi/lib/thumb/v7e-m+fp/hard\libc.a(lib_a-strcmp.o)
                0x0000d408                strcmp
 *fill*         0x0000d6dc       0x24 ff
 .text          0x0000d700       0xdc d:/soft/env/env_released_1.3.5/env-windows-v1.3.5/tools/gnu_gcc/arm_gcc/mingw/bin/../lib/gcc/arm-none-eabi/10.3.1/../../../../arm-none-eabi/lib/thumb/v7e-m+fp/hard\libc.a(lib_a-strlen.o)
                0x0000d700                strlen
 .text.strncat  0x0000d7dc       0x5c d:/soft/env/env_released_1.3.5/env-windows-v1.3.5/tools/gnu_gcc/arm_gcc/mingw/bin/../lib/gcc/arm-none-eabi/10.3.1/../../../../arm-none-eabi/lib/thumb/v7e-m+fp/hard\libc.a(lib_a-strncat.o)
                0x0000d7dc                strncat
 .text.strncmp  0x0000d838       0x80 d:/soft/env/env_released_1.3.5/env-windows-v1.3.5/tools/gnu_gcc/arm_gcc/mingw/bin/../lib/gcc/arm-none-eabi/10.3.1/../../../../arm-none-eabi/lib/thumb/v7e-m+fp/hard\libc.a(lib_a-strncmp.o)
                0x0000d838                strncmp
 .text.strncpy  0x0000d8b8       0x64 d:/soft/env/env_released_1.3.5/env-windows-v1.3.5/tools/gnu_gcc/arm_gcc/mingw/bin/../lib/gcc/arm-none-eabi/10.3.1/../../../../arm-none-eabi/lib/thumb/v7e-m+fp/hard\libc.a(lib_a-strncpy.o)
                0x0000d8b8                strncpy
 .text._strtol_l.part.0
                0x0000d91c      0x120 d:/soft/env/env_released_1.3.5/env-windows-v1.3.5/tools/gnu_gcc/arm_gcc/mingw/bin/../lib/gcc/arm-none-eabi/10.3.1/../../../../arm-none-eabi/lib/thumb/v7e-m+fp/hard\libc.a(lib_a-strtol.o)
 .text.strtol   0x0000da3c       0x2c d:/soft/env/env_released_1.3.5/env-windows-v1.3.5/tools/gnu_gcc/arm_gcc/mingw/bin/../lib/gcc/arm-none-eabi/10.3.1/../../../../arm-none-eabi/lib/thumb/v7e-m+fp/hard\libc.a(lib_a-strtol.o)
                0x0000da3c                strtol
 .text.startup.register_fini
                0x0000da68       0x14 d:/soft/env/env_released_1.3.5/env-windows-v1.3.5/tools/gnu_gcc/arm_gcc/mingw/bin/../lib/gcc/arm-none-eabi/10.3.1/../../../../arm-none-eabi/lib/thumb/v7e-m+fp/hard\libc.a(lib_a-__call_atexit.o)
 .text.atexit   0x0000da7c        0xc d:/soft/env/env_released_1.3.5/env-windows-v1.3.5/tools/gnu_gcc/arm_gcc/mingw/bin/../lib/gcc/arm-none-eabi/10.3.1/../../../../arm-none-eabi/lib/thumb/v7e-m+fp/hard\libc.a(lib_a-atexit.o)
                0x0000da7c                atexit
 .text.__libc_fini_array
                0x0000da88       0x2c d:/soft/env/env_released_1.3.5/env-windows-v1.3.5/tools/gnu_gcc/arm_gcc/mingw/bin/../lib/gcc/arm-none-eabi/10.3.1/../../../../arm-none-eabi/lib/thumb/v7e-m+fp/hard\libc.a(lib_a-fini.o)
                0x0000da88                __libc_fini_array
 .text.__retarget_lock_acquire_recursive
                0x0000dab4        0x4 d:/soft/env/env_released_1.3.5/env-windows-v1.3.5/tools/gnu_gcc/arm_gcc/mingw/bin/../lib/gcc/arm-none-eabi/10.3.1/../../../../arm-none-eabi/lib/thumb/v7e-m+fp/hard\libc.a(lib_a-lock.o)
                0x0000dab4                __retarget_lock_acquire_recursive
 .text.__retarget_lock_release_recursive
                0x0000dab8        0x4 d:/soft/env/env_released_1.3.5/env-windows-v1.3.5/tools/gnu_gcc/arm_gcc/mingw/bin/../lib/gcc/arm-none-eabi/10.3.1/../../../../arm-none-eabi/lib/thumb/v7e-m+fp/hard\libc.a(lib_a-lock.o)
                0x0000dab8                __retarget_lock_release_recursive
 .text.__register_exitproc
                0x0000dabc       0x8c d:/soft/env/env_released_1.3.5/env-windows-v1.3.5/tools/gnu_gcc/arm_gcc/mingw/bin/../lib/gcc/arm-none-eabi/10.3.1/../../../../arm-none-eabi/lib/thumb/v7e-m+fp/hard\libc.a(lib_a-__atexit.o)
                0x0000dabc                __register_exitproc
 *(.version)
 .version       0x0000db48       0x50 ra\fsp\src\bsp\mcu\all\bsp_common.o
 *(.init)
 .init          0x0000db98        0x4 d:/soft/env/env_released_1.3.5/env-windows-v1.3.5/tools/gnu_gcc/arm_gcc/mingw/bin/../lib/gcc/arm-none-eabi/10.3.1/thumb/v7e-m+fp/hard/crti.o
                0x0000db98                _init
 .init          0x0000db9c        0x8 d:/soft/env/env_released_1.3.5/env-windows-v1.3.5/tools/gnu_gcc/arm_gcc/mingw/bin/../lib/gcc/arm-none-eabi/10.3.1/thumb/v7e-m+fp/hard/crtn.o
 *(.fini)
 .fini          0x0000dba4        0x4 d:/soft/env/env_released_1.3.5/env-windows-v1.3.5/tools/gnu_gcc/arm_gcc/mingw/bin/../lib/gcc/arm-none-eabi/10.3.1/thumb/v7e-m+fp/hard/crti.o
                0x0000dba4                _fini
 .fini          0x0000dba8        0x8 d:/soft/env/env_released_1.3.5/env-windows-v1.3.5/tools/gnu_gcc/arm_gcc/mingw/bin/../lib/gcc/arm-none-eabi/10.3.1/thumb/v7e-m+fp/hard/crtn.o
                0x0000dbb0                . = ALIGN (0x4)
                0x0000dbb0                __fsymtab_start = .
 *(FSymTab)
 FSymTab        0x0000dbb0        0xc D:\xiot\xiotman-master\out\app_uart_debug(ra6m3-hmi)\kernel\components\drivers\misc\pin.o
                0x0000dbb0                __fsym_pin
 FSymTab        0x0000dbbc       0x24 D:\xiot\xiotman-master\out\app_uart_debug(ra6m3-hmi)\kernel\components\finsh\cmd.o
                0x0000dbbc                __fsym_clear
                0x0000dbc8                __fsym_version
                0x0000dbd4                __fsym_list
 FSymTab        0x0000dbe0       0x24 D:\xiot\xiotman-master\out\app_uart_debug(ra6m3-hmi)\kernel\components\finsh\msh.o
                0x0000dbe0                __fsym_help
                0x0000dbec                __fsym_ps
                0x0000dbf8                __fsym_free
 FSymTab        0x0000dc04        0xc libraries\HAL_Drivers\drv_common.o
                0x0000dc04                __fsym_reboot
                0x0000dc10                __fsymtab_end = .
                0x0000dc10                . = ALIGN (0x4)
                0x0000dc10                __vsymtab_start = .
 *(VSymTab)
                0x0000dc10                __vsymtab_end = .
                0x0000dc10                . = ALIGN (0x4)
                0x0000dc10                __rt_init_start = .
 *(SORT_BY_NAME(.rti_fn*))
 .rti_fn.0      0x0000dc10        0x4 D:\xiot\xiotman-master\out\app_uart_debug(ra6m3-hmi)\kernel\src\components.o
                0x0000dc10                __rt_init_rti_start
 .rti_fn.0.end  0x0000dc14        0x4 D:\xiot\xiotman-master\out\app_uart_debug(ra6m3-hmi)\kernel\src\components.o
                0x0000dc14                __rt_init_rti_board_start
 .rti_fn.1.end  0x0000dc18        0x4 D:\xiot\xiotman-master\out\app_uart_debug(ra6m3-hmi)\kernel\src\components.o
                0x0000dc18                __rt_init_rti_board_end
 .rti_fn.6      0x0000dc1c        0x4 D:\xiot\xiotman-master\out\app_uart_debug(ra6m3-hmi)\kernel\components\finsh\shell.o
                0x0000dc1c                __rt_init_finsh_system_init
 .rti_fn.6.end  0x0000dc20        0x4 D:\xiot\xiotman-master\out\app_uart_debug(ra6m3-hmi)\kernel\src\components.o
                0x0000dc20                __rt_init_rti_end
                0x0000dc24                __rt_init_end = .
                0x0000dc24                . = ALIGN (0x4)
 *(FalPartTable)
 *crtbegin.o(.ctors)
 *crtbegin?.o(.ctors)
 *(EXCLUDE_FILE(*crtend.o *crtend?.o) .ctors)
 *(SORT_BY_NAME(.ctors.*))
 *(.ctors)
 *crtbegin.o(.dtors)
 *crtbegin?.o(.dtors)
 *(EXCLUDE_FILE(*crtend.o *crtend?.o) .dtors)
 *(SORT_BY_NAME(.dtors.*))
 *(.dtors)
 *(.rodata*)
 .rodata        0x0000dc24       0xd7 D:\xiot\xiotman-master\out\app_uart_debug(ra6m3-hmi)\kernel\components\drivers\ipc\completion.o
 *fill*         0x0000dcfb        0x1 ff
 .rodata.__FUNCTION__.2
                0x0000dcfc       0x13 D:\xiot\xiotman-master\out\app_uart_debug(ra6m3-hmi)\kernel\components\drivers\ipc\completion.o
 *fill*         0x0000dd0f        0x1 ff
 .rodata.__FUNCTION__.1
                0x0000dd10       0x13 D:\xiot\xiotman-master\out\app_uart_debug(ra6m3-hmi)\kernel\components\drivers\ipc\completion.o
 *fill*         0x0000dd23        0x1 ff
 .rodata.__FUNCTION__.0
                0x0000dd24       0x13 D:\xiot\xiotman-master\out\app_uart_debug(ra6m3-hmi)\kernel\components\drivers\ipc\completion.o
 *fill*         0x0000dd37        0x1 ff
 .rodata        0x0000dd38       0x19 D:\xiot\xiotman-master\out\app_uart_debug(ra6m3-hmi)\kernel\components\drivers\ipc\ringbuffer.o
 *fill*         0x0000dd51        0x3 ff
 .rodata.__FUNCTION__.10
                0x0000dd54       0x13 D:\xiot\xiotman-master\out\app_uart_debug(ra6m3-hmi)\kernel\components\drivers\ipc\ringbuffer.o
 *fill*         0x0000dd67        0x1 ff
 .rodata.__FUNCTION__.9
                0x0000dd68       0x12 D:\xiot\xiotman-master\out\app_uart_debug(ra6m3-hmi)\kernel\components\drivers\ipc\ringbuffer.o
 *fill*         0x0000dd7a        0x2 ff
 .rodata.__FUNCTION__.7
                0x0000dd7c       0x12 D:\xiot\xiotman-master\out\app_uart_debug(ra6m3-hmi)\kernel\components\drivers\ipc\ringbuffer.o
 *fill*         0x0000dd8e        0x2 ff
 .rodata.__FUNCTION__.5
                0x0000dd90       0x16 D:\xiot\xiotman-master\out\app_uart_debug(ra6m3-hmi)\kernel\components\drivers\ipc\ringbuffer.o
 *fill*         0x0000dda6        0x2 ff
 .rodata        0x0000dda8      0x2aa D:\xiot\xiotman-master\out\app_uart_debug(ra6m3-hmi)\kernel\components\drivers\misc\pin.o
 *fill*         0x0000e052        0x2 ff
 .rodata.name   0x0000e054       0x11 D:\xiot\xiotman-master\out\app_uart_debug(ra6m3-hmi)\kernel\components\drivers\misc\pin.o
                0x0000e054                __fsym_pin_name
                0x0000e058                __fsym_pin_desc
 *fill*         0x0000e065        0x3 ff
 .rodata.__FUNCTION__.9
                0x0000e068        0xa D:\xiot\xiotman-master\out\app_uart_debug(ra6m3-hmi)\kernel\components\drivers\misc\pin.o
 *fill*         0x0000e072        0x2 ff
 .rodata.__FUNCTION__.8
                0x0000e074        0xb D:\xiot\xiotman-master\out\app_uart_debug(ra6m3-hmi)\kernel\components\drivers\misc\pin.o
 *fill*         0x0000e07f        0x1 ff
 .rodata.__FUNCTION__.7
                0x0000e080        0xd D:\xiot\xiotman-master\out\app_uart_debug(ra6m3-hmi)\kernel\components\drivers\misc\pin.o
 *fill*         0x0000e08d        0x3 ff
 .rodata.__FUNCTION__.3
                0x0000e090        0xc D:\xiot\xiotman-master\out\app_uart_debug(ra6m3-hmi)\kernel\components\drivers\misc\pin.o
 .rodata.__FUNCTION__.2
                0x0000e09c        0xd D:\xiot\xiotman-master\out\app_uart_debug(ra6m3-hmi)\kernel\components\drivers\misc\pin.o
 *fill*         0x0000e0a9        0x3 ff
 .rodata.__FUNCTION__.1
                0x0000e0ac        0xc D:\xiot\xiotman-master\out\app_uart_debug(ra6m3-hmi)\kernel\components\drivers\misc\pin.o
 .rodata.__FUNCTION__.0
                0x0000e0b8        0xb D:\xiot\xiotman-master\out\app_uart_debug(ra6m3-hmi)\kernel\components\drivers\misc\pin.o
 *fill*         0x0000e0c3        0x1 ff
 .rodata        0x0000e0c4      0x1dd D:\xiot\xiotman-master\out\app_uart_debug(ra6m3-hmi)\kernel\components\drivers\serial\serial_v2.o
 *fill*         0x0000e2a1        0x3 ff
 .rodata.__FUNCTION__.18
                0x0000e2a4       0x1c D:\xiot\xiotman-master\out\app_uart_debug(ra6m3-hmi)\kernel\components\drivers\serial\serial_v2.o
 .rodata.__FUNCTION__.17
                0x0000e2c0       0x1c D:\xiot\xiotman-master\out\app_uart_debug(ra6m3-hmi)\kernel\components\drivers\serial\serial_v2.o
 .rodata.__FUNCTION__.16
                0x0000e2dc       0x1d D:\xiot\xiotman-master\out\app_uart_debug(ra6m3-hmi)\kernel\components\drivers\serial\serial_v2.o
 *fill*         0x0000e2f9        0x3 ff
 .rodata.__FUNCTION__.15
                0x0000e2fc       0x10 D:\xiot\xiotman-master\out\app_uart_debug(ra6m3-hmi)\kernel\components\drivers\serial\serial_v2.o
 .rodata.__FUNCTION__.14
                0x0000e30c       0x10 D:\xiot\xiotman-master\out\app_uart_debug(ra6m3-hmi)\kernel\components\drivers\serial\serial_v2.o
 .rodata.__FUNCTION__.13
                0x0000e31c       0x10 D:\xiot\xiotman-master\out\app_uart_debug(ra6m3-hmi)\kernel\components\drivers\serial\serial_v2.o
 .rodata.__FUNCTION__.12
                0x0000e32c       0x1e D:\xiot\xiotman-master\out\app_uart_debug(ra6m3-hmi)\kernel\components\drivers\serial\serial_v2.o
 *fill*         0x0000e34a        0x2 ff
 .rodata.__FUNCTION__.11
                0x0000e34c       0x1d D:\xiot\xiotman-master\out\app_uart_debug(ra6m3-hmi)\kernel\components\drivers\serial\serial_v2.o
 *fill*         0x0000e369        0x3 ff
 .rodata.__FUNCTION__.10
                0x0000e36c       0x1c D:\xiot\xiotman-master\out\app_uart_debug(ra6m3-hmi)\kernel\components\drivers\serial\serial_v2.o
 .rodata.__FUNCTION__.9
                0x0000e388       0x14 D:\xiot\xiotman-master\out\app_uart_debug(ra6m3-hmi)\kernel\components\drivers\serial\serial_v2.o
 .rodata.__FUNCTION__.8
                0x0000e39c       0x14 D:\xiot\xiotman-master\out\app_uart_debug(ra6m3-hmi)\kernel\components\drivers\serial\serial_v2.o
 .rodata.__FUNCTION__.7
                0x0000e3b0       0x15 D:\xiot\xiotman-master\out\app_uart_debug(ra6m3-hmi)\kernel\components\drivers\serial\serial_v2.o
 *fill*         0x0000e3c5        0x3 ff
 .rodata.__FUNCTION__.6
                0x0000e3c8       0x15 D:\xiot\xiotman-master\out\app_uart_debug(ra6m3-hmi)\kernel\components\drivers\serial\serial_v2.o
 *fill*         0x0000e3dd        0x3 ff
 .rodata.__FUNCTION__.5
                0x0000e3e0        0xf D:\xiot\xiotman-master\out\app_uart_debug(ra6m3-hmi)\kernel\components\drivers\serial\serial_v2.o
 *fill*         0x0000e3ef        0x1 ff
 .rodata.__FUNCTION__.4
                0x0000e3f0        0xf D:\xiot\xiotman-master\out\app_uart_debug(ra6m3-hmi)\kernel\components\drivers\serial\serial_v2.o
 *fill*         0x0000e3ff        0x1 ff
 .rodata.__FUNCTION__.3