Archive member included to satisfy reference by file (symbol)

d:/llc/softwares/env-windows-v1.3.5/tools/gnu_gcc/arm_gcc/mingw/bin/../lib/gcc/arm-none-eabi/10.3.1/../../../../arm-none-eabi/lib/thumb/v8-m.base/nofp\libc.a(lib_a-atoi.o)
                              build\kernel\components\drivers\misc\pin.o (atoi)
d:/llc/softwares/env-windows-v1.3.5/tools/gnu_gcc/arm_gcc/mingw/bin/../lib/gcc/arm-none-eabi/10.3.1/../../../../arm-none-eabi/lib/thumb/v8-m.base/nofp\libc.a(lib_a-ctype_.o)
                              build\kernel\components\drivers\misc\pin.o (_ctype_)
d:/llc/softwares/env-windows-v1.3.5/tools/gnu_gcc/arm_gcc/mingw/bin/../lib/gcc/arm-none-eabi/10.3.1/../../../../arm-none-eabi/lib/thumb/v8-m.base/nofp\libc.a(lib_a-exit.o)
                              d:/llc/softwares/env-windows-v1.3.5/tools/gnu_gcc/arm_gcc/mingw/bin/../lib/gcc/arm-none-eabi/10.3.1/../../../../arm-none-eabi/lib/thumb/v8-m.base/nofp/crt0.o (exit)
d:/llc/softwares/env-windows-v1.3.5/tools/gnu_gcc/arm_gcc/mingw/bin/../lib/gcc/arm-none-eabi/10.3.1/../../../../arm-none-eabi/lib/thumb/v8-m.base/nofp\libc.a(lib_a-impure.o)
                              d:/llc/softwares/env-windows-v1.3.5/tools/gnu_gcc/arm_gcc/mingw/bin/../lib/gcc/arm-none-eabi/10.3.1/../../../../arm-none-eabi/lib/thumb/v8-m.base/nofp\libc.a(lib_a-exit.o) (_global_impure_ptr)
d:/llc/softwares/env-windows-v1.3.5/tools/gnu_gcc/arm_gcc/mingw/bin/../lib/gcc/arm-none-eabi/10.3.1/../../../../arm-none-eabi/lib/thumb/v8-m.base/nofp\libc.a(lib_a-malloc.o)
                              build\kernel\components\libc\compilers\common\cstring.o (malloc)
d:/llc/softwares/env-windows-v1.3.5/tools/gnu_gcc/arm_gcc/mingw/bin/../lib/gcc/arm-none-eabi/10.3.1/../../../../arm-none-eabi/lib/thumb/v8-m.base/nofp\libc.a(lib_a-memcmp.o)
                              build\kernel\components\finsh\shell.o (memcmp)
d:/llc/softwares/env-windows-v1.3.5/tools/gnu_gcc/arm_gcc/mingw/bin/../lib/gcc/arm-none-eabi/10.3.1/../../../../arm-none-eabi/lib/thumb/v8-m.base/nofp\libc.a(lib_a-memcpy-stub.o)
                              build\kernel\components\finsh\msh.o (memcpy)
d:/llc/softwares/env-windows-v1.3.5/tools/gnu_gcc/arm_gcc/mingw/bin/../lib/gcc/arm-none-eabi/10.3.1/../../../../arm-none-eabi/lib/thumb/v8-m.base/nofp\libc.a(lib_a-memset.o)
                              d:/llc/softwares/env-windows-v1.3.5/tools/gnu_gcc/arm_gcc/mingw/bin/../lib/gcc/arm-none-eabi/10.3.1/../../../../arm-none-eabi/lib/thumb/v8-m.base/nofp/crt0.o (memset)
d:/llc/softwares/env-windows-v1.3.5/tools/gnu_gcc/arm_gcc/mingw/bin/../lib/gcc/arm-none-eabi/10.3.1/../../../../arm-none-eabi/lib/thumb/v8-m.base/nofp\libc.a(lib_a-strchr.o)
                              build\kernel\components\libc\compilers\common\cstring.o (strchr)
d:/llc/softwares/env-windows-v1.3.5/tools/gnu_gcc/arm_gcc/mingw/bin/../lib/gcc/arm-none-eabi/10.3.1/../../../../arm-none-eabi/lib/thumb/v8-m.base/nofp\libc.a(lib_a-strcmp.o)
                              build\kernel\components\dfs\src\dfs.o (strcmp)
d:/llc/softwares/env-windows-v1.3.5/tools/gnu_gcc/arm_gcc/mingw/bin/../lib/gcc/arm-none-eabi/10.3.1/../../../../arm-none-eabi/lib/thumb/v8-m.base/nofp\libc.a(lib_a-strcpy.o)
                              build\kernel\components\finsh\msh.o (strcpy)
d:/llc/softwares/env-windows-v1.3.5/tools/gnu_gcc/arm_gcc/mingw/bin/../lib/gcc/arm-none-eabi/10.3.1/../../../../arm-none-eabi/lib/thumb/v8-m.base/nofp\libc.a(lib_a-strlen-stub.o)
                              build\kernel\components\dfs\src\dfs.o (strlen)
d:/llc/softwares/env-windows-v1.3.5/tools/gnu_gcc/arm_gcc/mingw/bin/../lib/gcc/arm-none-eabi/10.3.1/../../../../arm-none-eabi/lib/thumb/v8-m.base/nofp\libc.a(lib_a-strncat.o)
                              build\kernel\components\drivers\misc\pin.o (strncat)
d:/llc/softwares/env-windows-v1.3.5/tools/gnu_gcc/arm_gcc/mingw/bin/../lib/gcc/arm-none-eabi/10.3.1/../../../../arm-none-eabi/lib/thumb/v8-m.base/nofp\libc.a(lib_a-strncmp.o)
                              build\kernel\components\dfs\src\dfs_fs.o (strncmp)
d:/llc/softwares/env-windows-v1.3.5/tools/gnu_gcc/arm_gcc/mingw/bin/../lib/gcc/arm-none-eabi/10.3.1/../../../../arm-none-eabi/lib/thumb/v8-m.base/nofp\libc.a(lib_a-strncpy.o)
                              build\kernel\components\dfs\src\dfs_posix.o (strncpy)
d:/llc/softwares/env-windows-v1.3.5/tools/gnu_gcc/arm_gcc/mingw/bin/../lib/gcc/arm-none-eabi/10.3.1/../../../../arm-none-eabi/lib/thumb/v8-m.base/nofp\libc.a(lib_a-strrchr.o)
                              build\kernel\components\dfs\src\dfs_file.o (strrchr)
d:/llc/softwares/env-windows-v1.3.5/tools/gnu_gcc/arm_gcc/mingw/bin/../lib/gcc/arm-none-eabi/10.3.1/../../../../arm-none-eabi/lib/thumb/v8-m.base/nofp\libc.a(lib_a-strstr.o)
                              build\kernel\components\finsh\msh_file.o (strstr)
d:/llc/softwares/env-windows-v1.3.5/tools/gnu_gcc/arm_gcc/mingw/bin/../lib/gcc/arm-none-eabi/10.3.1/../../../../arm-none-eabi/lib/thumb/v8-m.base/nofp\libc.a(lib_a-strtol.o)
[...]
Memory Configuration

Name             Origin             Length             Attributes
FLASH            0x00000000         0x00040000         xr
RAM              0x20000000         0x00008000         xrw
DATA_FLASH       0x40100000         0x00002000         xr
QSPI_FLASH       0x60000000         0x00000000         xr
OSPI_DEVICE_0    0x68000000         0x00000000         xr
OSPI_DEVICE_1    0x70000000         0x00000000         xr
OSPI_DEVICE_0_RAM 0x68000000         0x00000000         xrw
OSPI_DEVICE_1_RAM 0x70000000         0x00000000         xrw
SDRAM            0x90000000         0x00000000         xrw
OPTION_SETTING   0x00000000         0x00000000         r
OPTION_SETTING_S 0x00000000         0x00000000         r
ID_CODE          0x01010018         0x00000020         xr
*default*        0x00000000         0xffffffff

Linker script and memory map

LOAD d:/llc/softwares/env-windows-v1.3.5/tools/gnu_gcc/arm_gcc/mingw/bin/../lib/gcc/arm-none-eabi/10.3.1/thumb/v8-m.base/nofp/crti.o
LOAD d:/llc/softwares/env-windows-v1.3.5/tools/gnu_gcc/arm_gcc/mingw/bin/../lib/gcc/arm-none-eabi/10.3.1/thumb/v8-m.base/nofp/crtbegin.o
LOAD d:/llc/softwares/env-windows-v1.3.5/tools/gnu_gcc/arm_gcc/mingw/bin/../lib/gcc/arm-none-eabi/10.3.1/../../../../arm-none-eabi/lib/thumb/v8-m.base/nofp/crt0.o
LOAD build\kernel\components\dfs\src\dfs.o
LOAD build\kernel\components\dfs\src\dfs_file.o
LOAD build\kernel\components\dfs\src\dfs_fs.o
LOAD build\kernel\components\dfs\src\dfs_posix.o
LOAD build\kernel\components\drivers\ipc\completion.o
LOAD build\kernel\components\drivers\ipc\dataqueue.o
LOAD build\kernel\components\drivers\ipc\pipe.o
LOAD build\kernel\components\drivers\ipc\ringblk_buf.o
LOAD build\kernel\components\drivers\ipc\ringbuffer.o
LOAD build\kernel\components\drivers\ipc\waitqueue.o
LOAD build\kernel\components\drivers\ipc\workqueue.o
LOAD build\kernel\components\drivers\misc\pin.o
LOAD build\kernel\components\drivers\serial\serial_v2.o
LOAD build\kernel\components\finsh\cmd.o
LOAD build\kernel\components\finsh\msh.o
LOAD build\kernel\components\finsh\msh_file.o
LOAD build\kernel\components\finsh\msh_parse.o
LOAD build\kernel\components\finsh\shell.o
LOAD build\kernel\components\libc\compilers\common\cctype.o
LOAD build\kernel\components\libc\compilers\common\cstdio.o
LOAD build\kernel\components\libc\compilers\common\cstdlib.o
LOAD build\kernel\components\libc\compilers\common\cstring.o
LOAD build\kernel\components\libc\compilers\common\ctime.o
LOAD build\kernel\components\libc\compilers\common\cwchar.o
LOAD build\kernel\components\libc\compilers\newlib\syscalls.o
LOAD build\kernel\libcpu\arm\common\div0.o
LOAD build\kernel\libcpu\arm\common\showmem.o
LOAD build\kernel\libcpu\arm\cortex-m23\context_gcc.o
LOAD build\kernel\libcpu\arm\cortex-m23\cpuport.o
LOAD build\kernel\src\clock.o
LOAD build\kernel\src\components.o
LOAD build\kernel\src\device.o
LOAD build\kernel\src\idle.o
LOAD build\kernel\src\ipc.o
LOAD build\kernel\src\irq.o
LOAD build\kernel\src\kservice.o
LOAD build\kernel\src\mem.o
LOAD build\kernel\src\mempool.o
LOAD build\kernel\src\object.o
LOAD build\kernel\src\scheduler.o
LOAD build\kernel\src\thread.o
LOAD build\kernel\src\timer.o
LOAD ra\fsp\src\bsp\cmsis\Device\RENESAS\Source\startup.o
LOAD ra\fsp\src\bsp\cmsis\Device\RENESAS\Source\system.o
LOAD ra\fsp\src\bsp\mcu\all\bsp_clocks.o
LOAD ra\fsp\src\bsp\mcu\all\bsp_common.o
LOAD ra\fsp\src\bsp\mcu\all\bsp_delay.o
LOAD ra\fsp\src\bsp\mcu\all\bsp_group_irq.o
LOAD ra\fsp\src\bsp\mcu\all\bsp_guard.o
LOAD ra\fsp\src\bsp\mcu\all\bsp_io.o
LOAD ra\fsp\src\bsp\mcu\all\bsp_irq.o
LOAD ra\fsp\src\bsp\mcu\all\bsp_register_protection.o
LOAD ra\fsp\src\bsp\mcu\all\bsp_rom_registers.o
LOAD ra\fsp\src\bsp\mcu\all\bsp_sbrk.o
LOAD ra\fsp\src\bsp\mcu\all\bsp_security.o
LOAD ra\fsp\src\r_icu\r_icu.o
LOAD ra\fsp\src\r_ioport\r_ioport.o
LOAD ra\fsp\src\r_sci_uart\r_sci_uart.o
LOAD build\ra_gen\common_data.o
LOAD build\ra_gen\hal_data.o
LOAD build\ra_gen\main.o
LOAD build\ra_gen\pin_data.o
LOAD build\ra_gen\vector_data.o
LOAD build\src\hal_entry.o
LOAD libraries\HAL_Drivers\drv_common.o
LOAD libraries\HAL_Drivers\drv_gpio.o
LOAD libraries\HAL_Drivers\drv_usart_v2.o
LOAD d:/llc/softwares/env-windows-v1.3.5/tools/gnu_gcc/arm_gcc/mingw/bin/../lib/gcc/arm-none-eabi/10.3.1/../../../../arm-none-eabi/lib/thumb/v8-m.base/nofp\libc.a
LOAD d:/llc/softwares/env-windows-v1.3.5/tools/gnu_gcc/arm_gcc/mingw/bin/../lib/gcc/arm-none-eabi/10.3.1/../../../../arm-none-eabi/lib/thumb/v8-m.base/nofp\libm.a
START GROUP
LOAD d:/llc/softwares/env-windows-v1.3.5/tools/gnu_gcc/arm_gcc/mingw/bin/../lib/gcc/arm-none-eabi/10.3.1/thumb/v8-m.base/nofp\libgcc.a
LOAD d:/llc/softwares/env-windows-v1.3.5/tools/gnu_gcc/arm_gcc/mingw/bin/../lib/gcc/arm-none-eabi/10.3.1/../../../../arm-none-eabi/lib/thumb/v8-m.base/nofp\libc.a
END GROUP
LOAD d:/llc/softwares/env-windows-v1.3.5/tools/gnu_gcc/arm_gcc/mingw/bin/../lib/gcc/arm-none-eabi/10.3.1/thumb/v8-m.base/nofp/crtend.o
LOAD d:/llc/softwares/env-windows-v1.3.5/tools/gnu_gcc/arm_gcc/mingw/bin/../lib/gcc/arm-none-eabi/10.3.1/thumb/v8-m.base/nofp/crtn.o
                0x20000000                RAM_START = 0x20000000
                0x00008000                RAM_LENGTH = 0x8000
                0x00000000                FLASH_START = 0x0
                0x00040000                FLASH_LENGTH = 0x40000
                0x40100000                DATA_FLASH_START = 0x40100000
                0x00002000                DATA_FLASH_LENGTH = 0x2000
                0x00000000                OPTION_SETTING_START = 0x0
                0x00000000                OPTION_SETTING_LENGTH = 0x0
                0x00000000                OPTION_SETTING_S_START = 0x0
                0x00000000                OPTION_SETTING_S_LENGTH = 0x0
                0x01010018                ID_CODE_START = 0x1010018
                0x00000020                ID_CODE_LENGTH = 0x20
                0x90000000                SDRAM_START = 0x90000000
                0x00000000                SDRAM_LENGTH = 0x0
                0x60000000                QSPI_FLASH_START = 0x60000000
                0x00000000                QSPI_FLASH_LENGTH = 0x0
                0x68000000                OSPI_DEVICE_0_START = 0x68000000
                0x00000000                OSPI_DEVICE_0_LENGTH = 0x0
                0x70000000                OSPI_DEVICE_1_START = 0x70000000
                0x00000000                OSPI_DEVICE_1_LENGTH = 0x0
                0x00000000                QSPI_FLASH_PRV_LENGTH = DEFINED (QSPI_FLASH_SIZE)?ABSOLUTE (QSPI_FLASH_SIZE):ABSOLUTE (QSPI_FLASH_LENGTH)
                0x00000000                OSPI_DEVICE_0_PRV_LENGTH = DEFINED (OSPI_DEVICE_0_SIZE)?ABSOLUTE (OSPI_DEVICE_0_SIZE):ABSOLUTE (OSPI_DEVICE_0_LENGTH)
                0x00000000                OSPI_DEVICE_1_PRV_LENGTH = DEFINED (OSPI_DEVICE_1_SIZE)?ABSOLUTE (OSPI_DEVICE_1_SIZE):ABSOLUTE (OSPI_DEVICE_1_LENGTH)
                0x00000000                __RESERVE_NS_RAM = ((! (DEFINED (PROJECT_NONSECURE)) && DEFINED (RAM_NS_BUFFER_LENGTH)) && (OPTION_SETTING_S_LENGTH != 0x0))
                0x00000000                RAM_NS_BUFFER_BLOCK_LENGTH = DEFINED (RAM_NS_BUFFER_LENGTH)?ALIGN (RAM_NS_BUFFER_LENGTH, 0x2000):0x0
                0x00000000                RAM_NS_BUFFER_LENGTH = DEFINED (RAM_NS_BUFFER_LENGTH)?RAM_NS_BUFFER_LENGTH:0x0
                0x20008000                RAM_NS_BUFFER_START = ((RAM_START + RAM_LENGTH) - RAM_NS_BUFFER_LENGTH)
                0x20008000                RAM_NS_BUFFER_BLOCK_START = ((RAM_START + RAM_LENGTH) - RAM_NS_BUFFER_BLOCK_LENGTH)
                0x0100a180                OPTION_SETTING_START_NS = 0x100a180
                0x00000001                __bl_FSP_BOOTABLE_IMAGE = 0x1
                0x00000001                __bln_FSP_BOOTABLE_IMAGE = 0x1
                0x00000000                PROJECT_SECURE_OR_FLAT = ((! (DEFINED (PROJECT_NONSECURE)) && OPTION_SETTING_LENGTH) && ! (DEFINED (FSP_BOOTABLE_IMAGE)))
                0x00000000                USE_OPTION_SETTING_NS = (DEFINED (PROJECT_NONSECURE) && ! (DEFINED (FSP_BOOTABLE_IMAGE)))
                0x00000000                __bl_FLASH_IMAGE_START = ! (DEFINED (FLASH_BOOTLOADER_LENGTH))?0x0:(FLASH_APPLICATION_IMAGE_NUMBER == 0x1)?(FLASH_BOOTLOADER_LENGTH + FLASH_BOOTLOADER_HEADER_LENGTH):(((FLASH_BOOTLOADER_LENGTH + FLASH_BOOTLOADER_SCRATCH_LENGTH) + FLASH_APPLICATION_S_LENGTH) + FLASH_BOOTLOADER_HEADER_LENGTH)
                0x00000000                __bl_FLASH_IMAGE_LENGTH = ! (DEFINED (FLASH_BOOTLOADER_LENGTH))?0x0:(FLASH_APPLICATION_S_LENGTH - FLASH_BOOTLOADER_HEADER_LENGTH)
                0x00000000                __bl_FLASH_IMAGE_END = (__bl_FLASH_IMAGE_START + __bl_FLASH_IMAGE_LENGTH)
                0x00000000                __bl_FLASH_NS_START = ! (DEFINED (FLASH_BOOTLOADER_LENGTH))?0x0:(FLASH_APPLICATION_NS_LENGTH == 0x0)?__bl_FLASH_IMAGE_END:((__bl_FLASH_IMAGE_START - FLASH_BOOTLOADER_HEADER_LENGTH) + FLASH_APPLICATION_S_LENGTH)
                0x00000000                __bl_FLASH_NSC_START = ! (DEFINED (FLASH_BOOTLOADER_LENGTH))?0x0:(FLASH_APPLICATION_NS_LENGTH == 0x0)?__bl_FLASH_IMAGE_END:(__bl_FLASH_NS_START - FLASH_APPLICATION_NSC_LENGTH)
                0x00000000                __bl_RAM_NS_START = ! (DEFINED (FLASH_BOOTLOADER_LENGTH))?0x0:(FLASH_APPLICATION_NS_LENGTH == 0x0)?(RAM_START + RAM_LENGTH):((RAM_START + RAM_LENGTH) - RAM_APPLICATION_NS_LENGTH)
                0x00000000                __bl_RAM_NSC_START = ! (DEFINED (FLASH_BOOTLOADER_LENGTH))?0x0:(FLASH_APPLICATION_NS_LENGTH == 0x0)?(RAM_START + RAM_LENGTH):(__bl_RAM_NS_START - RAM_APPLICATION_NSC_LENGTH)
                0x00000000                __bl_FLASH_NS_IMAGE_START = ! (DEFINED (FLASH_BOOTLOADER_LENGTH))?0x0:(FLASH_APPLICATION_NS_LENGTH == 0x0)?__bl_FLASH_IMAGE_END:(__bl_FLASH_NS_START + FLASH_BOOTLOADER_HEADER_LENGTH_2)
                0x00000000                __bln_FLASH_IMAGE_START = __bl_FLASH_NS_IMAGE_START
                0x00000000                __bln_FLASH_IMAGE_LENGTH = ! (DEFINED (FLASH_BOOTLOADER_LENGTH))?0x0:(FLASH_APPLICATION_NS_LENGTH == 0x0)?__bl_FLASH_IMAGE_END:(FLASH_APPLICATION_NS_LENGTH - FLASH_BOOTLOADER_HEADER_LENGTH_2)
                0x00000000                FLASH_ORIGIN = DEFINED (FLASH_IMAGE_START)?FLASH_IMAGE_START:FLASH_START
                0x00040000                LIMITED_FLASH_LENGTH = DEFINED (FLASH_IMAGE_LENGTH)?FLASH_IMAGE_LENGTH:DEFINED (FLASH_BOOTLOADER_LENGTH)?FLASH_BOOTLOADER_LENGTH:FLASH_LENGTH
START GROUP
LOAD d:/llc/softwares/env-windows-v1.3.5/tools/gnu_gcc/arm_gcc/mingw/bin/../lib/gcc/arm-none-eabi/10.3.1/thumb/v8-m.base/nofp\libgcc.a
LOAD d:/llc/softwares/env-windows-v1.3.5/tools/gnu_gcc/arm_gcc/mingw/bin/../lib/gcc/arm-none-eabi/10.3.1/../../../../arm-none-eabi/lib/thumb/v8-m.base/nofp\libc.a
LOAD d:/llc/softwares/env-windows-v1.3.5/tools/gnu_gcc/arm_gcc/mingw/bin/../lib/gcc/arm-none-eabi/10.3.1/../../../../arm-none-eabi/lib/thumb/v8-m.base/nofp\libm.a
LOAD d:/llc/softwares/env-windows-v1.3.5/tools/gnu_gcc/arm_gcc/mingw/bin/../lib/gcc/arm-none-eabi/10.3.1/../../../../arm-none-eabi/lib/thumb/v8-m.base/nofp\libnosys.a
END GROUP

.text           0x00000000    0x15528
                0x00000000                __tz_FLASH_S = ABSOLUTE (FLASH_START)
                0x00000000                __ROM_Start = .
 *(.fixed_vectors*)
 .fixed_vectors
                0x00000000       0x40 ra\fsp\src\bsp\cmsis\Device\RENESAS\Source\startup.o
                0x00000000                __Vectors
 *(.application_vectors*)
 .application_vectors
                0x00000040       0x80 build\ra_gen\vector_data.o
                0x00000040                g_vector_table
                0x000000c0                __Vectors_End = .
                0x00000400                . = (OPTION_SETTING_LENGTH > 0x0)?.:(__ROM_Start + 0x400)
 *fill*         0x000000c0      0x340 ff
 *(.rom_registers*)
 .rom_registers
                0x00000400       0x3c ra\fsp\src\bsp\mcu\all\bsp_rom_registers.o
                0x00000500                . = (OPTION_SETTING_LENGTH > 0x0)?.:(__ROM_Start + 0x500)
 *fill*         0x0000043c       0xc4 ff
                0x00000500                . = ALIGN (0x80)
 *(.mcuboot_sce9_key*)
 *(.text*)
 .text          0x00000500       0x50 d:/llc/softwares/env-windows-v1.3.5/tools/gnu_gcc/arm_gcc/mingw/bin/../lib/gcc/arm-none-eabi/10.3.1/thumb/v8-m.base/nofp/crtbegin.o
 .text.dfs_init
                0x00000550       0xc0 build\kernel\components\dfs\src\dfs.o
                0x00000550                dfs_init
 .text.dfs_lock
                0x00000610       0x50 build\kernel\components\dfs\src\dfs.o
                0x00000610                dfs_lock
 .text.dfs_fd_lock
                0x00000660       0x50 build\kernel\components\dfs\src\dfs.o
                0x00000660                dfs_fd_lock
 .text.dfs_unlock
                0x000006b0       0x18 build\kernel\components\dfs\src\dfs.o
                0x000006b0                dfs_unlock
 .text.dfs_fd_unlock
                0x000006c8       0x18 build\kernel\components\dfs\src\dfs.o
                0x000006c8                dfs_fd_unlock
 .text.fd_slot_expand
                0x000006e0       0x92 build\kernel\components\dfs\src\dfs.o
 .text.fd_slot_alloc
                0x00000772       0x66 build\kernel\components\dfs\src\dfs.o
 .text.fd_alloc
                0x000007d8       0x70 build\kernel\components\dfs\src\dfs.o
 .text.fdt_fd_new
                0x00000848       0x58 build\kernel\components\dfs\src\dfs.o
                0x00000848                fdt_fd_new
 .text.fd_new   0x000008a0       0x24 build\kernel\components\dfs\src\dfs.o
                0x000008a0                fd_new
 .text.fdt_fd_get
                0x000008c4       0x58 build\kernel\components\dfs\src\dfs.o
                0x000008c4                fdt_fd_get
 .text.fd_get   0x0000091c       0x26 build\kernel\components\dfs\src\dfs.o
                0x0000091c                fd_get
 .text.fdt_fd_release
                0x00000942       0xc8 build\kernel\components\dfs\src\dfs.o
                0x00000942                fdt_fd_release
 .text.fd_release
                0x00000a0a       0x24 build\kernel\components\dfs\src\dfs.o
                0x00000a0a                fd_release
 *fill*         0x00000a2e        0x2 ff
 .text.fd_init  0x00000a30       0x38 build\kernel\components\dfs\src\dfs.o
                0x00000a30                fd_init
 .text.dfs_subdir
                0x00000a68       0x58 build\kernel\components\dfs\src\dfs.o
                0x00000a68                dfs_subdir
 .text.dfs_normalize_path
                0x00000ac0      0x272 build\kernel\components\dfs\src\dfs.o
                0x00000ac0                dfs_normalize_path
 .text.dfs_fdtable_get
                0x00000d32       0x1a build\kernel\components\dfs\src\dfs.o
                0x00000d32                dfs_fdtable_get
 .text.list_fd  0x00000d4c      0x1b8 build\kernel\components\dfs\src\dfs.o
                0x00000d4c                list_fd
 .text.rt_list_init
                0x00000f04       0x1e build\kernel\components\dfs\src\dfs_file.o
 .text.rt_list_insert_after
                0x00000f22       0x2e build\kernel\components\dfs\src\dfs_file.o
 .text.rt_list_remove
                0x00000f50       0x32 build\kernel\components\dfs\src\dfs_file.o
 .text.dfs_fm_lock
                0x00000f82       0x1e build\kernel\components\dfs\src\dfs_file.o
                0x00000f82                dfs_fm_lock
 .text.dfs_fm_unlock
                0x00000fa0       0x18 build\kernel\components\dfs\src\dfs_file.o
                0x00000fa0                dfs_fm_unlock
 .text.dfs_fnode_mgr_init
                0x00000fb8       0x56 build\kernel\components\dfs\src\dfs_file.o
                0x00000fb8                dfs_fnode_mgr_init
 .text.bkdr_hash
                0x0000100e       0x3e build\kernel\components\dfs\src\dfs_file.o
 .text.dfs_fnode_find
                0x0000104c       0x90 build\kernel\components\dfs\src\dfs_file.o
 .text.dfs_file_is_open
                0x000010dc       0x52 build\kernel\components\dfs\src\dfs_file.o
                0x000010dc                dfs_file_is_open
 .text.dfs_file_open
                0x0000112e      0x230 build\kernel\components\dfs\src\dfs_file.o
                0x0000112e                dfs_file_open
 .text.dfs_file_close
                0x0000135e       0xb2 build\kernel\components\dfs\src\dfs_file.o
                0x0000135e                dfs_file_close
 .text.dfs_file_read
                0x00001410       0x5c build\kernel\components\dfs\src\dfs_file.o
                0x00001410                dfs_file_read
 .text.dfs_file_getdents
                0x0000146c       0x50 build\kernel\components\dfs\src\dfs_file.o
                0x0000146c                dfs_file_getdents
 .text.dfs_file_unlink
                0x000014bc       0xde build\kernel\components\dfs\src\dfs_file.o
                0x000014bc                dfs_file_unlink
 .text.dfs_file_write
                0x0000159a       0x40 build\kernel\components\dfs\src\dfs_file.o
                0x0000159a                dfs_file_write
 .text.dfs_file_lseek
                0x000015da       0x4e build\kernel\components\dfs\src\dfs_file.o
                0x000015da                dfs_file_lseek
 .text.dfs_file_stat
                0x00001628      0x160 build\kernel\components\dfs\src\dfs_file.o
                0x00001628                dfs_file_stat
 .text.dfs_file_rename
                0x00001788      0x11a build\kernel\components\dfs\src\dfs_file.o
                0x00001788                dfs_file_rename
 *fill*         0x000018a2        0x2 ff
 .text.ls       0x000018a4      0x1cc build\kernel\components\dfs\src\dfs_file.o
                0x000018a4                ls
 .text.cat      0x00001a70       0xa2 build\kernel\components\dfs\src\dfs_file.o
                0x00001a70                cat
 .text.copyfile
                0x00001b12      0x112 build\kernel\components\dfs\src\dfs_file.o
 .text.copydir  0x00001c24      0x1f0 build\kernel\components\dfs\src\dfs_file.o
 .text._get_path_lastname
                0x00001e14       0x2e build\kernel\components\dfs\src\dfs_file.o
 .text.copy     0x00001e42      0x196 build\kernel\components\dfs\src\dfs_file.o
                0x00001e42                copy
 .text.dfs_filesystem_lookup
                0x00001fd8       0xc8 build\kernel\components\dfs\src\dfs_fs.o
                0x00001fd8                dfs_filesystem_lookup
 .text.dfs_mount
                0x000020a0      0x27c build\kernel\components\dfs\src\dfs_fs.o
                0x000020a0                dfs_mount
 .text.dfs_unmount
                0x0000231c       0xe0 build\kernel\components\dfs\src\dfs_fs.o
                0x0000231c                dfs_unmount
 .text.dfs_mkfs
                0x000023fc      0x168 build\kernel\components\dfs\src\dfs_fs.o
                0x000023fc                dfs_mkfs
 .text.dfs_statfs
                0x00002564       0x4a build\kernel\components\dfs\src\dfs_fs.o
                0x00002564                dfs_statfs
 *fill*         0x000025ae        0x2 ff
 .text.df       0x000025b0      0x1e8 build\kernel\components\dfs\src\dfs_fs.o
                0x000025b0                df
 .text.open     0x00002798       0x70 build\kernel\components\dfs\src\dfs_posix.o
                0x00002798                open
 .text.close    0x00002808       0x5a build\kernel\components\dfs\src\dfs_posix.o
                0x00002808                close
 .text.read     0x00002862       0x5a build\kernel\components\dfs\src\dfs_posix.o
                0x00002862                read
 .text.write    0x000028bc       0x5a build\kernel\components\dfs\src\dfs_posix.o
                0x000028bc                write
 .text.lseek    0x00002916       0xb2 build\kernel\components\dfs\src\dfs_posix.o
                0x00002916                lseek
 .text.rename   0x000029c8       0x38 build\kernel\components\dfs\src\dfs_posix.o
                0x000029c8                rename
 .text.unlink   0x00002a00       0x32 build\kernel\components\dfs\src\dfs_posix.o
                0x00002a00                unlink
 .text.stat     0x00002a32       0x38 build\kernel\components\dfs\src\dfs_posix.o
                0x00002a32                stat
 .text.mkdir    0x00002a6a       0x80 build\kernel\components\dfs\src\dfs_posix.o
                0x00002a6a                mkdir
 .text.opendir  0x00002aea       0xa0 build\kernel\components\dfs\src\dfs_posix.o
                0x00002aea                opendir
 .text.readdir  0x00002b8a       0xc6 build\kernel\components\dfs\src\dfs_posix.o
                0x00002b8a                readdir
 .text.rewinddir
                0x00002c50       0x54 build\kernel\components\dfs\src\dfs_posix.o
                0x00002c50                rewinddir
 .text.closedir
                0x00002ca4       0x66 build\kernel\components\dfs\src\dfs_posix.o
                0x00002ca4                closedir
 .text.chdir    0x00002d0a       0xcc build\kernel\components\dfs\src\dfs_posix.o
                0x00002d0a                chdir
 .text.getcwd   0x00002dd6       0x3a build\kernel\components\dfs\src\dfs_posix.o
                0x00002dd6                getcwd
 .text.rt_list_init
                0x00002e10       0x1e build\kernel\components\drivers\ipc\completion.o
 .text.rt_list_insert_before
                0x00002e2e       0x2e build\kernel\components\drivers\ipc\completion.o
 .text.rt_list_isempty
                0x00002e5c       0x1e build\kernel\components\drivers\ipc\completion.o
 .text.rt_completion_init
                0x00002e7a       0x4c build\kernel\components\drivers\ipc\completion.o
                0x00002e7a                rt_completion_init
 .text.rt_completion_wait
                0x00002ec6      0x20a build\kernel\components\drivers\ipc\completion.o
                0x00002ec6                rt_completion_wait
 .text.rt_completion_done
                0x000030d0       0x78 build\kernel\components\drivers\ipc\completion.o
                0x000030d0                rt_completion_done
 .text.rt_ringbuffer_status
                0x00003148       0x42 build\kernel\components\drivers\ipc\ringbuffer.o
 .text.rt_ringbuffer_init
                0x0000318a       0xbc build\kernel\components\drivers\ipc\ringbuffer.o
                0x0000318a                rt_ringbuffer_init
 .text.rt_ringbuffer_put
                0x00003246      0x146 build\kernel\components\drivers\ipc\ringbuffer.o
                0x00003246                rt_ringbuffer_put
 .text.rt_ringbuffer_get
                0x0000338c      0x13e build\kernel\components\drivers\ipc\ringbuffer.o
                0x0000338c                rt_ringbuffer_get
 .text.rt_ringbuffer_putchar
                0x000034ca       0xc6 build\kernel\components\drivers\ipc\ringbuffer.o
                0x000034ca                rt_ringbuffer_putchar
 .text.rt_ringbuffer_data_len
                0x00003590       0x5a build\kernel\components\drivers\ipc\ringbuffer.o
                0x00003590                rt_ringbuffer_data_len
 .text._pin_read
                0x000035ea       0x64 build\kernel\components\drivers\misc\pin.o
 .text._pin_write
                0x0000364e       0x5e build\kernel\components\drivers\misc\pin.o
 .text._pin_control
                0x000036ac       0x58 build\kernel\components\drivers\misc\pin.o
 .text.rt_device_pin_register
                0x00003704       0xbe build\kernel\components\drivers\misc\pin.o
                0x00003704                rt_device_pin_register
 .text.rt_pin_attach_irq
                0x000037c2       0x72 build\kernel\components\drivers\misc\pin.o
                0x000037c2                rt_pin_attach_irq
 .text.rt_pin_irq_enable
                0x00003834       0x68 build\kernel\components\drivers\misc\pin.o
                0x00003834                rt_pin_irq_enable
 .text.rt_pin_mode
                0x0000389c       0x52 build\kernel\components\drivers\misc\pin.o
                0x0000389c                rt_pin_mode
 .text.rt_pin_write
                0x000038ee       0x52 build\kernel\components\drivers\misc\pin.o
                0x000038ee                rt_pin_write
 .text.rt_pin_read
                0x00003940       0x50 build\kernel\components\drivers\misc\pin.o
                0x00003940                rt_pin_read
 .text.rt_pin_get
                0x00003990       0x76 build\kernel\components\drivers\misc\pin.o
                0x00003990                rt_pin_get
 .text._pin_cmd_conv
                0x00003a06       0xf6 build\kernel\components\drivers\misc\pin.o
 .text._pin_cmd_print_usage
                0x00003afc       0x7a build\kernel\components\drivers\misc\pin.o
 .text._pin_cmd_get
                0x00003b76       0x64 build\kernel\components\drivers\misc\pin.o
 .text._pin_cmd_mode
                0x00003bda      0x120 build\kernel\components\drivers\misc\pin.o
 .text._pin_cmd_read
                0x00003cfa       0xa6 build\kernel\components\drivers\misc\pin.o
 .text._pin_cmd_write
                0x00003da0       0xf4 build\kernel\components\drivers\misc\pin.o
 .text._pin_cmd
                0x00003e94       0xc2 build\kernel\components\drivers\misc\pin.o
 .text.rt_serial_get_linear_buffer
                0x00003f56       0x7c build\kernel\components\drivers\serial\serial_v2.o
 .text.rt_serial_update_read_index
                0x00003fd2       0xde build\kernel\components\drivers\serial\serial_v2.o
 .text.rt_serial_update_write_index
                0x000040b0      0x120 build\kernel\components\drivers\serial\serial_v2.o
 .text._serial_poll_rx
                0x000041d0       0xb0 build\kernel\components\drivers\serial\serial_v2.o
                0x000041d0                _serial_poll_rx
 .text._serial_poll_tx
                0x00004280       0xac build\kernel\components\drivers\serial\serial_v2.o
                0x00004280                _serial_poll_tx
 .text._serial_fifo_rx
                0x0000432c      0x112 build\kernel\components\drivers\serial\serial_v2.o
 .text._serial_fifo_tx_blocking_nbuf
                0x0000443e       0xe4 build\kernel\components\drivers\serial\serial_v2.o
 .text._serial_fifo_tx_blocking_buf
                0x00004522      0x124 build\kernel\components\drivers\serial\serial_v2.o
 .text._serial_fifo_tx_nonblocking
                0x00004646       0xe0 build\kernel\components\drivers\serial\serial_v2.o
 *fill*         0x00004726        0x2 ff
 .text.rt_serial_tx_enable
                0x00004728      0x240 build\kernel\components\drivers\serial\serial_v2.o
 .text.rt_serial_rx_enable
                0x00004968      0x190 build\kernel\components\drivers\serial\serial_v2.o
 .text.rt_serial_rx_disable
                0x00004af8       0xd0 build\kernel\components\drivers\serial\serial_v2.o
 .text.rt_serial_tx_disable
                0x00004bc8       0xe4 build\kernel\components\drivers\serial\serial_v2.o
 .text.rt_serial_init
                0x00004cac       0x84 build\kernel\components\drivers\serial\serial_v2.o
 .text.rt_serial_open
                0x00004d30      0x104 build\kernel\components\drivers\serial\serial_v2.o
 .text.rt_serial_close
                0x00004e34       0x94 build\kernel\components\drivers\serial\serial_v2.o
 .text.rt_serial_control
                0x00004ec8      0x108 build\kernel\components\drivers\serial\serial_v2.o
 .text.rt_hw_serial_register
                0x00004fd0       0xa0 build\kernel\components\drivers\serial\serial_v2.o
                0x00004fd0                rt_hw_serial_register
 .text.rt_hw_serial_isr
                0x00005070      0x258 build\kernel\components\drivers\serial\serial_v2.o
                0x00005070                rt_hw_serial_isr
 .text.rt_list_isempty
                0x000052c8       0x1e build\kernel\components\finsh\cmd.o
 .text.rt_list_len
                0x000052e6       0x32 build\kernel\components\finsh\cmd.o
 .text.clear    0x00005318       0x1a build\kernel\components\finsh\cmd.o
 .text.version  0x00005332       0x10 build\kernel\components\finsh\cmd.o
                0x00005332                version
 .text.object_split
                0x00005342       0x2c build\kernel\components\finsh\cmd.o
 .text.list_find_init
                0x0000536e       0x50 build\kernel\components\finsh\cmd.o
 .text.list_get_next
                0x000053be       0xc2 build\kernel\components\finsh\cmd.o
 .text.list_thread
                0x00005480      0x27c build\kernel\components\finsh\cmd.o
                0x00005480                list_thread
 .text.show_wait_queue
                0x000056fc       0x58 build\kernel\components\finsh\cmd.o
 .text.list_sem
                0x00005754      0x144 build\kernel\components\finsh\cmd.o
                0x00005754                list_sem
 .text.list_event
                0x00005898      0x132 build\kernel\components\finsh\cmd.o
                0x00005898                list_event
 .text.list_mutex
                0x000059ca      0x17a build\kernel\components\finsh\cmd.o
                0x000059ca                list_mutex
 .text.list_mailbox
                0x00005b44      0x156 build\kernel\components\finsh\cmd.o
                0x00005b44                list_mailbox
 .text.list_msgqueue
                0x00005c9a      0x144 build\kernel\components\finsh\cmd.o
                0x00005c9a                list_msgqueue
 .text.list_mempool
                0x00005dde      0x164 build\kernel\components\finsh\cmd.o
                0x00005dde                list_mempool
 .text.list_timer
                0x00005f42      0x152 build\kernel\components\finsh\cmd.o
                0x00005f42                list_timer
 .text.list_device
                0x00006094      0x120 build\kernel\components\finsh\cmd.o
                0x00006094                list_device
 .text.cmd_list
                0x000061b4      0x270 build\kernel\components\finsh\cmd.o
                0x000061b4                cmd_list
 .text.msh_help
                0x00006424       0x6a build\kernel\components\finsh\msh.o
                0x00006424                msh_help
 .text.cmd_ps   0x0000648e       0x18 build\kernel\components\finsh\msh.o
                0x0000648e                cmd_ps
 .text.cmd_free
                0x000064a6       0x7e build\kernel\components\finsh\msh.o
                0x000064a6                cmd_free
 .text.msh_split
                0x00006524      0x18e build\kernel\components\finsh\msh.o
 .text.msh_get_cmd
                0x000066b2       0x64 build\kernel\components\finsh\msh.o
 .text._msh_exec_cmd
                0x00006716       0xe0 build\kernel\components\finsh\msh.o
 .text.msh_exec
                0x000067f6       0xa6 build\kernel\components\finsh\msh.o
                0x000067f6                msh_exec
 .text.str_common
                0x0000689c       0x4a build\kernel\components\finsh\msh.o
 .text.msh_auto_complete_path
                0x000068e6      0x30e build\kernel\components\finsh\msh.o
                0x000068e6                msh_auto_complete_path
 .text.msh_auto_complete
                0x00006bf4       0xf4 build\kernel\components\finsh\msh.o
                0x00006bf4                msh_auto_complete
 .text.msh_readline
                0x00006ce8       0xc0 build\kernel\components\finsh\msh_file.o
 .text.msh_exec_script
                0x00006da8      0x1ae build\kernel\components\finsh\msh_file.o
                0x00006da8                msh_exec_script
 .text.cmd_ls   0x00006f56       0x36 build\kernel\components\finsh\msh_file.o
 .text.cmd_cp   0x00006f8c       0x4c build\kernel\components\finsh\msh_file.o
 .text.cmd_mv   0x00006fd8      0x152 build\kernel\components\finsh\msh_file.o
 .text.cmd_cat  0x0000712a       0x5e build\kernel\components\finsh\msh_file.o
 .text.directory_delete_for_msh
                0x00007188      0x19a build\kernel\components\finsh\msh_file.o
 .text.cmd_rm   0x00007322      0x20a build\kernel\components\finsh\msh_file.o
 .text.cmd_cd   0x0000752c       0x60 build\kernel\components\finsh\msh_file.o
 .text.cmd_pwd  0x0000758c       0x2c build\kernel\components\finsh\msh_file.o
 .text.cmd_mkdir
                0x000075b8       0x46 build\kernel\components\finsh\msh_file.o
 .text.cmd_mkfs
                0x000075fe       0xa2 build\kernel\components\finsh\msh_file.o
 .text.cmd_mount
                0x000076a0      0x150 build\kernel\components\finsh\msh_file.o
 .text.cmd_umount
                0x000077f0       0x74 build\kernel\components\finsh\msh_file.o
 .text.cmd_df   0x00007864       0x7a build\kernel\components\finsh\msh_file.o
 .text.cmd_echo
                0x000078de       0xa2 build\kernel\components\finsh\msh_file.o
 .text.cmd_tail
                0x00007980      0x20c build\kernel\components\finsh\msh_file.o
 .text.msh_isint
                0x00007b8c       0x72 build\kernel\components\finsh\msh_parse.o
                0x00007b8c                msh_isint
 .text.finsh_get_prompt
                0x00007bfe       0xe4 build\kernel\components\finsh\shell.o
                0x00007bfe                finsh_get_prompt
 .text.finsh_set_prompt_mode
                0x00007ce2       0x5e build\kernel\components\finsh\shell.o
                0x00007ce2                finsh_set_prompt_mode
 .text.finsh_getchar
                0x00007d40       0xb8 build\kernel\components\finsh\shell.o
                0x00007d40                finsh_getchar
 .text.finsh_rx_ind
                0x00007df8       0x48 build\kernel\components\finsh\shell.o
 .text.finsh_set_device
                0x00007e40      0x12a build\kernel\components\finsh\shell.o
                0x00007e40                finsh_set_device
 .text.shell_auto_complete
                0x00007f6a       0x3c build\kernel\components\finsh\shell.o
 .text.shell_handle_history
                0x00007fa6       0x3c build\kernel\components\finsh\shell.o
 .text.shell_push_history
                0x00007fe2      0x166 build\kernel\components\finsh\shell.o
 .text.finsh_thread_entry
                0x00008148      0x8ce build\kernel\components\finsh\shell.o
                0x00008148                finsh_thread_entry
 .text.finsh_system_function_init
                0x00008a16       0x2a build\kernel\components\finsh\shell.o
                0x00008a16                finsh_system_function_init
 .text.finsh_system_init
                0x00008a40       0xba build\kernel\components\finsh\shell.o
                0x00008a40                finsh_system_init
 .text.strnlen  0x00008afa       0x38 build\kernel\components\libc\compilers\common\cstring.o
                0x00008afa                strnlen
 .text.__errno  0x00008b32       0x10 build\kernel\components\libc\compilers\newlib\syscalls.o
                0x00008b32                __errno
 *fill*         0x00008b42        0x2 ff
 .text          0x00008b44       0xec build\kernel\libcpu\arm\cortex-m23\context_gcc.o
                0x00008b44                rt_hw_interrupt_disable
                0x00008b4c                rt_hw_interrupt_enable
                0x00008b52                rt_hw_context_switch_interrupt
                0x00008b52                rt_hw_context_switch
                0x00008b6e                PendSV_Handler
                0x00008bc2                rt_hw_context_switch_to
                0x00008bfa                rt_hw_interrupt_thread_switch
                0x00008bfe                HardFault_Handler
                0x00008c0a                rt_hw_interrupt_check
 .text.rt_hw_stack_init
                0x00008c30       0x86 build\kernel\libcpu\arm\cortex-m23\cpuport.o
                0x00008c30                rt_hw_stack_init
 .text.rt_hw_hard_fault_exception
                0x00008cb6       0xca build\kernel\libcpu\arm\cortex-m23\cpuport.o
                0x00008cb6                rt_hw_hard_fault_exception
 .text.rt_tick_get
                0x00008d80       0x14 build\kernel\src\clock.o
                0x00008d80                rt_tick_get
 .text.rt_tick_increase
                0x00008d94       0x90 build\kernel\src\clock.o
                0x00008d94                rt_tick_increase
 .text.rt_tick_from_millisecond
                0x00008e24       0x72 build\kernel\src\clock.o
                0x00008e24                rt_tick_from_millisecond
 .text.rti_start
                0x00008e96        0xc build\kernel\src\components.o
 .text.rti_board_start
                0x00008ea2        0xc build\kernel\src\components.o
 .text.rti_board_end
                0x00008eae        0xc build\kernel\src\components.o
 .text.rti_end  0x00008eba        0xc build\kernel\src\components.o
 .text.rt_components_board_init
                0x00008ec6       0x36 build\kernel\src\components.o
                0x00008ec6                rt_components_board_init
 .text.rt_components_init
                0x00008efc       0x36 build\kernel\src\components.o
                0x00008efc                rt_components_init
 .text.entry    0x00008f32       0x10 build\kernel\src\components.o
                0x00008f32                entry
 .text.main_thread_entry
                0x00008f42       0x18 build\kernel\src\components.o
                0x00008f42                main_thread_entry
 .text.rt_application_init
                0x00008f5a       0x58 build\kernel\src\components.o
                0x00008f5a                rt_application_init
 .text.rtthread_startup
                0x00008fb2       0x30 build\kernel\src\components.o
                0x00008fb2                rtthread_startup
 .text.rt_device_register
                0x00008fe2       0x54 build\kernel\src\device.o
                0x00008fe2                rt_device_register
 .text.rt_device_find
                0x00009036       0x1c build\kernel\src\device.o
                0x00009036                rt_device_find
 .text.rt_device_open
                0x00009052      0x130 build\kernel\src\device.o
                0x00009052                rt_device_open
 .text.rt_device_close
                0x00009182       0xa2 build\kernel\src\device.o
                0x00009182                rt_device_close
 .text.rt_device_read
                0x00009224       0x94 build\kernel\src\device.o
                0x00009224                rt_device_read
 .text.rt_device_write
                0x000092b8       0x94 build\kernel\src\device.o
                0x000092b8                rt_device_write
 .text.rt_device_set_rx_indicate
                0x0000934c       0x60 build\kernel\src\device.o
                0x0000934c                rt_device_set_rx_indicate
 .text.rt_list_insert_after
                0x000093ac       0x2e build\kernel\src\idle.o
 .text.rt_list_remove
                0x000093da       0x32 build\kernel\src\idle.o
 .text.rt_thread_defunct_enqueue
                0x0000940c       0x26 build\kernel\src\idle.o
                0x0000940c                rt_thread_defunct_enqueue
 .text.rt_thread_defunct_dequeue
                0x00009432       0x4a build\kernel\src\idle.o
                0x00009432                rt_thread_defunct_dequeue
 .text.rt_defunct_execute
                0x0000947c       0x64 build\kernel\src\idle.o
 .text.idle_thread_entry
                0x000094e0       0x38 build\kernel\src\idle.o
 .text.rt_thread_idle_init
                0x00009518       0x88 build\kernel\src\idle.o
                0x00009518                rt_thread_idle_init
 .text.rt_list_init
                0x000095a0       0x1e build\kernel\src\ipc.o
 .text.rt_list_insert_after
                0x000095be       0x2e build\kernel\src\ipc.o
 .text.rt_list_insert_before
                0x000095ec       0x2e build\kernel\src\ipc.o
 .text.rt_list_remove
                0x0000961a       0x32 build\kernel\src\ipc.o
 .text.rt_list_isempty
                0x0000964c       0x1e build\kernel\src\ipc.o
 .text._ipc_object_init
                0x0000966a       0x1c build\kernel\src\ipc.o
 .text._ipc_list_suspend
                0x00009686       0xc6 build\kernel\src\ipc.o
 .text._ipc_list_resume
                0x0000974c       0x28 build\kernel\src\ipc.o
 .text.rt_sem_init
                0x00009774       0xaa build\kernel\src\ipc.o
                0x00009774                rt_sem_init
 .text._rt_sem_take
                0x0000981e      0x216 build\kernel\src\ipc.o
 .text.rt_sem_take
                0x00009a34       0x20 build\kernel\src\ipc.o
                0x00009a34                rt_sem_take
 .text.rt_sem_release
                0x00009a54       0xd8 build\kernel\src\ipc.o
                0x00009a54                rt_sem_release
 .text._mutex_update_priority
                0x00009b2c       0x3c build\kernel\src\ipc.o
 .text._thread_get_mutex_priority
                0x00009b68       0x5e build\kernel\src\ipc.o
 .text._thread_update_priority
                0x00009bc6       0xb4 build\kernel\src\ipc.o
 .text.rt_mutex_init
                0x00009c7a       0x72 build\kernel\src\ipc.o
                0x00009c7a                rt_mutex_init
 .text.rt_mutex_drop_thread
                0x00009cec       0x94 build\kernel\src\ipc.o
                0x00009cec                rt_mutex_drop_thread
 .text._rt_mutex_take
                0x00009d80      0x360 build\kernel\src\ipc.o
 .text.rt_mutex_take
                0x0000a0e0       0x20 build\kernel\src\ipc.o
                0x0000a0e0                rt_mutex_take
 .text.rt_mutex_release
                0x0000a100      0x230 build\kernel\src\ipc.o
                0x0000a100                rt_mutex_release
 .text.rt_interrupt_enter
                0x0000a330       0x50 build\kernel\src\irq.o
                0x0000a330                rt_interrupt_enter
 .text.rt_interrupt_leave
                0x0000a380       0x50 build\kernel\src\irq.o
                0x0000a380                rt_interrupt_leave
 .text.rt_interrupt_get_nest
                0x0000a3d0       0x30 build\kernel\src\irq.o
                0x0000a3d0                rt_interrupt_get_nest
 .text.rt_strerror
                0x0000a400       0x3c build\kernel\src\kservice.o
                0x0000a400                rt_strerror
 .text.rt_get_errno
                0x0000a43c       0x42 build\kernel\src\kservice.o
                0x0000a43c                rt_get_errno
 .text.rt_set_errno
                0x0000a47e       0x48 build\kernel\src\kservice.o
                0x0000a47e                rt_set_errno
 .text._rt_errno
                0x0000a4c6       0x3e build\kernel\src\kservice.o
                0x0000a4c6                _rt_errno
 .text.rt_memset
                0x0000a504       0xd2 build\kernel\src\kservice.o
                0x0000a504                rt_memset
 .text.rt_memcpy
                0x0000a5d6       0xd8 build\kernel\src\kservice.o
                0x0000a5d6                rt_memcpy
 .text.rt_memmove
                0x0000a6ae       0x82 build\kernel\src\kservice.o
                0x0000a6ae                rt_memmove
 .text.rt_strdup
                0x0000a730       0x40 build\kernel\src\kservice.o
                0x0000a730                rt_strdup
 .text.rt_show_version
                0x0000a770       0x5c build\kernel\src\kservice.o
                0x0000a770                rt_show_version
 .text.divide   0x0000a7cc       0x38 build\kernel\src\kservice.o
 .text.skip_atoi
                0x0000a804       0x46 build\kernel\src\kservice.o
 .text.print_number
                0x0000a84a      0x1fe build\kernel\src\kservice.o
 .text.rt_vsnprintf
                0x0000aa48      0x4ac build\kernel\src\kservice.o
                0x0000aa48                rt_vsnprintf
 .text.rt_snprintf
                0x0000aef4       0x32 build\kernel\src\kservice.o
                0x0000aef4                rt_snprintf
 .text.rt_vsprintf
                0x0000af26       0x24 build\kernel\src\kservice.o
                0x0000af26                rt_vsprintf
 .text.rt_sprintf
                0x0000af4a       0x30 build\kernel\src\kservice.o
                0x0000af4a                rt_sprintf
 .text.rt_console_get_device
                0x0000af7a       0x14 build\kernel\src\kservice.o
                0x0000af7a                rt_console_get_device
 .text.rt_console_set_device
                0x0000af8e       0x6c build\kernel\src\kservice.o
                0x0000af8e                rt_console_set_device
 .text.rt_hw_console_output
                0x0000affa       0x10 build\kernel\src\kservice.o
                0x0000affa                rt_hw_console_output
 .text.rt_kprintf
                0x0000b00a       0x74 build\kernel\src\kservice.o
                0x0000b00a                rt_kprintf
 .text._heap_lock_init
                0x0000b07e       0x22 build\kernel\src\kservice.o
 .text._heap_lock
                0x0000b0a0       0x2c build\kernel\src\kservice.o
 .text._heap_unlock
                0x0000b0cc       0x44 build\kernel\src\kservice.o
 .text._smem_info
                0x0000b110       0x50 build\kernel\src\kservice.o
 .text.rt_system_heap_init
                0x0000b160       0x6c build\kernel\src\kservice.o
                0x0000b160                rt_system_heap_init
 .text.rt_malloc
                0x0000b1cc       0x58 build\kernel\src\kservice.o
                0x0000b1cc                rt_malloc
 .text.rt_realloc
                0x0000b224       0x3c build\kernel\src\kservice.o
                0x0000b224                rt_realloc
 .text.rt_calloc
                0x0000b260       0x38 build\kernel\src\kservice.o
                0x0000b260                rt_calloc
 .text.rt_free  0x0000b298       0x4a build\kernel\src\kservice.o
                0x0000b298                rt_free
 .text.rt_memory_info
                0x0000b2e2       0x30 build\kernel\src\kservice.o
                0x0000b2e2                rt_memory_info
 .text.__rt_ffs
                0x0000b312       0x84 build\kernel\src\kservice.o
                0x0000b312                __rt_ffs
 .text.rt_assert_handler
                0x0000b396       0x5c build\kernel\src\kservice.o
                0x0000b396                rt_assert_handler
 .text.plug_holes
                0x0000b3f2      0x104 build\kernel\src\mem.o
 .text.rt_smem_init
                0x0000b4f6      0x10a build\kernel\src\mem.o
                0x0000b4f6                rt_smem_init
 .text.rt_smem_alloc
                0x0000b600      0x2a2 build\kernel\src\mem.o
                0x0000b600                rt_smem_alloc
 .text.rt_smem_realloc
                0x0000b8a2      0x20e build\kernel\src\mem.o
                0x0000b8a2                rt_smem_realloc
 .text.rt_smem_free
                0x0000bab0      0x17e build\kernel\src\mem.o
                0x0000bab0                rt_smem_free
 .text.rt_list_insert_after
                0x0000bc2e       0x2e build\kernel\src\object.o
 .text.rt_list_remove
                0x0000bc5c       0x32 build\kernel\src\object.o
 .text.rt_object_get_information
                0x0000bc8e       0x4e build\kernel\src\object.o
                0x0000bc8e                rt_object_get_information
 .text.rt_object_init
                0x0000bcdc       0xec build\kernel\src\object.o
                0x0000bcdc                rt_object_init
 .text.rt_object_detach
                0x0000bdc8       0x6a build\kernel\src\object.o
                0x0000bdc8                rt_object_detach
 .text.rt_object_allocate
                0x0000be32      0x108 build\kernel\src\object.o
                0x0000be32                rt_object_allocate
 .text.rt_object_delete
                0x0000bf3a       0x96 build\kernel\src\object.o
                0x0000bf3a                rt_object_delete
 .text.rt_object_is_systemobject
                0x0000bfd0       0x3e build\kernel\src\object.o
                0x0000bfd0                rt_object_is_systemobject
 .text.rt_object_get_type
                0x0000c00e       0x38 build\kernel\src\object.o
                0x0000c00e                rt_object_get_type
 .text.rt_object_find
                0x0000c046       0xc6 build\kernel\src\object.o
                0x0000c046                rt_object_find
 .text.rt_list_init
                0x0000c10c       0x1e build\kernel\src\scheduler.o
 .text.rt_list_insert_after
                0x0000c12a       0x2e build\kernel\src\scheduler.o
 .text.rt_list_insert_before
                0x0000c158       0x2e build\kernel\src\scheduler.o
 .text.rt_list_remove
                0x0000c186       0x32 build\kernel\src\scheduler.o
 .text.rt_list_isempty
                0x0000c1b8       0x1e build\kernel\src\scheduler.o
 .text._scheduler_stack_check
                0x0000c1d6       0xa0 build\kernel\src\scheduler.o
 .text._scheduler_get_highest_priority_thread
                0x0000c276       0x40 build\kernel\src\scheduler.o
 .text.rt_system_scheduler_init
                0x0000c2b6       0x4c build\kernel\src\scheduler.o
                0x0000c2b6                rt_system_scheduler_init
 .text.rt_system_scheduler_start
                0x0000c302       0x40 build\kernel\src\scheduler.o
                0x0000c302                rt_system_scheduler_start
 .text.rt_schedule
                0x0000c342      0x210 build\kernel\src\scheduler.o
                0x0000c342                rt_schedule
 .text.rt_schedule_insert_thread
                0x0000c552       0xee build\kernel\src\scheduler.o
                0x0000c552                rt_schedule_insert_thread
 .text.rt_schedule_remove_thread
                0x0000c640       0x80 build\kernel\src\scheduler.o
                0x0000c640                rt_schedule_remove_thread
 .text.rt_enter_critical
                0x0000c6c0       0x3c build\kernel\src\scheduler.o
                0x0000c6c0                rt_enter_critical
 .text.rt_exit_critical
                0x0000c6fc       0x72 build\kernel\src\scheduler.o
                0x0000c6fc                rt_exit_critical
 .text.rt_critical_level
                0x0000c76e       0x18 build\kernel\src\scheduler.o
                0x0000c76e                rt_critical_level
 .text.rt_list_init
                0x0000c786       0x1e build\kernel\src\thread.o
 .text.rt_list_remove
                0x0000c7a4       0x32 build\kernel\src\thread.o
 .text._thread_exit
                0x0000c7d6       0x4c build\kernel\src\thread.o
 .text._thread_timeout
                0x0000c822       0xaa build\kernel\src\thread.o
 .text._thread_init
                0x0000c8cc      0x130 build\kernel\src\thread.o
 .text.rt_thread_init
                0x0000c9fc       0x82 build\kernel\src\thread.o
                0x0000c9fc                rt_thread_init
 .text.rt_thread_self
                0x0000ca7e       0x14 build\kernel\src\thread.o
                0x0000ca7e                rt_thread_self
 .text.rt_thread_startup
                0x0000ca92       0xae build\kernel\src\thread.o
                0x0000ca92                rt_thread_startup
 .text.rt_thread_detach
                0x0000cb40      0x100 build\kernel\src\thread.o
                0x0000cb40                rt_thread_detach
 .text.rt_thread_create
                0x0000cc40       0x6c build\kernel\src\thread.o
                0x0000cc40                rt_thread_create
 .text.rt_thread_delete
                0x0000ccac      0x100 build\kernel\src\thread.o
                0x0000ccac                rt_thread_delete
 .text.rt_thread_sleep
                0x0000cdac      0x1ac build\kernel\src\thread.o
                0x0000cdac                rt_thread_sleep
 .text.rt_thread_delay
                0x0000cf58       0x1a build\kernel\src\thread.o
                0x0000cf58                rt_thread_delay
 .text.rt_thread_mdelay
                0x0000cf72       0x26 build\kernel\src\thread.o
                0x0000cf72                rt_thread_mdelay
 .text.rt_thread_control
                0x0000cf98      0x120 build\kernel\src\thread.o
                0x0000cf98                rt_thread_control
 .text.rt_thread_set_suspend_state
                0x0000d0b8       0xac build\kernel\src\thread.o
 .text.rt_thread_suspend_with_flag
                0x0000d164      0x116 build\kernel\src\thread.o
                0x0000d164                rt_thread_suspend_with_flag
 .text.rt_thread_resume
                0x0000d27a       0xb4 build\kernel\src\thread.o
                0x0000d27a                rt_thread_resume
 .text.rt_list_init
                0x0000d32e       0x1e build\kernel\src\timer.o
 .text.rt_list_insert_after
                0x0000d34c       0x2e build\kernel\src\timer.o
 .text.rt_list_remove
                0x0000d37a       0x32 build\kernel\src\timer.o
 .text.rt_list_isempty
                0x0000d3ac       0x1e build\kernel\src\timer.o
 .text._timer_init
                0x0000d3ca       0x6c build\kernel\src\timer.o
 .text._timer_list_next_timeout
                0x0000d436       0x4e build\kernel\src\timer.o
 .text._timer_remove
                0x0000d484       0x36 build\kernel\src\timer.o
 .text.rt_timer_init
                0x0000d4ba       0x9c build\kernel\src\timer.o
                0x0000d4ba                rt_timer_init
 .text.rt_timer_detach
                0x0000d556       0xac build\kernel\src\timer.o
                0x0000d556                rt_timer_detach
 .text.rt_timer_start
                0x0000d602      0x25c build\kernel\src\timer.o
                0x0000d602                rt_timer_start
 .text.rt_timer_stop
                0x0000d85e       0xb4 build\kernel\src\timer.o
                0x0000d85e                rt_timer_stop
 *fill*         0x0000d912        0x2 ff
 .text.rt_timer_control
                0x0000d914      0x12c build\kernel\src\timer.o
                0x0000d914                rt_timer_control
 .text.rt_timer_check
                0x0000da40      0x130 build\kernel\src\timer.o
                0x0000da40                rt_timer_check
 .text.rt_soft_timer_check
                0x0000db70      0x152 build\kernel\src\timer.o
                0x0000db70                rt_soft_timer_check
 .text._timer_thread_entry
                0x0000dcc2       0x64 build\kernel\src\timer.o
 .text.rt_system_timer_init
                0x0000dd26       0x36 build\kernel\src\timer.o
                0x0000dd26                rt_system_timer_init
 .text.rt_system_timer_thread_init
                0x0000dd5c       0x78 build\kernel\src\timer.o
                0x0000dd5c                rt_system_timer_thread_init
 .text.Reset_Handler
                0x0000ddd4        0xe ra\fsp\src\bsp\cmsis\Device\RENESAS\Source\startup.o
                0x0000ddd4                Reset_Handler
 .text.Default_Handler
                0x0000dde2        0xc ra\fsp\src\bsp\cmsis\Device\RENESAS\Source\startup.o
                0x0000dde2                UsageFault_Handler
                0x0000dde2                SecureFault_Handler
                0x0000dde2                Default_Handler
                0x0000dde2                MemManage_Handler
                0x0000dde2                SVC_Handler
                0x0000dde2                BusFault_Handler
                0x0000dde2                DebugMon_Handler
 *fill*         0x0000ddee        0x2 ff
 .text.SystemInit
                0x0000ddf0      0x12c ra\fsp\src\bsp\cmsis\Device\RENESAS\Source\system.o
                0x0000ddf0                SystemInit
 .text.bsp_reset_trng_circuit
                0x0000df1c       0xfc ra\fsp\src\bsp\cmsis\Device\RENESAS\Source\system.o
 .text.bsp_prv_operating_mode_opccr_set
                0x0000e018       0x94 ra\fsp\src\bsp\mcu\all\bsp_clocks.o
 .text.SystemCoreClockUpdate
                0x0000e0ac       0x48 ra\fsp\src\bsp\mcu\all\bsp_clocks.o
                0x0000e0ac                SystemCoreClockUpdate
 .text.bsp_prv_clock_set_hard_reset
                0x0000e0f4       0x44 ra\fsp\src\bsp\mcu\all\bsp_clocks.o
 .text.bsp_clock_freq_var_init
                0x0000e138       0x58 ra\fsp\src\bsp\mcu\all\bsp_clocks.o
 .text.bsp_clock_init
                0x0000e190       0x98 ra\fsp\src\bsp\mcu\all\bsp_clocks.o
                0x0000e190                bsp_clock_init
 .text.bsp_init_internal
                0x0000e228       0x10 ra\fsp\src\bsp\mcu\all\bsp_common.o
                0x0000e228                bsp_init_internal
                0x0000e228                bsp_init
 .text.bsp_group_irq_call
                0x0000e238       0x3e ra\fsp\src\bsp\mcu\all\bsp_group_irq.o
 .text.NMI_Handler
                0x0000e276       0x68 ra\fsp\src\bsp\mcu\all\bsp_group_irq.o
                0x0000e276                NMI_Handler
 .text.bsp_irq_cfg
                0x0000e2de       0x42 ra\fsp\src\bsp\mcu\all\bsp_irq.o
                0x0000e2de                bsp_irq_cfg
 .text.R_BSP_RegisterProtectEnable
                0x0000e320       0xc4 ra\fsp\src\bsp\mcu\all\bsp_register_protection.o
                0x0000e320                R_BSP_RegisterProtectEnable
 .text.R_BSP_RegisterProtectDisable
                0x0000e3e4       0xac ra\fsp\src\bsp\mcu\all\bsp_register_protection.o
                0x0000e3e4                R_BSP_RegisterProtectDisable
 .text.R_FSP_CurrentIrqGet
                0x0000e490       0x2a ra\fsp\src\r_icu\r_icu.o
 .text.R_FSP_IsrContextSet
                0x0000e4ba       0x2a ra\fsp\src\r_icu\r_icu.o
 .text.R_BSP_IrqStatusClear
                0x0000e4e4       0x34 ra\fsp\src\r_icu\r_icu.o
 .text.R_BSP_IrqClearPending
                0x0000e518       0x4c ra\fsp\src\r_icu\r_icu.o
 .text.R_BSP_IrqCfg
                0x0000e564       0x88 ra\fsp\src\r_icu\r_icu.o
 .text.R_BSP_IrqEnableNoClear
                0x0000e5ec       0x3e ra\fsp\src\r_icu\r_icu.o
 .text.R_BSP_IrqEnable
                0x0000e62a       0x2c ra\fsp\src\r_icu\r_icu.o
 .text.R_BSP_IrqDisable
                0x0000e656       0x4c ra\fsp\src\r_icu\r_icu.o
 .text.R_FSP_IsrContextGet
                0x0000e6a2       0x26 ra\fsp\src\r_icu\r_icu.o
 .text.R_ICU_ExternalIrqOpen
                0x0000e6c8       0xf6 ra\fsp\src\r_icu\r_icu.o
                0x0000e6c8                R_ICU_ExternalIrqOpen
 .text.R_ICU_ExternalIrqEnable
                0x0000e7be       0x22 ra\fsp\src\r_icu\r_icu.o
                0x0000e7be                R_ICU_ExternalIrqEnable
 .text.R_ICU_ExternalIrqDisable
                0x0000e7e0       0x22 ra\fsp\src\r_icu\r_icu.o
                0x0000e7e0                R_ICU_ExternalIrqDisable
 .text.R_ICU_ExternalIrqClose
                0x0000e802       0x40 ra\fsp\src\r_icu\r_icu.o
                0x0000e802                R_ICU_ExternalIrqClose
 .text.r_icu_isr
                0x0000e842       0x9c ra\fsp\src\r_icu\r_icu.o
                0x0000e842                r_icu_isr
 .text.R_BSP_PinRead
                0x0000e8de       0x3c ra\fsp\src\r_ioport\r_ioport.o
 .text.R_BSP_PinAccessEnable
                0x0000e91a       0x6e ra\fsp\src\r_ioport\r_ioport.o
 .text.R_BSP_PinAccessDisable
                0x0000e988       0x7a ra\fsp\src\r_ioport\r_ioport.o
 .text.R_IOPORT_Open
                0x0000ea02       0x2c ra\fsp\src\r_ioport\r_ioport.o
                0x0000ea02                R_IOPORT_Open
 .text.R_IOPORT_Close
                0x0000ea2e       0x1c ra\fsp\src\r_ioport\r_ioport.o
                0x0000ea2e                R_IOPORT_Close
 .text.R_IOPORT_PinsCfg
                0x0000ea4a       0x1c ra\fsp\src\r_ioport\r_ioport.o
                0x0000ea4a                R_IOPORT_PinsCfg
 .text.R_IOPORT_PinCfg
                0x0000ea66       0x32 ra\fsp\src\r_ioport\r_ioport.o
                0x0000ea66                R_IOPORT_PinCfg
 .text.R_IOPORT_PinRead
                0x0000ea98       0x2e ra\fsp\src\r_ioport\r_ioport.o
                0x0000ea98                R_IOPORT_PinRead
 .text.R_IOPORT_PortRead
                0x0000eac6       0x42 ra\fsp\src\r_ioport\r_ioport.o
                0x0000eac6                R_IOPORT_PortRead
 .text.R_IOPORT_PortWrite
                0x0000eb08       0x86 ra\fsp\src\r_ioport\r_ioport.o
                0x0000eb08                R_IOPORT_PortWrite
 .text.R_IOPORT_PinWrite
                0x0000eb8e       0xaa ra\fsp\src\r_ioport\r_ioport.o
                0x0000eb8e                R_IOPORT_PinWrite
 .text.R_IOPORT_PortDirectionSet
                0x0000ec38       0x88 ra\fsp\src\r_ioport\r_ioport.o
                0x0000ec38                R_IOPORT_PortDirectionSet
 .text.R_IOPORT_PortEventInputRead
                0x0000ecc0       0x44 ra\fsp\src\r_ioport\r_ioport.o
                0x0000ecc0                R_IOPORT_PortEventInputRead
 .text.R_IOPORT_PinEventInputRead
                0x0000ed04       0x7a ra\fsp\src\r_ioport\r_ioport.o
                0x0000ed04                R_IOPORT_PinEventInputRead
 .text.R_IOPORT_PortEventOutputWrite
                0x0000ed7e       0x86 ra\fsp\src\r_ioport\r_ioport.o
                0x0000ed7e                R_IOPORT_PortEventOutputWrite
 .text.R_IOPORT_PinEventOutputWrite
                0x0000ee04       0x9a ra\fsp\src\r_ioport\r_ioport.o
                0x0000ee04                R_IOPORT_PinEventOutputWrite
 .text.R_IOPORT_EthernetModeCfg
                0x0000ee9e       0x22 ra\fsp\src\r_ioport\r_ioport.o
                0x0000ee9e                R_IOPORT_EthernetModeCfg
 .text.r_ioport_pins_config
                0x0000eec0       0x64 ra\fsp\src\r_ioport\r_ioport.o
 .text.r_ioport_hw_pin_event_output_data_write
                0x0000ef24       0xa0 ra\fsp\src\r_ioport\r_ioport.o
 .text.r_ioport_pfs_write
                0x0000efc4       0x98 ra\fsp\src\r_ioport\r_ioport.o
 .text.R_FSP_CurrentIrqGet
                0x0000f05c       0x2a ra\fsp\src\r_sci_uart\r_sci_uart.o
 .text.R_FSP_IsrContextSet
                0x0000f086       0x2a ra\fsp\src\r_sci_uart\r_sci_uart.o
 .text.R_BSP_IrqStatusClear
                0x0000f0b0       0x34 ra\fsp\src\r_sci_uart\r_sci_uart.o
 .text.R_BSP_IrqClearPending
                0x0000f0e4       0x4c ra\fsp\src\r_sci_uart\r_sci_uart.o
 .text.R_BSP_IrqCfg
                0x0000f130       0x88 ra\fsp\src\r_sci_uart\r_sci_uart.o
 .text.R_BSP_IrqEnableNoClear
                0x0000f1b8       0x3e ra\fsp\src\r_sci_uart\r_sci_uart.o
 .text.R_BSP_IrqEnable
                0x0000f1f6       0x2c ra\fsp\src\r_sci_uart\r_sci_uart.o
 .text.R_BSP_IrqDisable
                0x0000f222       0x4c ra\fsp\src\r_sci_uart\r_sci_uart.o
 .text.R_FSP_IsrContextGet
                0x0000f26e       0x26 ra\fsp\src\r_sci_uart\r_sci_uart.o
 .text.R_SCI_UART_Open
                0x0000f294      0x1cc ra\fsp\src\r_sci_uart\r_sci_uart.o
                0x0000f294                R_SCI_UART_Open
 .text.r_sci_uart_config_set
                0x0000f460      0x104 ra\fsp\src\r_sci_uart\r_sci_uart.o
 .text.r_sci_irq_cfg
                0x0000f564       0x4a ra\fsp\src\r_sci_uart\r_sci_uart.o
 .text.r_sci_irqs_cfg
                0x0000f5ae       0x5a ra\fsp\src\r_sci_uart\r_sci_uart.o
 .text.r_sci_uart_baud_set
                0x0000f608       0x5e ra\fsp\src\r_sci_uart\r_sci_uart.o
 .text.r_sci_uart_call_callback
                0x0000f666       0x78 ra\fsp\src\r_sci_uart\r_sci_uart.o
 *fill*         0x0000f6de        0x2 ff
 .text.sci_uart_txi_isr
                0x0000f6e0       0xe4 ra\fsp\src\r_sci_uart\r_sci_uart.o
                0x0000f6e0                sci_uart_txi_isr
 .text.sci_uart_rxi_isr
                0x0000f7c4       0xc4 ra\fsp\src\r_sci_uart\r_sci_uart.o
                0x0000f7c4                sci_uart_rxi_isr
 .text.sci_uart_tei_isr
                0x0000f888       0x54 ra\fsp\src\r_sci_uart\r_sci_uart.o
                0x0000f888                sci_uart_tei_isr
 .text.sci_uart_eri_isr
                0x0000f8dc       0xc0 ra\fsp\src\r_sci_uart\r_sci_uart.o
                0x0000f8dc                sci_uart_eri_isr
 .text.main     0x0000f99c       0x10 build\ra_gen\main.o
                0x0000f99c                main
 .text.hal_entry
                0x0000f9ac       0x4c build\src\hal_entry.o
                0x0000f9ac                hal_entry
 .text.irq_callback_test
                0x0000f9f8       0x1e build\src\hal_entry.o
                0x0000f9f8                irq_callback_test
 .text.icu_sample
                0x0000fa16       0x7a build\src\hal_entry.o
                0x0000fa16                icu_sample
 .text.__NVIC_SetPriority
                0x0000fa90       0xee libraries\HAL_Drivers\drv_common.o
 .text.__NVIC_SystemReset
                0x0000fb7e       0x24 libraries\HAL_Drivers\drv_common.o
 .text.SysTick_Config
                0x0000fba2       0x54 libraries\HAL_Drivers\drv_common.o
 .text.reboot   0x0000fbf6       0x12 libraries\HAL_Drivers\drv_common.o
 .text.rt_hw_systick_init
                0x0000fc08       0x2e libraries\HAL_Drivers\drv_common.o
                0x0000fc08                rt_hw_systick_init
 .text.SysTick_Handler
                0x0000fc36       0x16 libraries\HAL_Drivers\drv_common.o
                0x0000fc36                SysTick_Handler
 .text.rt_hw_board_init
                0x0000fc4c       0x40 libraries\HAL_Drivers\drv_common.o
                0x0000fc4c                rt_hw_board_init
 .text.R_BSP_WarmStart
                0x0000fc8c       0x4a libraries\HAL_Drivers\drv_common.o
                0x0000fc8c                R_BSP_WarmStart
 .text.R_BSP_PinRead
                0x0000fcd6       0x3c libraries\HAL_Drivers\drv_gpio.o
 .text.R_BSP_PinWrite
                0x0000fd12       0x7e libraries\HAL_Drivers\drv_gpio.o
 .text.R_BSP_PinAccessEnable
                0x0000fd90       0x6e libraries\HAL_Drivers\drv_gpio.o
 .text.R_BSP_PinAccessDisable
                0x0000fdfe       0x7a libraries\HAL_Drivers\drv_gpio.o
 .text.ra_pin_get_irqx
                0x0000fe78      0x134 libraries\HAL_Drivers\drv_gpio.o
 .text.ra_irq_tab_init
                0x0000ffac       0x88 libraries\HAL_Drivers\drv_gpio.o
 .text.ra_pin_map_init
                0x00010034       0x2e libraries\HAL_Drivers\drv_gpio.o
 .text.ra_pin_mode
                0x00010062      0x15e libraries\HAL_Drivers\drv_gpio.o
 .text.ra_pin_write
                0x000101c0       0x46 libraries\HAL_Drivers\drv_gpio.o
 .text.ra_pin_read
                0x00010206       0x5e libraries\HAL_Drivers\drv_gpio.o
 .text.ra_pin_irq_enable
                0x00010264      0x182 libraries\HAL_Drivers\drv_gpio.o
 .text.ra_pin_attach_irq
                0x000103e6      0x160 libraries\HAL_Drivers\drv_gpio.o
 .text.ra_pin_dettach_irq
                0x00010546       0xce libraries\HAL_Drivers\drv_gpio.o
 .text.ra_pin_get
                0x00010614       0xe6 libraries\HAL_Drivers\drv_gpio.o
 .text.rt_hw_pin_init
                0x000106fa       0x2c libraries\HAL_Drivers\drv_gpio.o
                0x000106fa                rt_hw_pin_init
 .text.irq_callback
                0x00010726       0x6e libraries\HAL_Drivers\drv_gpio.o
                0x00010726                irq_callback
 .text.ra_uart_get_config
                0x00010794       0x66 libraries\HAL_Drivers\drv_usart_v2.o
 .text.ra_uart_configure
                0x000107fa       0x90 libraries\HAL_Drivers\drv_usart_v2.o
 .text.ra_uart_control
                0x0001088a       0x16 libraries\HAL_Drivers\drv_usart_v2.o
 .text.ra_uart_putc
                0x000108a0       0x78 libraries\HAL_Drivers\drv_usart_v2.o
 .text.ra_uart_getc
                0x00010918       0x12 libraries\HAL_Drivers\drv_usart_v2.o
 .text.ra_uart_transmit
                0x0001092a       0x64 libraries\HAL_Drivers\drv_usart_v2.o
 .text.user_uart9_callback
                0x0001098e       0x86 libraries\HAL_Drivers\drv_usart_v2.o
                0x0001098e                user_uart9_callback
 .text.rt_hw_usart_init
                0x00010a14       0xc6 libraries\HAL_Drivers\drv_usart_v2.o
                0x00010a14                rt_hw_usart_init
 *fill*         0x00010ada        0x2 ff
 .text.atoi     0x00010adc        0xc d:/llc/softwares/env-windows-v1.3.5/tools/gnu_gcc/arm_gcc/mingw/bin/../lib/gcc/arm-none-eabi/10.3.1/../../../../arm-none-eabi/lib/thumb/v8-m.base/nofp\libc.a(lib_a-atoi.o)
                0x00010adc                atoi
 .text.memcmp   0x00010ae8       0x44 d:/llc/softwares/env-windows-v1.3.5/tools/gnu_gcc/arm_gcc/mingw/bin/../lib/gcc/arm-none-eabi/10.3.1/../../../../arm-none-eabi/lib/thumb/v8-m.base/nofp\libc.a(lib_a-memcmp.o)
                0x00010ae8                memcmp
 .text.memcpy   0x00010b2c       0xa0 d:/llc/softwares/env-windows-v1.3.5/tools/gnu_gcc/arm_gcc/mingw/bin/../lib/gcc/arm-none-eabi/10.3.1/../../../../arm-none-eabi/lib/thumb/v8-m.base/nofp\libc.a(lib_a-memcpy-stub.o)
                0x00010b2c                memcpy
 .text.memset   0x00010bcc       0xa0 d:/llc/softwares/env-windows-v1.3.5/tools/gnu_gcc/arm_gcc/mingw/bin/../lib/gcc/arm-none-eabi/10.3.1/../../../../arm-none-eabi/lib/thumb/v8-m.base/nofp\libc.a(lib_a-memset.o)
                0x00010bcc                memset
 .text.strchr   0x00010c6c       0xd8 d:/llc/softwares/env-windows-v1.3.5/tools/gnu_gcc/arm_gcc/mingw/bin/../lib/gcc/arm-none-eabi/10.3.1/../../../../arm-none-eabi/lib/thumb/v8-m.base/nofp\libc.a(lib_a-strchr.o)
                0x00010c6c                strchr
 .text          0x00010d44       0x88 d:/llc/softwares/env-windows-v1.3.5/tools/gnu_gcc/arm_gcc/mingw/bin/../lib/gcc/arm-none-eabi/10.3.1/../../../../arm-none-eabi/lib/thumb/v8-m.base/nofp\libc.a(lib_a-strcmp.o)
                0x00010d44                strcmp
 .text.strcpy   0x00010dcc       0x10 d:/llc/softwares/env-windows-v1.3.5/tools/gnu_gcc/arm_gcc/mingw/bin/../lib/gcc/arm-none-eabi/10.3.1/../../../../arm-none-eabi/lib/thumb/v8-m.base/nofp\libc.a(lib_a-strcpy.o)
                0x00010dcc                strcpy
 .text.strlen   0x00010ddc       0x58 d:/llc/softwares/env-windows-v1.3.5/tools/gnu_gcc/arm_gcc/mingw/bin/../lib/gcc/arm-none-eabi/10.3.1/../../../../arm-none-eabi/lib/thumb/v8-m.base/nofp\libc.a(lib_a-strlen-stub.o)
                0x00010ddc                strlen
 .text.strncat  0x00010e34       0x5c d:/llc/softwares/env-windows-v1.3.5/tools/gnu_gcc/arm_gcc/mingw/bin/../lib/gcc/arm-none-eabi/10.3.1/../../../../arm-none-eabi/lib/thumb/v8-m.base/nofp\libc.a(lib_a-strncat.o)
                0x00010e34                strncat
 .text.strncmp  0x00010e90       0x70 d:/llc/softwares/env-windows-v1.3.5/tools/gnu_gcc/arm_gcc/mingw/bin/../lib/gcc/arm-none-eabi/10.3.1/../../../../arm-none-eabi/lib/thumb/v8-m.base/nofp\libc.a(lib_a-strncmp.o)
                0x00010e90                strncmp
 .text.strncpy  0x00010f00       0x5c d:/llc/softwares/env-windows-v1.3.5/tools/gnu_gcc/arm_gcc/mingw/bin/../lib/gcc/arm-none-eabi/10.3.1/../../../../arm-none-eabi/lib/thumb/v8-m.base/nofp\libc.a(lib_a-strncpy.o)
                0x00010f00                strncpy
 .text.strrchr  0x00010f5c       0x28 d:/llc/softwares/env-windows-v1.3.5/tools/gnu_gcc/arm_gcc/mingw/bin/../lib/gcc/arm-none-eabi/10.3.1/../../../../arm-none-eabi/lib/thumb/v8-m.base/nofp\libc.a(lib_a-strrchr.o)
                0x00010f5c                strrchr
 .text.two_way_long_needle
                0x00010f84      0x27c d:/llc/softwares/env-windows-v1.3.5/tools/gnu_gcc/arm_gcc/mingw/bin/../lib/gcc/arm-none-eabi/10.3.1/../../../../arm-none-eabi/lib/thumb/v8-m.base/nofp\libc.a(lib_a-strstr.o)
 .text.strstr   0x00011200      0x170 d:/llc/softwares/env-windows-v1.3.5/tools/gnu_gcc/arm_gcc/mingw/bin/../lib/gcc/arm-none-eabi/10.3.1/../../../../arm-none-eabi/lib/thumb/v8-m.base/nofp\libc.a(lib_a-strstr.o)
                0x00011200                strstr
 .text._strtol_l.part.0
                0x00011370      0x140 d:/llc/softwares/env-windows-v1.3.5/tools/gnu_gcc/arm_gcc/mingw/bin/../lib/gcc/arm-none-eabi/10.3.1/../../../../arm-none-eabi/lib/thumb/v8-m.base/nofp\libc.a(lib_a-strtol.o)
 .text.strtol   0x000114b0       0x30 d:/llc/softwares/env-windows-v1.3.5/tools/gnu_gcc/arm_gcc/mingw/bin/../lib/gcc/arm-none-eabi/10.3.1/../../../../arm-none-eabi/lib/thumb/v8-m.base/nofp\libc.a(lib_a-strtol.o)
                0x000114b0                strtol
 .text.startup.register_fini
                0x000114e0       0x1c d:/llc/softwares/env-windows-v1.3.5/tools/gnu_gcc/arm_gcc/mingw/bin/../lib/gcc/arm-none-eabi/10.3.1/../../../../arm-none-eabi/lib/thumb/v8-m.base/nofp\libc.a(lib_a-__call_atexit.o)
 .text.atexit   0x000114fc       0x10 d:/llc/softwares/env-windows-v1.3.5/tools/gnu_gcc/arm_gcc/mingw/bin/../lib/gcc/arm-none-eabi/10.3.1/../../../../arm-none-eabi/lib/thumb/v8-m.base/nofp\libc.a(lib_a-atexit.o)
                0x000114fc                atexit
 .text.__libc_fini_array
                0x0001150c       0x38 d:/llc/softwares/env-windows-v1.3.5/tools/gnu_gcc/arm_gcc/mingw/bin/../lib/gcc/arm-none-eabi/10.3.1/../../../../arm-none-eabi/lib/thumb/v8-m.base/nofp\libc.a(lib_a-fini.o)
                0x0001150c                __libc_fini_array
 .text.__retarget_lock_acquire_recursive
                0x00011544        0x4 d:/llc/softwares/env-windows-v1.3.5/tools/gnu_gcc/arm_gcc/mingw/bin/../lib/gcc/arm-none-eabi/10.3.1/../../../../arm-none-eabi/lib/thumb/v8-m.base/nofp\libc.a(lib_a-lock.o)
                0x00011544                __retarget_lock_acquire_recursive
 .text.__retarget_lock_release_recursive
                0x00011548        0x4 d:/llc/softwares/env-windows-v1.3.5/tools/gnu_gcc/arm_gcc/mingw/bin/../lib/gcc/arm-none-eabi/10.3.1/../../../../arm-none-eabi/lib/thumb/v8-m.base/nofp\libc.a(lib_a-lock.o)
                0x00011548                __retarget_lock_release_recursive
 .text.__register_exitproc
                0x0001154c       0xac d:/llc/softwares/env-windows-v1.3.5/tools/gnu_gcc/arm_gcc/mingw/bin/../lib/gcc/arm-none-eabi/10.3.1/../../../../arm-none-eabi/lib/thumb/v8-m.base/nofp\libc.a(lib_a-__atexit.o)
                0x0001154c                __register_exitproc
 .text          0x000115f8       0x5c d:/llc/softwares/env-windows-v1.3.5/tools/gnu_gcc/arm_gcc/mingw/bin/../lib/gcc/arm-none-eabi/10.3.1/thumb/v8-m.base/nofp\libgcc.a(_muldi3.o)
                0x000115f8                __muldi3
                0x000115f8                __aeabi_lmul
 *(.version)
 .version       0x00011654       0x50 ra\fsp\src\bsp\mcu\all\bsp_common.o
 *(.init)
 .init          0x000116a4        0x4 d:/llc/softwares/env-windows-v1.3.5/tools/gnu_gcc/arm_gcc/mingw/bin/../lib/gcc/arm-none-eabi/10.3.1/thumb/v8-m.base/nofp/crti.o
                0x000116a4                _init
 .init          0x000116a8        0x8 d:/llc/softwares/env-windows-v1.3.5/tools/gnu_gcc/arm_gcc/mingw/bin/../lib/gcc/arm-none-eabi/10.3.1/thumb/v8-m.base/nofp/crtn.o
 *(.fini)
 .fini          0x000116b0        0x4 d:/llc/softwares/env-windows-v1.3.5/tools/gnu_gcc/arm_gcc/mingw/bin/../lib/gcc/arm-none-eabi/10.3.1/thumb/v8-m.base/nofp/crti.o
                0x000116b0                _fini
 .fini          0x000116b4        0x8 d:/llc/softwares/env-windows-v1.3.5/tools/gnu_gcc/arm_gcc/mingw/bin/../lib/gcc/arm-none-eabi/10.3.1/thumb/v8-m.base/nofp/crtn.o
                0x000116bc                . = ALIGN (0x4)
                0x000116bc                __fsymtab_start = .
 *(FSymTab)
 FSymTab        0x000116bc        0xc build\kernel\components\drivers\misc\pin.o
                0x000116bc                __fsym_pin
 FSymTab        0x000116c8       0x24 build\kernel\components\finsh\cmd.o
                0x000116c8                __fsym_clear
                0x000116d4                __fsym_version
                0x000116e0                __fsym_list
 FSymTab        0x000116ec       0x24 build\kernel\components\finsh\msh.o
                0x000116ec                __fsym_help
                0x000116f8                __fsym_ps
                0x00011704                __fsym_free
 FSymTab        0x00011710       0xa8 build\kernel\components\finsh\msh_file.o
                0x00011710                __fsym_ls
                0x0001171c                __fsym_cp
                0x00011728                __fsym_mv
                0x00011734                __fsym_cat
                0x00011740                __fsym_rm
                0x0001174c                __fsym_cd
                0x00011758                __fsym_pwd
                0x00011764                __fsym_mkdir
                0x00011770                __fsym_mkfs
                0x0001177c                __fsym_mount
                0x00011788                __fsym_umount
                0x00011794                __fsym_df
                0x000117a0                __fsym_echo
                0x000117ac                __fsym_tail
 FSymTab        0x000117b8        0xc build\src\hal_entry.o
                0x000117b8                __fsym_icu_sample
 FSymTab        0x000117c4        0xc libraries\HAL_Drivers\drv_common.o
                0x000117c4                __fsym_reboot
                0x000117d0                __fsymtab_end = .
                0x000117d0                . = ALIGN (0x4)
                0x000117d0                __vsymtab_start = .
 *(VSymTab)
                0x000117d0                __vsymtab_end = .
                0x000117d0                . = ALIGN (0x4)
                0x000117d0                __rt_init_start = .
 *(SORT_BY_NAME(.rti_fn*))
 .rti_fn.0      0x000117d0        0x4 build\kernel\src\components.o
                0x000117d0                __rt_init_rti_start
 .rti_fn.0.end  0x000117d4        0x4 build\kernel\src\components.o
                0x000117d4                __rt_init_rti_board_start
 .rti_fn.1.end  0x000117d8        0x4 build\kernel\src\components.o
                0x000117d8                __rt_init_rti_board_end
 .rti_fn.2      0x000117dc        0x4 build\kernel\components\dfs\src\dfs.o
                0x000117dc                __rt_init_dfs_init
 .rti_fn.6      0x000117e0        0x4 build\kernel\components\finsh\shell.o
                0x000117e0                __rt_init_finsh_system_init
 .rti_fn.6.end  0x000117e4        0x4 build\kernel\src\components.o
                0x000117e4                __rt_init_rti_end
                0x000117e8                __rt_init_end = .
                0x000117e8                . = ALIGN (0x4)
 *(FalPartTable)
 *crtbegin.o(.ctors)
 *crtbegin?.o(.ctors)
 *(EXCLUDE_FILE(*crtend.o *crtend?.o) .ctors)
 *(SORT_BY_NAME(.ctors.*))
 *(.ctors)
 *crtbegin.o(.dtors)
 *crtbegin?.o(.dtors)
 *(EXCLUDE_FILE(*crtend.o *crtend?.o) .dtors)
 *(SORT_BY_NAME(.dtors.*))
 *(.dtors)
 *(.rodata*)
 .rodata        0x000117e8      0x150 build\kernel\components\dfs\src\dfs.o
 .rodata.__FUNCTION__.3
                0x00011938        0x9 build\kernel\components\dfs\src\dfs.o
 *fill*         0x00011941        0x3 ff
 .rodata.__FUNCTION__.2
                0x00011944        0xc build\kernel\components\dfs\src\dfs.o
 .rodata.__FUNCTION__.1
                0x00011950        0xf build\kernel\components\dfs\src\dfs.o
 *fill*         0x0001195f        0x1 ff
 .rodata.__FUNCTION__.0
                0x00011960       0x13 build\kernel\components\dfs\src\dfs.o
 *fill*         0x00011973        0x1 ff
 .rodata        0x00011974      0x1d0 build\kernel\components\dfs\src\dfs_file.o
 .rodata        0x00011b44      0x1f0 build\kernel\components\dfs\src\dfs_fs.o
 .rodata.__FUNCTION__.1
                0x00011d34       0x16 build\kernel\components\dfs\src\dfs_fs.o
 *fill*         0x00011d4a        0x2 ff
 .rodata        0x00011d4c        0x4 build\kernel\components\dfs\src\dfs_posix.o
 .rodata        0x00011d50       0xd7 build\kernel\components\drivers\ipc\completion.o
 *fill*         0x00011e27        0x1 ff
 .rodata.__FUNCTION__.2
                0x00011e28       0x13 build\kernel\components\drivers\ipc\completion.o
 *fill*         0x00011e3b        0x1 ff
 .rodata.__FUNCTION__.1
                0x00011e3c       0x13 build\kernel\components\drivers\ipc\completion.o
 *fill*         0x00011e4f        0x1 ff
 .rodata.__FUNCTION__.0
                0x00011e50       0x13 build\kernel\components\drivers\ipc\completion.o
 *fill*         0x00011e63        0x1 ff
 .rodata        0x00011e64       0x19 build\kernel\components\drivers\ipc\ringbuffer.o
 *fill*         0x00011e7d        0x3 ff
 .rodata.__FUNCTION__.10
                0x00011e80       0x13 build\kernel\components\drivers\ipc\ringbuffer.o
 *fill*         0x00011e93        0x1 ff
 .rodata.__FUNCTION__.9
                0x00011e94       0x12 build\kernel\components\drivers\ipc\ringbuffer.o
 *fill*         0x00011ea6        0x2 ff
 .rodata.__FUNCTION__.7
                0x00011ea8       0x12 build\kernel\components\drivers\ipc\ringbuffer.o
 *fill*         0x00011eba        0x2 ff
 .rodata.__FUNCTION__.5
                0x00011ebc       0x16 build\kernel\components\drivers\ipc\ringbuffer.o
 *fill*         0x00011ed2        0x2 ff
 .rodata        0x00011ed4      0x2aa build\kernel\components\drivers\misc\pin.o
 *fill*         0x0001217e        0x2 ff
 .rodata.name   0x00012180       0x11 build\kernel\components\drivers\misc\pin.o
                0x00012180                __fsym_pin_name
                0x00012184                __fsym_pin_desc
 *fill*         0x00012191        0x3 ff
 .rodata.__FUNCTION__.9
                0x00012194        0xa build\kernel\components\drivers\misc\pin.o
 *fill*         0x0001219e        0x2 ff
 .rodata.__FUNCTION__.8
                0x000121a0        0xb build\kernel\components\drivers\misc\pin.o
 *fill*         0x000121ab        0x1 ff
 .rodata.__FUNCTION__.7
                0x000121ac        0xd build\kernel\components\drivers\misc\pin.o
 *fill*         0x000121b9        0x3 ff
 .rodata.__FUNCTION__.6
                0x000121bc       0x12 build\kernel\components\drivers\misc\pin.o
 *fill*         0x000121ce        0x2 ff
 .rodata.__FUNCTION__.4
                0x000121d0       0x12 build\kernel\components\drivers\misc\pin.o
 *fill*         0x000121e2        0x2 ff
 .rodata.__FUNCTION__.3
                0x000121e4        0xc build\kernel\components\drivers\misc\pin.o
 .rodata.__FUNCTION__.2
                0x000121f0        0xd build\kernel\components\drivers\misc\pin.o
 *fill*         0x000121fd        0x3 ff
 .rodata.__FUNCTION__.1
                0x00012200        0xc build\kernel\components\drivers\misc\pin.o
 .rodata.__FUNCTION__.0
                0x0001220c        0xb build\kernel\components\drivers\misc\pin.o
 *fill*         0x00012217        0x1 ff
 .rodata        0x00012218      0x1c9 build\kernel\components\drivers\serial\serial_v2.o
 *fill*         0x000123e1        0x3 ff
 .rodata.rt_serial_control
                0x000123e4       0x28 build\kernel\components\drivers\serial\serial_v2.o
 .rodata.__FUNCTION__.18
                0x0001240c       0x1c build\kernel\components\drivers\serial\serial_v2.o
 .rodata.__FUNCTION__.17
                0x00012428       0x1c build\kernel\components\drivers\serial\serial_v2.o
 .rodata.__FUNCTION__.16
                0x00012444       0x1d build\kernel\components\drivers\serial\serial_v2.o
 *fill*         0x00012461        0x3 ff
 .rodata.__FUNCTION__.15
                0x00012464       0x10 build\kernel\components\drivers\serial\serial_v2.o
 .rodata.__FUNCTION__.14
                0x00012474       0x10 build\kernel\components\drivers\serial\serial_v2.o
 .rodata.__FUNCTION__.13
                0x00012484       0x10 build\kernel\components\drivers\serial\serial_v2.o
 .rodata.__FUNCTION__.12
                0x00012494       0x1e build\kernel\components\drivers\serial\serial_v2.o
 *fill*         0x000124b2        0x2 ff
 .rodata.__FUNCTION__.11
                0x000124b4       0x1d build\kernel\components\drivers\serial\serial_v2.o
 *fill*         0x000124d1        0x3 ff
 .rodata.__FUNCTION__.10
                0x000124d4       0x1c build\kernel\components\drivers\serial\serial_v2.o
 .rodata.__FUNCTION__.9
                0x000124f0       0x14 build\kernel\components\drivers\serial\serial_v2.o
 .rodata.__FUNCTION__.8
                0x00012504       0x14 build\kernel\components\drivers\serial\serial_v2.o
 .rodata.__FUNCTION__.7
                0x00012518       0x15 build\kernel\components\drivers\serial\serial_v2.o
 *fill*         0x0001252d        0x3 ff
 .rodata.__FUNCTION__.6
                0x00012530       0x15 build\kernel\components\drivers\serial\serial_v2.o
 *fill*         0x00012545        0x3 ff
 .rodata.__FUNCTION__.5
                0x00012548        0xf build\kernel\components\drivers\serial\serial_v2.o
 *fill*         0x00012557        0x1 ff
 .rodata.__FUNCTION__.4
                0x00012558        0xf build\kernel\components\drivers\serial\serial_v2.o
 *fill*         0x00012567        0x1 ff
 .rodata.__FUNCTION__.3
                0x00012568       0x10 build\kernel\components\drivers\serial\serial_v2.o
 .rodata.__FUNCTION__.2
                0x00012578       0x12 build\kernel\components\drivers\serial\serial_v2.o
 *fill*         0x0001258a        0x2 ff
 .rodata.__FUNCTION__.1
                0x0001258c       0x16 build\kernel\components\drivers\serial\serial_v2.o
 *fill*         0x000125a2        0x2 ff
 .rodata.__FUNCTION__.0
                0x000125a4       0x11 build\kernel\components\drivers\serial\serial_v2.o
 *fill*         0x000125b5        0x3 ff
 .rodata        0x000125b8      0x847 build\kernel\components\finsh\cmd.o
 *fill*         0x00012dff        0x1 ff
 .rodata.name   0x00012e00       0x65 build\kernel\components\finsh\cmd.o
                0x00012e00                __fsym_clear_name
                0x00012e08                __fsym_clear_desc
                0x00012e24                __fsym_version_name
                0x00012e2c                __fsym_version_desc
                0x00012e50                __fsym_list_name
                0x00012e58                __fsym_list_desc
 *fill*         0x00012e65        0x3 ff
 .rodata.device_type_str
                0x00012e68       0x7c build\kernel\components\finsh\cmd.o
 .rodata        0x00012ee4       0xbc build\kernel\components\finsh\msh.o
 .rodata.name   0x00012fa0       0x6d build\kernel\components\finsh\msh.o
                0x00012fa0                __fsym_help_name
                0x00012fa8                __fsym_help_desc
                0x00012fc0                __fsym_ps_name
                0x00012fc4                __fsym_ps_desc
                0x00012fe0                __fsym_free_name
                0x00012fe8                __fsym_free_desc
 *fill*         0x0001300d        0x3 ff
 .rodata.__FUNCTION__.0
                0x00013010        0xe build\kernel\components\finsh\msh.o
 *fill*         0x0001301e        0x2 ff
 .rodata        0x00013020      0x4ae build\kernel\components\finsh\msh_file.o
 *fill*         0x000134ce        0x2 ff
 .rodata.name   0x000134d0      0x1f4 build\kernel\components\finsh\msh_file.o
                0x000134d0                __fsym_ls_name
                0x000134d4                __fsym_ls_desc
                0x000134f8                __fsym_cp_name
                0x000134fc                __fsym_cp_desc
                0x00013514                __fsym_mv_name
                0x00013518                __fsym_mv_desc
                0x00013530                __fsym_cat_name
                0x00013534                __fsym_cat_desc
                0x00013548                __fsym_rm_name
                0x0001354c                __fsym_rm_desc
                0x00013568                __fsym_cd_name
                0x0001356c                __fsym_cd_desc
                0x00013590                __fsym_pwd_name
                0x00013594                __fsym_pwd_desc
                0x000135c8                __fsym_mkdir_name
                0x000135d0                __fsym_mkdir_desc
                0x000135e8                __fsym_mkfs_name
                0x000135f0                __fsym_mkfs_desc
                0x00013610                __fsym_mount_name
                0x00013618                __fsym_mount_desc
                0x00013640                __fsym_umount_name
                0x00013648                __fsym_umount_desc
                0x00013660                __fsym_df_name
                0x00013664                __fsym_df_desc
                0x00013670                __fsym_echo_name
                0x00013678                __fsym_echo_desc
                0x0001368c                __fsym_tail_name
                0x00013694                __fsym_tail_desc
 .rodata        0x000136c4       0x91 build\kernel\components\finsh\shell.o
 *fill*         0x00013755        0x3 ff
 .rodata.__FUNCTION__.6
                0x00013758       0x16 build\kernel\components\finsh\shell.o
 *fill*         0x0001376e        0x2 ff
 .rodata.__FUNCTION__.5
                0x00013770        0xe build\kernel\components\finsh\shell.o
 *fill*         0x0001377e        0x2 ff
 .rodata.__FUNCTION__.4
                0x00013780        0xd build\kernel\components\finsh\shell.o
 *fill*         0x0001378d        0x3 ff
 .rodata.__FUNCTION__.3
                0x00013790       0x11 build\kernel\components\finsh\shell.o
 *fill*         0x000137a1        0x3 ff
 .rodata        0x000137a4       0x9a build\kernel\libcpu\arm\cortex-m23\cpuport.o
 *fill*         0x0001383e        0x2 ff
 .rodata        0x00013840       0x17 build\kernel\src\components.o
 *fill*         0x00013857        0x1 ff
 .rodata.__FUNCTION__.0
                0x00013858       0x14 build\kernel\src\components.o
 .rodata        0x0001386c       0xf4 build\kernel\src\device.o
 .rodata.__FUNCTION__.6
                0x00013960        0xf build\kernel\src\device.o
 *fill*         0x0001396f        0x1 ff
 .rodata.__FUNCTION__.5
                0x00013970       0x10 build\kernel\src\device.o
 .rodata.__FUNCTION__.4
                0x00013980        0xf build\kernel\src\device.o
 *fill*         0x0001398f        0x1 ff
 .rodata.__FUNCTION__.3
                0x00013990       0x10 build\kernel\src\device.o
 .rodata.__FUNCTION__.1
                0x000139a0       0x1a build\kernel\src\device.o
 *fill*         0x000139ba        0x2 ff
 .rodata        0x000139bc        0x8 build\kernel\src\idle.o
 .rodata        0x000139c4      0x4de build\kernel\src\ipc.o
 *fill*         0x00013ea2        0x2 ff
 .rodata.__FUNCTION__.37
                0x00013ea4        0xc build\kernel\src\ipc.o
 .rodata.__FUNCTION__.33
                0x00013eb0        0xd build\kernel\src\ipc.o
 *fill*         0x00013ebd        0x3 ff
 .rodata.__FUNCTION__.32
                0x00013ec0       0x12 build\kernel\src\ipc.o
 *fill*         0x00013ed2        0x2 ff
 .rodata.__FUNCTION__.31
                0x00013ed4        0xf build\kernel\src\ipc.o
 *fill*         0x00013ee3        0x1 ff
 .rodata.__FUNCTION__.29
                0x00013ee4        0xe build\kernel\src\ipc.o
 *fill*         0x00013ef2        0x2 ff
 .rodata.__FUNCTION__.25
                0x00013ef4        0xf build\kernel\src\ipc.o
 *fill*         0x00013f03        0x1 ff
 .rodata.__FUNCTION__.24
                0x00013f04       0x11 build\kernel\src\ipc.o
 *fill*         0x00013f15        0x3 ff
 .rodata        0x00013f18      0x1cf build\kernel\src\kservice.o
 *fill*         0x000140e7        0x1 ff
 .rodata.rt_vsnprintf
                0x000140e8      0x150 build\kernel\src\kservice.o
 .rodata.__lowest_bit_bitmap
                0x00014238      0x100 build\kernel\src\kservice.o
                0x00014238                __lowest_bit_bitmap
 .rodata.large_digits.4
                0x00014338       0x11 build\kernel\src\kservice.o
 *fill*         0x00014349        0x3 ff
 .rodata.small_digits.3
                0x0001434c       0x11 build\kernel\src\kservice.o
 *fill*         0x0001435d        0x3 ff
 .rodata.__FUNCTION__.1
                0x00014360       0x14 build\kernel\src\kservice.o
 .rodata.__FUNCTION__.0
                0x00014374        0xd build\kernel\src\kservice.o
 *fill*         0x00014381        0x3 ff
 .rodata        0x00014384      0x41b build\kernel\src\mem.o
 *fill*         0x0001479f        0x1 ff
 .rodata.__FUNCTION__.4
                0x000147a0        0xb build\kernel\src\mem.o
 *fill*         0x000147ab        0x1 ff
 .rodata.__FUNCTION__.2
                0x000147ac        0xe build\kernel\src\mem.o
 *fill*         0x000147ba        0x2 ff
 .rodata.__FUNCTION__.1
                0x000147bc       0x10 build\kernel\src\mem.o
 .rodata.__FUNCTION__.0
                0x000147cc        0xd build\kernel\src\mem.o
 *fill*         0x000147d9        0x3 ff
 .rodata        0x000147dc       0x91 build\kernel\src\object.o
 *fill*         0x0001486d        0x3 ff
 .rodata.__FUNCTION__.6
                0x00014870        0xf build\kernel\src\object.o
 *fill*         0x0001487f        0x1 ff
 .rodata.__FUNCTION__.5
                0x00014880       0x11 build\kernel\src\object.o
 *fill*         0x00014891        0x3 ff
 .rodata.__FUNCTION__.4
                0x00014894       0x13 build\kernel\src\object.o
 *fill*         0x000148a7        0x1 ff
 .rodata.__FUNCTION__.3
                0x000148a8       0x11 build\kernel\src\object.o
 *fill*         0x000148b9        0x3 ff
 .rodata.__FUNCTION__.2
                0x000148bc       0x1a build\kernel\src\object.o
 *fill*         0x000148d6        0x2 ff
 .rodata.__FUNCTION__.1
                0x000148d8       0x13 build\kernel\src\object.o
 *fill*         0x000148eb        0x1 ff
 .rodata.__FUNCTION__.0
                0x000148ec        0xf build\kernel\src\object.o
 *fill*         0x000148fb        0x1 ff
 .rodata        0x000148fc       0x65 build\kernel\src\scheduler.o
 *fill*         0x00014961        0x3 ff
 .rodata.__FUNCTION__.2
                0x00014964       0x17 build\kernel\src\scheduler.o
 *fill*         0x0001497b        0x1 ff
 .rodata.__FUNCTION__.1
                0x0001497c       0x1a build\kernel\src\scheduler.o
 *fill*         0x00014996        0x2 ff
 .rodata.__FUNCTION__.0
                0x00014998       0x1a build\kernel\src\scheduler.o
 *fill*         0x000149b2        0x2 ff
 .rodata        0x000149b4      0x237 build\kernel\src\thread.o
 *fill*         0x00014beb        0x1 ff
 .rodata.__FUNCTION__.11
                0x00014bec       0x10 build\kernel\src\thread.o
 .rodata.__FUNCTION__.10
                0x00014bfc        0xd build\kernel\src\thread.o
 *fill*         0x00014c09        0x3 ff
 .rodata.__FUNCTION__.9
                0x00014c0c        0xf build\kernel\src\thread.o
 *fill*         0x00014c1b        0x1 ff
 .rodata.__FUNCTION__.8
                0x00014c1c       0x12 build\kernel\src\thread.o
 *fill*         0x00014c2e        0x2 ff
 .rodata.__FUNCTION__.7
                0x00014c30       0x11 build\kernel\src\thread.o
 *fill*         0x00014c41        0x3 ff
 .rodata.__FUNCTION__.6
                0x00014c44       0x11 build\kernel\src\thread.o
 *fill*         0x00014c55        0x3 ff
 .rodata.__FUNCTION__.5
                0x00014c58       0x10 build\kernel\src\thread.o
 .rodata.__FUNCTION__.3
                0x00014c68       0x12 build\kernel\src\thread.o
 *fill*         0x00014c7a        0x2 ff
 .rodata.__FUNCTION__.2
                0x00014c7c       0x1c build\kernel\src\thread.o
 .rodata.__FUNCTION__.1
                0x00014c98       0x1c build\kernel\src\thread.o
 .rodata.__FUNCTION__.0
                0x00014cb4       0x11 build\kernel\src\thread.o